Component: ARM Compiler 5.06 update 7 (build 960) Tool: armlink [4d3601]

==============================================================================

Section Cross References

    main.o(RAMCODE) refers to noretval__2printf.o(.text) for __2printf
    main.o(i.main) refers to _printf_percent.o(.ARM.Collect$$_printf_percent$$00000000) for _printf_percent
    main.o(i.main) refers to _printf_d.o(.ARM.Collect$$_printf_percent$$00000009) for _printf_d
    main.o(i.main) refers to _printf_x.o(.ARM.Collect$$_printf_percent$$0000000C) for _printf_x
    main.o(i.main) refers to _printf_dec.o(.text) for _printf_int_dec
    main.o(i.main) refers to _printf_hex_int.o(.text) for _printf_longlong_hex
    main.o(i.main) refers to sys.o(i.Cache_Enable) for Cache_Enable
    main.o(i.main) refers to stm32h7xx_hal.o(i.HAL_Init) for HAL_Init
    main.o(i.main) refers to sys.o(i.Stm32_Clock_Init) for Stm32_Clock_Init
    main.o(i.main) refers to delay.o(i.delay_init) for delay_init
    main.o(i.main) refers to usart.o(i.uart_init) for uart_init
    main.o(i.main) refers to led.o(i.LED_Init) for LED_Init
    main.o(i.main) refers to timer.o(i.TIM3_Init) for TIM3_Init
    main.o(i.main) refers to timer.o(i.TIM4_Init) for TIM4_Init
    main.o(i.main) refers to logcompress.o(i.CompressInit) for CompressInit
    main.o(i.main) refers to noretval__2printf.o(.text) for __2printf
    main.o(i.main) refers to rt_memcpy_v6.o(.text) for __aeabi_memcpy
    main.o(i.main) refers to jump.o(Jump) for jump
    main.o(i.main) refers to rand.o(.text) for srand
    main.o(i.main) refers to rand.o(.emb_text) for rand
    main.o(i.main) refers to logcompress.o(i.LogCompress) for LogCompress
    main.o(i.main) refers to logcompress.o(i.CompressRelease) for CompressRelease
    main.o(i.main) refers to timer.o(.data) for seed
    stm32h7xx_it.o(i.SysTick_Handler) refers to stm32h7xx_hal.o(i.HAL_IncTick) for HAL_IncTick
    system_stm32h7xx.o(i.SystemCoreClockUpdate) refers to system_stm32h7xx.o(.data) for SystemCoreClock
    system_stm32h7xx.o(i.SystemCoreClockUpdate) refers to system_stm32h7xx.o(.constdata) for D1CorePrescTable
    startup_stm32h743xx.o(STACK) refers (Special) to heapauxi.o(.text) for __use_two_region_memory
    startup_stm32h743xx.o(HEAP) refers (Special) to heapauxi.o(.text) for __use_two_region_memory
    startup_stm32h743xx.o(RESET) refers (Special) to heapauxi.o(.text) for __use_two_region_memory
    startup_stm32h743xx.o(RESET) refers to startup_stm32h743xx.o(STACK) for __initial_sp
    startup_stm32h743xx.o(RESET) refers to startup_stm32h743xx.o(.text) for Reset_Handler
    startup_stm32h743xx.o(RESET) refers to stm32h7xx_it.o(i.NMI_Handler) for NMI_Handler
    startup_stm32h743xx.o(RESET) refers to stm32h7xx_it.o(i.HardFault_Handler) for HardFault_Handler
    startup_stm32h743xx.o(RESET) refers to stm32h7xx_it.o(i.MemManage_Handler) for MemManage_Handler
    startup_stm32h743xx.o(RESET) refers to stm32h7xx_it.o(i.BusFault_Handler) for BusFault_Handler
    startup_stm32h743xx.o(RESET) refers to stm32h7xx_it.o(i.UsageFault_Handler) for UsageFault_Handler
    startup_stm32h743xx.o(RESET) refers to stm32h7xx_it.o(i.SVC_Handler) for SVC_Handler
    startup_stm32h743xx.o(RESET) refers to stm32h7xx_it.o(i.DebugMon_Handler) for DebugMon_Handler
    startup_stm32h743xx.o(RESET) refers to stm32h7xx_it.o(i.PendSV_Handler) for PendSV_Handler
    startup_stm32h743xx.o(RESET) refers to stm32h7xx_it.o(i.SysTick_Handler) for SysTick_Handler
    startup_stm32h743xx.o(RESET) refers to timer.o(i.TIM3_IRQHandler) for TIM3_IRQHandler
    startup_stm32h743xx.o(RESET) refers to timer.o(i.TIM4_IRQHandler) for TIM4_IRQHandler
    startup_stm32h743xx.o(RESET) refers to usart.o(i.USART1_IRQHandler) for USART1_IRQHandler
    startup_stm32h743xx.o(.text) refers (Special) to heapauxi.o(.text) for __use_two_region_memory
    startup_stm32h743xx.o(.text) refers to system_stm32h7xx.o(i.SystemInit) for SystemInit
    startup_stm32h743xx.o(.text) refers to __main.o(!!!main) for __main
    startup_stm32h743xx.o(.text) refers to startup_stm32h743xx.o(HEAP) for Heap_Mem
    startup_stm32h743xx.o(.text) refers to startup_stm32h743xx.o(STACK) for Stack_Mem
    startup_stm32h743xx_ram.o(RESET_ram) refers to stm32h7xx_it.o(i.NMI_Handler) for NMI_Handler
    startup_stm32h743xx_ram.o(RESET_ram) refers to stm32h7xx_it.o(i.HardFault_Handler) for HardFault_Handler
    startup_stm32h743xx_ram.o(RESET_ram) refers to stm32h7xx_it.o(i.MemManage_Handler) for MemManage_Handler
    startup_stm32h743xx_ram.o(RESET_ram) refers to stm32h7xx_it.o(i.BusFault_Handler) for BusFault_Handler
    startup_stm32h743xx_ram.o(RESET_ram) refers to stm32h7xx_it.o(i.UsageFault_Handler) for UsageFault_Handler
    startup_stm32h743xx_ram.o(RESET_ram) refers to stm32h7xx_it.o(i.SVC_Handler) for SVC_Handler
    startup_stm32h743xx_ram.o(RESET_ram) refers to stm32h7xx_it.o(i.DebugMon_Handler) for DebugMon_Handler
[...]
    i.HAL_RCCEx_GetD1SysClockFreq            0x08002000   Section        0  stm32h7xx_hal_rcc_ex.o(i.HAL_RCCEx_GetD1SysClockFreq)
    i.HAL_RCCEx_GetD3PCLK1Freq               0x08002038   Section        0  stm32h7xx_hal_rcc_ex.o(i.HAL_RCCEx_GetD3PCLK1Freq)
    i.HAL_RCCEx_GetPLL2ClockFreq             0x08002064   Section        0  stm32h7xx_hal_rcc_ex.o(i.HAL_RCCEx_GetPLL2ClockFreq)
    i.HAL_RCCEx_GetPLL3ClockFreq             0x08002290   Section        0  stm32h7xx_hal_rcc_ex.o(i.HAL_RCCEx_GetPLL3ClockFreq)
    i.HAL_RCC_ClockConfig                    0x080024bc   Section        0  stm32h7xx_hal_rcc.o(i.HAL_RCC_ClockConfig)
    i.HAL_RCC_GetHCLKFreq                    0x0800270c   Section        0  stm32h7xx_hal_rcc.o(i.HAL_RCC_GetHCLKFreq)
    i.HAL_RCC_GetPCLK1Freq                   0x08002744   Section        0  stm32h7xx_hal_rcc.o(i.HAL_RCC_GetPCLK1Freq)
    i.HAL_RCC_GetPCLK2Freq                   0x08002770   Section        0  stm32h7xx_hal_rcc.o(i.HAL_RCC_GetPCLK2Freq)
    i.HAL_RCC_GetSysClockFreq                0x0800279c   Section        0  stm32h7xx_hal_rcc.o(i.HAL_RCC_GetSysClockFreq)
    i.HAL_RCC_OscConfig                      0x080029e0   Section        0  stm32h7xx_hal_rcc.o(i.HAL_RCC_OscConfig)
    i.HAL_SYSTICK_CLKSourceConfig            0x080030a4   Section        0  stm32h7xx_hal_cortex.o(i.HAL_SYSTICK_CLKSourceConfig)
    i.HAL_SYSTICK_Config                     0x080030cc   Section        0  stm32h7xx_hal_cortex.o(i.HAL_SYSTICK_Config)
    i.HAL_TIMEx_BreakCallback                0x08003100   Section        0  stm32h7xx_hal_tim_ex.o(i.HAL_TIMEx_BreakCallback)
    i.HAL_TIMEx_CommutationCallback          0x08003102   Section        0  stm32h7xx_hal_tim_ex.o(i.HAL_TIMEx_CommutationCallback)
    i.HAL_TIM_Base_Init                      0x08003104   Section        0  stm32h7xx_hal_tim.o(i.HAL_TIM_Base_Init)
    i.HAL_TIM_Base_MspInit                   0x08003138   Section        0  timer.o(i.HAL_TIM_Base_MspInit)
    i.HAL_TIM_Base_Start_IT                  0x080031b4   Section        0  stm32h7xx_hal_tim.o(i.HAL_TIM_Base_Start_IT)
    i.HAL_TIM_IC_CaptureCallback             0x080031d2   Section        0  stm32h7xx_hal_tim.o(i.HAL_TIM_IC_CaptureCallback)
    i.HAL_TIM_IRQHandler                     0x080031d4   Section        0  stm32h7xx_hal_tim.o(i.HAL_TIM_IRQHandler)
    i.HAL_TIM_OC_DelayElapsedCallback        0x0800338c   Section        0  stm32h7xx_hal_tim.o(i.HAL_TIM_OC_DelayElapsedCallback)
    i.HAL_TIM_PWM_PulseFinishedCallback      0x0800338e   Section        0  stm32h7xx_hal_tim.o(i.HAL_TIM_PWM_PulseFinishedCallback)
    i.HAL_TIM_PeriodElapsedCallback          0x08003390   Section        0  timer.o(i.HAL_TIM_PeriodElapsedCallback)
    i.HAL_TIM_TriggerCallback                0x080033c4   Section        0  stm32h7xx_hal_tim.o(i.HAL_TIM_TriggerCallback)
    i.HAL_UARTEx_WakeupCallback              0x080033c6   Section        0  stm32h7xx_hal_uart_ex.o(i.HAL_UARTEx_WakeupCallback)
    i.HAL_UART_ErrorCallback                 0x080033c8   Section        0  stm32h7xx_hal_uart.o(i.HAL_UART_ErrorCallback)
    i.HAL_UART_GetState                      0x080033ca   Section        0  stm32h7xx_hal_uart.o(i.HAL_UART_GetState)
    i.HAL_UART_IRQHandler                    0x080033e0   Section        0  stm32h7xx_hal_uart.o(i.HAL_UART_IRQHandler)
    i.HAL_UART_Init                          0x0800359c   Section        0  stm32h7xx_hal_uart.o(i.HAL_UART_Init)
    i.HAL_UART_MspInit                       0x08003614   Section        0  usart.o(i.HAL_UART_MspInit)
    i.HAL_UART_Receive_IT                    0x080036ac   Section        0  stm32h7xx_hal_uart.o(i.HAL_UART_Receive_IT)
    i.HAL_UART_RxCpltCallback                0x0800378c   Section        0  usart.o(i.HAL_UART_RxCpltCallback)
    i.HAL_UART_TxCpltCallback                0x08003814   Section        0  stm32h7xx_hal_uart.o(i.HAL_UART_TxCpltCallback)
    i.HardFault_Handler                      0x08003816   Section        0  stm32h7xx_it.o(i.HardFault_Handler)
    i.LED_Init                               0x0800381c   Section        0  led.o(i.LED_Init)
    i.LogCompress                            0x08003874   Section        0  logcompress.o(i.LogCompress)
    i.MemManage_Handler                      0x080038d4   Section        0  stm32h7xx_it.o(i.MemManage_Handler)
    i.NMI_Handler                            0x080038d8   Section        0  stm32h7xx_it.o(i.NMI_Handler)
    i.PendSV_Handler                         0x080038da   Section        0  stm32h7xx_it.o(i.PendSV_Handler)
    i.RealCompress                           0x080038dc   Section        0  logcompress.o(i.RealCompress)
    RealCompress                             0x080038dd   Thumb Code   150  logcompress.o(i.RealCompress)
    i.SCB_EnableDCache                       0x08003988   Section        0  sys.o(i.SCB_EnableDCache)
    SCB_EnableDCache                         0x08003989   Thumb Code   148  sys.o(i.SCB_EnableDCache)
    i.SCB_EnableICache                       0x08003a24   Section        0  sys.o(i.SCB_EnableICache)
    SCB_EnableICache                         0x08003a25   Thumb Code   116  sys.o(i.SCB_EnableICache)
    i.SVC_Handler                            0x08003aa0   Section        0  stm32h7xx_it.o(i.SVC_Handler)
    i.Stm32_Clock_Init                       0x08003aa4   Section        0  sys.o(i.Stm32_Clock_Init)
    i.SysTick_Handler                        0x08003b9c   Section        0  stm32h7xx_it.o(i.SysTick_Handler)
    i.SystemInit                             0x08003ba4   Section        0  system_stm32h7xx.o(i.SystemInit)
    i.TIM3_IRQHandler                        0x08003c38   Section        0  timer.o(i.TIM3_IRQHandler)
    i.TIM3_Init                              0x08003c48   Section        0  timer.o(i.TIM3_Init)
    i.TIM4_IRQHandler                        0x08003c74   Section        0  timer.o(i.TIM4_IRQHandler)
    i.TIM4_Init                              0x08003c84   Section        0  timer.o(i.TIM4_Init)
    i.TIM_Base_SetConfig                     0x08003cb0   Section        0  stm32h7xx_hal_tim.o(i.TIM_Base_SetConfig)
    i.UART_AdvFeatureConfig                  0x08003d7c   Section        0  stm32h7xx_hal_uart.o(i.UART_AdvFeatureConfig)
    i.UART_CheckIdleState                    0x08003e66   Section        0  stm32h7xx_hal_uart.o(i.UART_CheckIdleState)
    i.UART_DMAAbortOnError                   0x08003eda   Section        0  stm32h7xx_hal_uart.o(i.UART_DMAAbortOnError)
    UART_DMAAbortOnError                     0x08003edb   Thumb Code    24  stm32h7xx_hal_uart.o(i.UART_DMAAbortOnError)
    i.UART_EndRxTransfer                     0x08003ef2   Section        0  stm32h7xx_hal_uart.o(i.UART_EndRxTransfer)
    UART_EndRxTransfer                       0x08003ef3   Thumb Code    32  stm32h7xx_hal_uart.o(i.UART_EndRxTransfer)
    i.UART_EndTransmit_IT                    0x08003f12   Section        0  stm32h7xx_hal_uart.o(i.UART_EndTransmit_IT)
    UART_EndTransmit_IT                      0x08003f13   Thumb Code    32  stm32h7xx_hal_uart.o(i.UART_EndTransmit_IT)
    i.UART_Receive_IT                        0x08003f32   Section        0  stm32h7xx_hal_uart.o(i.UART_Receive_IT)
    UART_Receive_IT                          0x08003f33   Thumb Code   138  stm32h7xx_hal_uart.o(i.UART_Receive_IT)
    i.UART_SetConfig                         0x08003fbc   Section        0  stm32h7xx_hal_uart.o(i.UART_SetConfig)
    i.UART_Transmit_IT                       0x08004960   Section        0  stm32h7xx_hal_uart.o(i.UART_Transmit_IT)
    UART_Transmit_IT                         0x08004961   Thumb Code   130  stm32h7xx_hal_uart.o(i.UART_Transmit_IT)
    i.UART_WaitOnFlagUntilTimeout            0x080049e2   Section        0  stm32h7xx_hal_uart.o(i.UART_WaitOnFlagUntilTimeout)
    i.USART1_IRQHandler                      0x08004a50   Section        0  usart.o(i.USART1_IRQHandler)
    i.UsageFault_Handler                     0x08004aa0   Section        0  stm32h7xx_it.o(i.UsageFault_Handler)
    i.__ARM_fpclassify                       0x08004aa4   Section        0  fpclassify.o(i.__ARM_fpclassify)
    i.__NVIC_GetPriorityGrouping             0x08004ad4   Section        0  stm32h7xx_hal_cortex.o(i.__NVIC_GetPriorityGrouping)
    __NVIC_GetPriorityGrouping               0x08004ad5   Thumb Code    10  stm32h7xx_hal_cortex.o(i.__NVIC_GetPriorityGrouping)
    i.__NVIC_SetPriority                     0x08004ae4   Section        0  stm32h7xx_hal_cortex.o(i.__NVIC_SetPriority)
    __NVIC_SetPriority                       0x08004ae5   Thumb Code    32  stm32h7xx_hal_cortex.o(i.__NVIC_SetPriority)
    i._sys_exit                              0x08004b0c   Section        0  usart.o(i._sys_exit)
    i.delay_init                             0x08004b10   Section        0  delay.o(i.delay_init)
    i.fast_read                              0x08004b24   Section        0  quicklz.o(i.fast_read)
    fast_read                                0x08004b25   Thumb Code    80  quicklz.o(i.fast_read)
    i.fast_write                             0x08004b74   Section        0  quicklz.o(i.fast_write)
    fast_write                               0x08004b75   Thumb Code    66  quicklz.o(i.fast_write)
    i.fputc                                  0x08004bb8   Section        0  usart.o(i.fputc)
    i.hash_func                              0x08004bd4   Section        0  quicklz.o(i.hash_func)
    hash_func                                0x08004bd5   Thumb Code    16  quicklz.o(i.hash_func)
    i.hashat                                 0x08004be4   Section        0  quicklz.o(i.hashat)
    hashat                                   0x08004be5   Thumb Code    26  quicklz.o(i.hashat)
    i.main                                   0x08004c00   Section        0  main.o(i.main)
    i.qlz_compress                           0x08004d34   Section        0  quicklz.o(i.qlz_compress)
    i.qlz_compress_core                      0x08004dce   Section        0  quicklz.o(i.qlz_compress_core)
    qlz_compress_core                        0x08004dcf   Thumb Code   686  quicklz.o(i.qlz_compress_core)
    i.reset_table_compress                   0x0800507c   Section        0  quicklz.o(i.reset_table_compress)
    reset_table_compress                     0x0800507d   Thumb Code    26  quicklz.o(i.reset_table_compress)
    i.uart_init                              0x08005098   Section        0  usart.o(i.uart_init)
    locale$$code                             0x080050d0   Section       44  lc_numeric_c.o(locale$$code)
    x$fpl$fpinit                             0x080050fc   Section       10  fpinit.o(x$fpl$fpinit)
    $v0                                      0x080050fc   Number         0  fpinit.o(x$fpl$fpinit)
    x$fpl$printf1                            0x08005106   Section        4  printf1.o(x$fpl$printf1)
    $v0                                      0x08005106   Number         0  printf1.o(x$fpl$printf1)
    .constdata                               0x0800510a   Section       64  system_stm32h7xx.o(.constdata)
    x$fpl$usenofp                            0x0800510a   Section        0  usenofp.o(x$fpl$usenofp)
    UARTPrescTable                           0x0800510a   Data          24  system_stm32h7xx.o(.constdata)
    USARTPrescTable                          0x08005122   Data          24  system_stm32h7xx.o(.constdata)
    .constdata                               0x0800514a   Section       48  stm32h7xx_hal_uart.o(.constdata)
    UARTPrescTable                           0x0800514a   Data          24  stm32h7xx_hal_uart.o(.constdata)
    USARTPrescTable                          0x08005162   Data          24  stm32h7xx_hal_uart.o(.constdata)
    .constdata                               0x0800517a   Section       40  _printf_hex_int.o(.constdata)
    uc_hextab                                0x0800517a   Data          20  _printf_hex_int.o(.constdata)
    lc_hextab                                0x0800518e   Data          20  _printf_hex_int.o(.constdata)
    .constdata                               0x080051a4   Section      148  bigflt0.o(.constdata)
    tenpwrs_x                                0x080051a4   Data          60  bigflt0.o(.constdata)
    tenpwrs_i                                0x080051e0   Data          64  bigflt0.o(.constdata)
    locale$$data                             0x08005258   Section       28  lc_numeric_c.o(locale$$data)
    __lcnum_c_name                           0x0800525c   Data           2  lc_numeric_c.o(locale$$data)
    __lcnum_c_start                          0x08005264   Data           0  lc_numeric_c.o(locale$$data)
    __lcnum_c_point                          0x08005270   Data           0  lc_numeric_c.o(locale$$data)
    __lcnum_c_thousands                      0x08005272   Data           0  lc_numeric_c.o(locale$$data)
    __lcnum_c_grouping                       0x08005273   Data           0  lc_numeric_c.o(locale$$data)
    __lcnum_c_end                            0x08005274   Data           0  lc_numeric_c.o(locale$$data)
    .data                                    0x24000000   Section        8  system_stm32h7xx.o(.data)
    .data                                    0x24000008   Section        4  delay.o(.data)
    fac_us                                   0x24000008   Data           4  delay.o(.data)
    .data                                    0x2400000c   Section        7  usart.o(.data)
    .data                                    0x24000014   Section       16  logcompress.o(.data)
    count                                    0x24000014   Data           4  logcompress.o(.data)
    total_time                               0x24000018   Data           4  logcompress.o(.data)
    compress_worker                          0x2400001c   Data           4  logcompress.o(.data)
    .data                                    0x24000024   Section        9  stm32h7xx_hal.o(.data)
    uwTick                                   0x24000024   Data           4  stm32h7xx_hal.o(.data)
    uwTickPrio                               0x24000028   Data           4  stm32h7xx_hal.o(.data)
    uwTickFreq                               0x2400002c   Data           1  stm32h7xx_hal.o(.data)
    .data                                    0x24000030   Section        8  timer.o(.data)
    .bss                                     0x24000038   Section      328  usart.o(.bss)
    .bss                                     0x24000180   Section    16384  logcompress.o(.bss)
    CompressSize                             0x24000180   Data       16384  logcompress.o(.bss)
    .bss                                     0x24004180   Section      128  timer.o(.bss)
    .bss                                     0x24004200   Section      228  rand.o(.bss)
    .bss                                     0x240042e4   Section       96  libspace.o(.bss)
    HEAP                                     0x24004348   Section    131072  startup_stm32h743xx.o(HEAP)
    Heap_Mem                                 0x24004348   Data       131072  startup_stm32h743xx.o(HEAP)
    STACK                                    0x24024348   Section    65536  startup_stm32h743xx.o(STACK)
    Stack_Mem                                0x24024348   Data       65536  startup_stm32h743xx.o(STACK)
    __initial_sp                             0x24034348   Data           0  startup_stm32h743xx.o(STACK)

    Global Symbols

    Symbol Name                              Value     Ov Type        Size  Object(Section)

    BuildAttributes$$THM_ISAv4$E$P$D$K$B$S$7EM$VFPv5_D16$PE$PLD8$A:L22UL41UL21$X:L11$S22US41US21$IEEE1$IW$USESV6$~STKCKD$USESV7$~SHL$OTIME$ROPI$IEEEJ$EBA8$UX$STANDARDLIB$REQ8$PRES8$EABIv2 0x00000000   Number         0  anon$$obj.o ABSOLUTE
    __ARM_use_no_argv                        0x00000000   Number         0  main.o ABSOLUTE
    _printf_flags                            0x00000000   Number         0  printf_stubs.o ABSOLUTE
    _printf_return_value                     0x00000000   Number         0  printf_stubs.o ABSOLUTE
    _printf_sizespec                         0x00000000   Number         0  printf_stubs.o ABSOLUTE
    _printf_widthprec                        0x00000000   Number         0  printf_stubs.o ABSOLUTE
    __ARM_exceptions_init                     - Undefined Weak Reference
    __alloca_initialize                       - Undefined Weak Reference
    __arm_fini_                               - Undefined Weak Reference
    __arm_preinit_                            - Undefined Weak Reference
    __cpp_initialize__aeabi_                  - Undefined Weak Reference
    __cxa_finalize                            - Undefined Weak Reference
    __sigvec_lookup                           - Undefined Weak Reference
    __user_heap_extent                        - Undefined Weak Reference
    _atexit_init                              - Undefined Weak Reference
    _call_atexit_fns                          - Undefined Weak Reference
    _clock_init                               - Undefined Weak Reference
    _fp_trap_init                             - Undefined Weak Reference
    _fp_trap_shutdown                         - Undefined Weak Reference
    _get_lc_collate                           - Undefined Weak Reference
    _get_lc_ctype                             - Undefined Weak Reference
    _get_lc_monetary                          - Undefined Weak Reference
    _get_lc_time                              - Undefined Weak Reference
    _getenv_init                              - Undefined Weak Reference
    _handle_redirection                       - Undefined Weak Reference
    _initio                                   - Undefined Weak Reference
    _mutex_acquire                            - Undefined Weak Reference
    _mutex_free                               - Undefined Weak Reference
    _mutex_release                            - Undefined Weak Reference
    _printf_post_padding                      - Undefined Weak Reference
    _printf_pre_padding                       - Undefined Weak Reference
    _printf_truncate_signed                   - Undefined Weak Reference
    _printf_truncate_unsigned                 - Undefined Weak Reference
    _signal_finish                            - Undefined Weak Reference
    _signal_init                              - Undefined Weak Reference
    _terminateio                              - Undefined Weak Reference
    RAMCODE$$Length                          0x0000001c   Number         0  anon$$obj.o ABSOLUTE
    __Vectors_Size                           0x00000298   Number         0  startup_stm32h743xx.o ABSOLUTE
    __Vectors_Size_ram                       0x00000298   Number         0  startup_stm32h743xx_ram.o ABSOLUTE
    Image$$ER_IROM1$$RO$$Length              0x00005274   Number         0  anon$$obj.o ABSOLUTE
    Load$$ER_IROM1$$RO$$Length               0x00005274   Number         0  anon$$obj.o ABSOLUTE
    Image$$ER_IROM1$$RO$$Base                0x08000000   Number         0  anon$$obj.o ABSOLUTE
    Load$$ER_IROM1$$RO$$Base                 0x08000000   Number         0  anon$$obj.o ABSOLUTE
    __Vectors                                0x08000000   Data           4  startup_stm32h743xx.o(RESET)
    __Vectors_End                            0x08000298   Data           0  startup_stm32h743xx.o(RESET)
    __main                                   0x08000299   Thumb Code     8  __main.o(!!!main)
    __scatterload                            0x080002a1   Thumb Code     0  __scatter.o(!!!scatter)
    __scatterload_rt2                        0x080002a1   Thumb Code    44  __scatter.o(!!!scatter)
    __scatterload_rt2_thumb_only             0x080002a1   Thumb Code     0  __scatter.o(!!!scatter)
    __scatterload_null                       0x080002af   Thumb Code     0  __scatter.o(!!!scatter)
    __scatterload_copy                       0x080002d5   Thumb Code    26  __scatter_copy.o(!!handler_copy)
    __scatterload_zeroinit                   0x080002f1   Thumb Code    28  __scatter_zi.o(!!handler_zi)
    _printf_f                                0x0800030d   Thumb Code     0  _printf_f.o(.ARM.Collect$$_printf_percent$$00000003)
    _printf_percent                          0x0800030d   Thumb Code     0  _printf_percent.o(.ARM.Collect$$_printf_percent$$00000000)
    _printf_d                                0x08000313   Thumb Code     0  _printf_d.o(.ARM.Collect$$_printf_percent$$00000009)
    _printf_x                                0x08000319   Thumb Code     0  _printf_x.o(.ARM.Collect$$_printf_percent$$0000000C)
    _printf_percent_end                      0x0800031f   Thumb Code     0  _printf_percent_end.o(.ARM.Collect$$_printf_percent$$00000017)
    __rt_lib_init                            0x08000323   Thumb Code     0  libinit.o(.ARM.Collect$$libinit$$00000000)
    __rt_lib_init_fp_1                       0x08000325   Thumb Code     0  libinit2.o(.ARM.Collect$$libinit$$00000001)
    __rt_lib_init_heap_2                     0x08000329   Thumb Code     0  libinit2.o(.ARM.Collect$$libinit$$00000005)
    __rt_lib_init_preinit_1                  0x08000329   Thumb Code     0  libinit2.o(.ARM.Collect$$libinit$$00000004)
    __rt_lib_init_heap_1                     0x08000331   Thumb Code     0  libinit2.o(.ARM.Collect$$libinit$$0000000A)
    __rt_lib_init_rand_2                     0x08000331   Thumb Code     0  libinit2.o(.ARM.Collect$$libinit$$0000000D)
    __rt_lib_init_user_alloc_1               0x08000331   Thumb Code     0  libinit2.o(.ARM.Collect$$libinit$$0000000C)
    __rt_lib_init_lc_common                  0x08000335   Thumb Code     0  libinit2.o(.ARM.Collect$$libinit$$0000000F)
    __rt_lib_init_rand_1                     0x08000335   Thumb Code     0  libinit2.o(.ARM.Collect$$libinit$$0000000E)
    __rt_lib_init_lc_collate_1               0x0800033b   Thumb Code     0  libinit2.o(.ARM.Collect$$libinit$$00000011)
    __rt_lib_init_lc_ctype_1                 0x0800033b   Thumb Code     0  libinit2.o(.ARM.Collect$$libinit$$00000013)
    __rt_lib_init_lc_monetary_1              0x0800033b   Thumb Code     0  libinit2.o(.ARM.Collect$$libinit$$00000015)
    __rt_lib_init_lc_numeric_2               0x0800033b   Thumb Code     0  libinit2.o(.ARM.Collect$$libinit$$00000016)
    __rt_lib_init_alloca_1                   0x08000345   Thumb Code     0  libinit2.o(.ARM.Collect$$libinit$$0000002E)
    __rt_lib_init_argv_1                     0x08000345   Thumb Code     0  libinit2.o(.ARM.Collect$$libinit$$0000002C)
    __rt_lib_init_atexit_1                   0x08000345   Thumb Code     0  libinit2.o(.ARM.Collect$$libinit$$0000001B)
    __rt_lib_init_clock_1                    0x08000345   Thumb Code     0  libinit2.o(.ARM.Collect$$libinit$$00000021)
    __rt_lib_init_cpp_1                      0x08000345   Thumb Code     0  libinit2.o(.ARM.Collect$$libinit$$00000032)
    __rt_lib_init_exceptions_1               0x08000345   Thumb Code     0  libinit2.o(.ARM.Collect$$libinit$$00000030)
    __rt_lib_init_fp_trap_1                  0x08000345   Thumb Code     0  libinit2.o(.ARM.Collect$$libinit$$0000001F)
    __rt_lib_init_getenv_1                   0x08000345   Thumb Code     0  libinit2.o(.ARM.Collect$$libinit$$00000023)
    __rt_lib_init_lc_numeric_1               0x08000345   Thumb Code     0  libinit2.o(.ARM.Collect$$libinit$$00000017)
    __rt_lib_init_lc_time_1                  0x08000345   Thumb Code     0  libinit2.o(.ARM.Collect$$libinit$$00000019)
    __rt_lib_init_return                     0x08000345   Thumb Code     0  libinit2.o(.ARM.Collect$$libinit$$00000033)
    __rt_lib_init_signal_1                   0x08000345   Thumb Code     0  libinit2.o(.ARM.Collect$$libinit$$0000001D)
    __rt_lib_init_stdio_1                    0x08000345   Thumb Code     0  libinit2.o(.ARM.Collect$$libinit$$00000025)
    __rt_lib_shutdown                        0x08000347   Thumb Code     0  libshutdown.o(.ARM.Collect$$libshutdown$$00000000)
    __rt_lib_shutdown_cpp_1                  0x08000349   Thumb Code     0  libshutdown2.o(.ARM.Collect$$libshutdown$$00000004)
    __rt_lib_shutdown_fini_1                 0x08000349   Thumb Code     0  libshutdown2.o(.ARM.Collect$$libshutdown$$00000002)
    __rt_lib_shutdown_fp_trap_1              0x08000349   Thumb Code     0  libshutdown2.o(.ARM.Collect$$libshutdown$$00000009)
    __rt_lib_shutdown_heap_1                 0x08000349   Thumb Code     0  libshutdown2.o(.ARM.Collect$$libshutdown$$00000011)
    __rt_lib_shutdown_return                 0x08000349   Thumb Code     0  libshutdown2.o(.ARM.Collect$$libshutdown$$00000012)
    __rt_lib_shutdown_signal_1               0x08000349   Thumb Code     0  libshutdown2.o(.ARM.Collect$$libshutdown$$0000000C)
    __rt_lib_shutdown_stdio_1                0x08000349   Thumb Code     0  libshutdown2.o(.ARM.Collect$$libshutdown$$00000006)
    __rt_lib_shutdown_user_alloc_1           0x08000349   Thumb Code     0  libshutdown2.o(.ARM.Collect$$libshutdown$$0000000E)
    __rt_entry                               0x0800034b   Thumb Code     0  __rtentry.o(.ARM.Collect$$rtentry$$00000000)
    __rt_entry_presh_1                       0x0800034b   Thumb Code     0  __rtentry2.o(.ARM.Collect$$rtentry$$00000002)
    __rt_entry_sh                            0x0800034b   Thumb Code     0  __rtentry4.o(.ARM.Collect$$rtentry$$00000004)
    __rt_entry_li                            0x08000351   Thumb Code     0  __rtentry2.o(.ARM.Collect$$rtentry$$0000000A)
    __rt_entry_postsh_1                      0x08000351   Thumb Code     0  __rtentry2.o(.ARM.Collect$$rtentry$$00000009)
    __rt_entry_main                          0x08000355   Thumb Code     0  __rtentry2.o(.ARM.Collect$$rtentry$$0000000D)
    __rt_entry_postli_1                      0x08000355   Thumb Code     0  __rtentry2.o(.ARM.Collect$$rtentry$$0000000C)
    __rt_exit                                0x0800035d   Thumb Code     0  rtexit.o(.ARM.Collect$$rtexit$$00000000)
    __rt_exit_ls                             0x0800035f   Thumb Code     0  rtexit2.o(.ARM.Collect$$rtexit$$00000003)
    __rt_exit_prels_1                        0x0800035f   Thumb Code     0  rtexit2.o(.ARM.Collect$$rtexit$$00000002)
    __rt_exit_exit                           0x08000363   Thumb Code     0  rtexit2.o(.ARM.Collect$$rtexit$$00000004)
    rand                                     0x08000369   Thumb Code    48  rand.o(.emb_text)
    Reset_Handler                            0x0800039d   Thumb Code     8  startup_stm32h743xx.o(.text)
    _maybe_terminate_alloc                   0x0800039d   Thumb Code     0  maybetermalloc1.o(.emb_text)
    ADC3_IRQHandler                          0x080003b7   Thumb Code     0  startup_stm32h743xx.o(.text)
    ADC_IRQHandler                           0x080003b7   Thumb Code     0  startup_stm32h743xx.o(.text)
    BDMA_Channel0_IRQHandler                 0x080003b7   Thumb Code     0  startup_stm32h743xx.o(.text)
    BDMA_Channel1_IRQHandler                 0x080003b7   Thumb Code     0  startup_stm32h743xx.o(.text)
    BDMA_Channel2_IRQHandler                 0x080003b7   Thumb Code     0  startup_stm32h743xx.o(.text)
    BDMA_Channel3_IRQHandler                 0x080003b7   Thumb Code     0  startup_stm32h743xx.o(.text)
    BDMA_Channel4_IRQHandler                 0x080003b7   Thumb Code     0  startup_stm32h743xx.o(.text)
    BDMA_Channel5_IRQHandler                 0x080003b7   Thumb Code     0  startup_stm32h743xx.o(.text)
    BDMA_Channel6_IRQHandler                 0x080003b7   Thumb Code     0  startup_stm32h743xx.o(.text)
    BDMA_Channel7_IRQHandler                 0x080003b7   Thumb Code     0  startup_stm32h743xx.o(.text)
    CEC_IRQHandler                           0x080003b7   Thumb Code     0  startup_stm32h743xx.o(.text)
    COMP1_IRQHandler                         0x080003b7   Thumb Code     0  startup_stm32h743xx.o(.text)
    CRS_IRQHandler                           0x080003b7   Thumb Code     0  startup_stm32h743xx.o(.text)
    DCMI_IRQHandler                          0x080003b7   Thumb Code     0  startup_stm32h743xx.o(.text)
    DFSDM1_FLT0_IRQHandler                   0x080003b7   Thumb Code     0  startup_stm32h743xx.o(.text)
    DFSDM1_FLT1_IRQHandler                   0x080003b7   Thumb Code     0  startup_stm32h743xx.o(.text)
    DFSDM1_FLT2_IRQHandler                   0x080003b7   Thumb Code     0  startup_stm32h743xx.o(.text)
    DFSDM1_FLT3_IRQHandler                   0x080003b7   Thumb Code     0  startup_stm32h743xx.o(.text)
    DMA1_Stream0_IRQHandler                  0x080003b7   Thumb Code     0  startup_stm32h743xx.o(.text)
    DMA1_Stream1_IRQHandler                  0x080003b7   Thumb Code     0  startup_stm32h743xx.o(.text)
    DMA1_Stream2_IRQHandler                  0x080003b7   Thumb Code     0  startup_stm32h743xx.o(.text)
    DMA1_Stream3_IRQHandler                  0x080003b7   Thumb Code     0  startup_stm32h743xx.o(.text)
    DMA1_Stream4_IRQHandler                  0x080003b7   Thumb Code     0  startup_stm32h743xx.o(.text)
    DMA1_Stream5_IRQHandler                  0x080003b7   Thumb Code     0  startup_stm32h743xx.o(.text)
    DMA1_Stream6_IRQHandler                  0x080003b7   Thumb Code     0  startup_stm32h743xx.o(.text)
    DMA1_Stream7_IRQHandler                  0x080003b7   Thumb Code     0  startup_stm32h743xx.o(.text)
    DMA2D_IRQHandler                         0x080003b7   Thumb Code     0  startup_stm32h743xx.o(.text)
    DMA2_Stream0_IRQHandler                  0x080003b7   Thumb Code     0  startup_stm32h743xx.o(.text)
    DMA2_Stream1_IRQHandler                  0x080003b7   Thumb Code     0  startup_stm32h743xx.o(.text)
    DMA2_Stream2_IRQHandler                  0x080003b7   Thumb Code     0  startup_stm32h743xx.o(.text)
    DMA2_Stream3_IRQHandler                  0x080003b7   Thumb Code     0  startup_stm32h743xx.o(.text)
    DMA2_Stream4_IRQHandler                  0x080003b7   Thumb Code     0  startup_stm32h743xx.o(.text)
    DMA2_Stream5_IRQHandler                  0x080003b7   Thumb Code     0  startup_stm32h743xx.o(.text)
    DMA2_Stream6_IRQHandler                  0x080003b7   Thumb Code     0  startup_stm32h743xx.o(.text)
    DMA2_Stream7_IRQHandler                  0x080003b7   Thumb Code     0  startup_stm32h743xx.o(.text)
    DMAMUX1_OVR_IRQHandler                   0x080003b7   Thumb Code     0  startup_stm32h743xx.o(.text)
    DMAMUX2_OVR_IRQHandler                   0x080003b7   Thumb Code     0  startup_stm32h743xx.o(.text)
    ETH_IRQHandler                           0x080003b7   Thumb Code     0  startup_stm32h743xx.o(.text)
    ETH_WKUP_IRQHandler                      0x080003b7   Thumb Code     0  startup_stm32h743xx.o(.text)
    EXTI0_IRQHandler                         0x080003b7   Thumb Code     0  startup_stm32h743xx.o(.text)
    EXTI15_10_IRQHandler                     0x080003b7   Thumb Code     0  startup_stm32h743xx.o(.text)
    EXTI1_IRQHandler                         0x080003b7   Thumb Code     0  startup_stm32h743xx.o(.text)
    EXTI2_IRQHandler                         0x080003b7   Thumb Code     0  startup_stm32h743xx.o(.text)
    EXTI3_IRQHandler                         0x080003b7   Thumb Code     0  startup_stm32h743xx.o(.text)
    EXTI4_IRQHandler                         0x080003b7   Thumb Code     0  startup_stm32h743xx.o(.text)
    EXTI9_5_IRQHandler                       0x080003b7   Thumb Code     0  startup_stm32h743xx.o(.text)
    FDCAN1_IT0_IRQHandler                    0x080003b7   Thumb Code     0  startup_stm32h743xx.o(.text)
    FDCAN1_IT1_IRQHandler                    0x080003b7   Thumb Code     0  startup_stm32h743xx.o(.text)
    FDCAN2_IT0_IRQHandler                    0x080003b7   Thumb Code     0  startup_stm32h743xx.o(.text)
    FDCAN2_IT1_IRQHandler                    0x080003b7   Thumb Code     0  startup_stm32h743xx.o(.text)
    FDCAN_CAL_IRQHandler                     0x080003b7   Thumb Code     0  startup_stm32h743xx.o(.text)
    FLASH_IRQHandler                         0x080003b7   Thumb Code     0  startup_stm32h743xx.o(.text)
    FMC_IRQHandler                           0x080003b7   Thumb Code     0  startup_stm32h743xx.o(.text)
    FPU_IRQHandler                           0x080003b7   Thumb Code     0  startup_stm32h743xx.o(.text)
    HRTIM1_FLT_IRQHandler                    0x080003b7   Thumb Code     0  startup_stm32h743xx.o(.text)
    HRTIM1_Master_IRQHandler                 0x080003b7   Thumb Code     0  startup_stm32h743xx.o(.text)
    HRTIM1_TIMA_IRQHandler                   0x080003b7   Thumb Code     0  startup_stm32h743xx.o(.text)
    HRTIM1_TIMB_IRQHandler                   0x080003b7   Thumb Code     0  startup_stm32h743xx.o(.text)
    HRTIM1_TIMC_IRQHandler                   0x080003b7   Thumb Code     0  startup_stm32h743xx.o(.text)
    HRTIM1_TIMD_IRQHandler                   0x080003b7   Thumb Code     0  startup_stm32h743xx.o(.text)
    HRTIM1_TIME_IRQHandler                   0x080003b7   Thumb Code     0  startup_stm32h743xx.o(.text)
    HSEM1_IRQHandler                         0x080003b7   Thumb Code     0  startup_stm32h743xx.o(.text)
    I2C1_ER_IRQHandler                       0x080003b7   Thumb Code     0  startup_stm32h743xx.o(.text)
    I2C1_EV_IRQHandler                       0x080003b7   Thumb Code     0  startup_stm32h743xx.o(.text)
    I2C2_ER_IRQHandler                       0x080003b7   Thumb Code     0  startup_stm32h743xx.o(.text)
    I2C2_EV_IRQHandler                       0x080003b7   Thumb Code     0  startup_stm32h743xx.o(.text)
    I2C3_ER_IRQHandler                       0x080003b7   Thumb Code     0  startup_stm32h743xx.o(.text)
    I2C3_EV_IRQHandler                       0x080003b7   Thumb Code     0  startup_stm32h743xx.o(.text)
    I2C4_ER_IRQHandler                       0x080003b7   Thumb Code     0  startup_stm32h743xx.o(.text)
    I2C4_EV_IRQHandler                       0x080003b7   Thumb Code     0  startup_stm32h743xx.o(.text)
    JPEG_IRQHandler                          0x080003b7   Thumb Code     0  startup_stm32h743xx.o(.text)
    LPTIM1_IRQHandler                        0x080003b7   Thumb Code     0  startup_stm32h743xx.o(.text)
    LPTIM2_IRQHandler                        0x080003b7   Thumb Code     0  startup_stm32h743xx.o(.text)
    LPTIM3_IRQHandler                        0x080003b7   Thumb Code     0  startup_stm32h743xx.o(.text)
    LPTIM4_IRQHandler                        0x080003b7   Thumb Code     0  startup_stm32h743xx.o(.text)
    LPTIM5_IRQHandler                        0x080003b7   Thumb Code     0  startup_stm32h743xx.o(.text)
    LPUART1_IRQHandler                       0x080003b7   Thumb Code     0  startup_stm32h743xx.o(.text)
    LTDC_ER_IRQHandler                       0x080003b7   Thumb Code     0  startup_stm32h743xx.o(.text)
    LTDC_IRQHandler                          0x080003b7   Thumb Code     0  startup_stm32h743xx.o(.text)
    MDIOS_IRQHandler                         0x080003b7   Thumb Code     0  startup_stm32h743xx.o(.text)
    MDIOS_WKUP_IRQHandler                    0x080003b7   Thumb Code     0  startup_stm32h743xx.o(.text)
    MDMA_IRQHandler                          0x080003b7   Thumb Code     0  startup_stm32h743xx.o(.text)
    OTG_FS_EP1_IN_IRQHandler                 0x080003b7   Thumb Code     0  startup_stm32h743xx.o(.text)
    OTG_FS_EP1_OUT_IRQHandler                0x080003b7   Thumb Code     0  startup_stm32h743xx.o(.text)
    OTG_FS_IRQHandler                        0x080003b7   Thumb Code     0  startup_stm32h743xx.o(.text)
    OTG_FS_WKUP_IRQHandler                   0x080003b7   Thumb Code     0  startup_stm32h743xx.o(.text)
    OTG_HS_EP1_IN_IRQHandler                 0x080003b7   Thumb Code     0  startup_stm32h743xx.o(.text)
    OTG_HS_EP1_OUT_IRQHandler                0x080003b7   Thumb Code     0  startup_stm32h743xx.o(.text)
    OTG_HS_IRQHandler                        0x080003b7   Thumb Code     0  startup_stm32h743xx.o(.text)
    OTG_HS_WKUP_IRQHandler                   0x080003b7   Thumb Code     0  startup_stm32h743xx.o(.text)
    PVD_AVD_IRQHandler                       0x080003b7   Thumb Code     0  startup_stm32h743xx.o(.text)
    QUADSPI_IRQHandler                       0x080003b7   Thumb Code     0  startup_stm32h743xx.o(.text)
    RCC_IRQHandler                           0x080003b7   Thumb Code     0  startup_stm32h743xx.o(.text)
    RNG_IRQHandler                           0x080003b7   Thumb Code     0  startup_stm32h743xx.o(.text)
    RTC_Alarm_IRQHandler                     0x080003b7   Thumb Code     0  startup_stm32h743xx.o(.text)
    RTC_WKUP_IRQHandler                      0x080003b7   Thumb Code     0  startup_stm32h743xx.o(.text)
    SAI1_IRQHandler                          0x080003b7   Thumb Code     0  startup_stm32h743xx.o(.text)
    SAI2_IRQHandler                          0x080003b7   Thumb Code     0  startup_stm32h743xx.o(.text)
    SAI3_IRQHandler                          0x080003b7   Thumb Code     0  startup_stm32h743xx.o(.text)
    SAI4_IRQHandler                          0x080003b7   Thumb Code     0  startup_stm32h743xx.o(.text)
    SDMMC1_IRQHandler                        0x080003b7   Thumb Code     0  startup_stm32h743xx.o(.text)
    SDMMC2_IRQHandler                        0x080003b7   Thumb Code     0  startup_stm32h743xx.o(.text)
    SPDIF_RX_IRQHandler                      0x080003b7   Thumb Code     0  startup_stm32h743xx.o(.text)
    SPI1_IRQHandler                          0x080003b7   Thumb Code     0  startup_stm32h743xx.o(.text)
    SPI2_IRQHandler                          0x080003b7   Thumb Code     0  startup_stm32h743xx.o(.text)
    SPI3_IRQHandler                          0x080003b7   Thumb Code     0  startup_stm32h743xx.o(.text)
    SPI4_IRQHandler                          0x080003b7   Thumb Code     0  startup_stm32h743xx.o(.text)
    SPI5_IRQHandler                          0x080003b7   Thumb Code     0  startup_stm32h743xx.o(.text)
    SPI6_IRQHandler                          0x080003b7   Thumb Code     0  startup_stm32h743xx.o(.text)
    SWPMI1_IRQHandler                        0x080003b7   Thumb Code     0  startup_stm32h743xx.o(.text)
    TAMP_STAMP_IRQHandler                    0x080003b7   Thumb Code     0  startup_stm32h743xx.o(.text)
    TIM15_IRQHandler                         0x080003b7   Thumb Code     0  startup_stm32h743xx.o(.text)
    TIM16_IRQHandler                         0x080003b7   Thumb Code     0  startup_stm32h743xx.o(.text)
    TIM17_IRQHandler                         0x080003b7   Thumb Code     0  startup_stm32h743xx.o(.text)
    TIM1_BRK_IRQHandler                      0x080003b7   Thumb Code     0  startup_stm32h743xx.o(.text)
    TIM1_CC_IRQHandler                       0x080003b7   Thumb Code     0  startup_stm32h743xx.o(.text)
    TIM1_TRG_COM_IRQHandler                  0x080003b7   Thumb Code     0  startup_stm32h743xx.o(.text)
    TIM1_UP_IRQHandler                       0x080003b7   Thumb Code     0  startup_stm32h743xx.o(.text)
    TIM2_IRQHandler                          0x080003b7   Thumb Code     0  startup_stm32h743xx.o(.text)
    TIM5_IRQHandler                          0x080003b7   Thumb Code     0  startup_stm32h743xx.o(.text)
    TIM6_DAC_IRQHandler                      0x080003b7   Thumb Code     0  startup_stm32h743xx.o(.text)
    TIM7_IRQHandler                          0x080003b7   Thumb Code     0  startup_stm32h743xx.o(.text)
    TIM8_BRK_TIM12_IRQHandler                0x080003b7   Thumb Code     0  startup_stm32h743xx.o(.text)
    TIM8_CC_IRQHandler                       0x080003b7   Thumb Code     0  startup_stm32h743xx.o(.text)
    TIM8_TRG_COM_TIM14_IRQHandler            0x080003b7   Thumb Code     0  startup_stm32h743xx.o(.text)
    TIM8_UP_TIM13_IRQHandler                 0x080003b7   Thumb Code     0  startup_stm32h743xx.o(.text)
    UART4_IRQHandler                         0x080003b7   Thumb Code     0  startup_stm32h743xx.o(.text)
    UART5_IRQHandler                         0x080003b7   Thumb Code     0  startup_stm32h743xx.o(.text)
    UART7_IRQHandler                         0x080003b7   Thumb Code     0  startup_stm32h743xx.o(.text)
    UART8_IRQHandler                         0x080003b7   Thumb Code     0  startup_stm32h743xx.o(.text)
    USART2_IRQHandler                        0x080003b7   Thumb Code     0  startup_stm32h743xx.o(.text)
    USART3_IRQHandler                        0x080003b7   Thumb Code     0  startup_stm32h743xx.o(.text)
    USART6_IRQHandler                        0x080003b7   Thumb Code     0  startup_stm32h743xx.o(.text)
    WAKEUP_PIN_IRQHandler                    0x080003b7   Thumb Code     0  startup_stm32h743xx.o(.text)
    WWDG_IRQHandler                          0x080003b7   Thumb Code     0  startup_stm32h743xx.o(.text)
    __user_initial_stackheap                 0x080003b9   Thumb Code     0  startup_stm32h743xx.o(.text)
    malloc                                   0x080003dd   Thumb Code    94  h1_alloc.o(.text)
    free                                     0x0800043b   Thumb Code    78  h1_free.o(.text)
    __aeabi_uldivmod                         0x08000489   Thumb Code     0  lludivv7m.o(.text)
    _ll_udiv                                 0x08000489   Thumb Code   238  lludivv7m.o(.text)
    __2printf                                0x08000579   Thumb Code    20  noretval__2printf.o(.text)
    _printf_int_dec                          0x08000591   Thumb Code   104  _printf_dec.o(.text)
    _printf_int_hex                          0x08000609   Thumb Code    84  _printf_hex_int.o(.text)
    _printf_longlong_hex                     0x08000609   Thumb Code     0  _printf_hex_int.o(.text)
    __printf                                 0x08000661   Thumb Code   184  __printf_ss.o(.text)
    srand                                    0x08000719   Thumb Code    42  rand.o(.text)
    _rand_init                               0x08000743   Thumb Code     4  rand.o(.text)
    __aeabi_memcpy                           0x08000755   Thumb Code     0  rt_memcpy_v6.o(.text)
    __rt_memcpy                              0x08000755   Thumb Code   138  rt_memcpy_v6.o(.text)
    _memcpy_lastbytes                        0x080007bb   Thumb Code     0  rt_memcpy_v6.o(.text)
    __aeabi_memclr                           0x080007df   Thumb Code     0  rt_memclr.o(.text)
    __rt_memclr                              0x080007df   Thumb Code    68  rt_memclr.o(.text)
    _memset                                  0x080007e3   Thumb Code     0  rt_memclr.o(.text)
    __aeabi_memclr4                          0x08000823   Thumb Code     0  rt_memclr_w.o(.text)
    __aeabi_memclr8                          0x08000823   Thumb Code     0  rt_memclr_w.o(.text)
    __rt_memclr_w                            0x08000823   Thumb Code    78  rt_memclr_w.o(.text)
    _memset_w                                0x08000827   Thumb Code     0  rt_memclr_w.o(.text)
    __use_two_region_memory                  0x08000871   Thumb Code     2  heapauxi.o(.text)
    __rt_heap_escrow                         0x08000873   Thumb Code     2  heapauxi.o(.text)
    __rt_heap_expand                         0x08000875   Thumb Code     2  heapauxi.o(.text)
    __rt_heap_descriptor                     0x08000879   Thumb Code     8  rt_heap_descriptor_intlibspace.o(.text)
    __use_no_heap                            0x08000881   Thumb Code     2  hguard.o(.text)
    __heap$guard                             0x08000883   Thumb Code     2  hguard.o(.text)
    _terminate_user_alloc                    0x08000885   Thumb Code     2  init_alloc.o(.text)
    _init_user_alloc                         0x08000887   Thumb Code     2  init_alloc.o(.text)
    __Heap_Full                              0x08000889   Thumb Code    34  init_alloc.o(.text)
    __Heap_Broken                            0x080008ab   Thumb Code     6  init_alloc.o(.text)
    _init_alloc                              0x080008b1   Thumb Code    94  init_alloc.o(.text)
    __Heap_Initialize                        0x0800090f   Thumb Code    10  h1_init.o(.text)
    __Heap_DescSize                          0x08000919   Thumb Code     4  h1_init.o(.text)
    _printf_int_common                       0x0800091d   Thumb Code   178  _printf_intcommon.o(.text)
    __lib_sel_fp_printf                      0x080009cf   Thumb Code     2  _printf_fp_dec.o(.text)
    _printf_fp_dec_real                      0x08000b81   Thumb Code   620  _printf_fp_dec.o(.text)
    _printf_char_file                        0x08000ded   Thumb Code    32  _printf_char_file.o(.text)
    __aeabi_memcpy4                          0x08000e11   Thumb Code     0  rt_memcpy_w.o(.text)
    __aeabi_memcpy8                          0x08000e11   Thumb Code     0  rt_memcpy_w.o(.text)
    __rt_memcpy_w                            0x08000e11   Thumb Code   100  rt_memcpy_w.o(.text)
    _memcpy_lastbytes_aligned                0x08000e59   Thumb Code     0  rt_memcpy_w.o(.text)
    __user_libspace                          0x08000e75   Thumb Code     8  libspace.o(.text)
    __user_perproc_libspace                  0x08000e75   Thumb Code     0  libspace.o(.text)
    __user_perthread_libspace                0x08000e75   Thumb Code     0  libspace.o(.text)
    __rt_locale                              0x08000e7d   Thumb Code     8  rt_locale_intlibspace.o(.text)
    __Heap_ProvideMemory                     0x08000e85   Thumb Code    52  h1_extend.o(.text)
    _ll_udiv10                               0x08000eb9   Thumb Code   138  lludiv10.o(.text)
    _printf_char_common                      0x08000f4f   Thumb Code    32  _printf_char_common.o(.text)
    _printf_fp_infnan                        0x08000f75   Thumb Code   112  _printf_fp_infnan.o(.text)
    _btod_etento                             0x08000ff5   Thumb Code   224  bigflt0.o(.text)
    ferror                                   0x080010d9   Thumb Code     8  ferror.o(.text)
    __rt_SIGRTMEM                            0x080010e1   Thumb Code    14  defsig_rtmem_outer.o(.text)
    __I$use$semihosting                      0x080010ef   Thumb Code     0  use_no_semi.o(.text)
    __use_no_semihosting_swi                 0x080010ef   Thumb Code     2  use_no_semi.o(.text)
    __semihosting_library_function           0x080010f1   Thumb Code     0  indicate_semi.o(.text)
    __user_setup_stackheap                   0x080010f1   Thumb Code    74  sys_stackheap_outer.o(.text)
    exit                                     0x0800113b   Thumb Code    18  exit.o(.text)
    __sig_exit                               0x0800114d   Thumb Code    10  defsig_exit.o(.text)
    __rt_SIGRTMEM_inner                      0x08001159   Thumb Code    22  defsig_rtmem_inner.o(.text)
    strcmp                                   0x080011a9   Thumb Code   104  strcmpv7m_pel.o(.text)
    __default_signal_display                 0x08001211   Thumb Code    50  defsig_general.o(.text)
    _ttywrch                                 0x08001243   Thumb Code    14  sys_wrch.o(.text)
    _btod_d2e                                0x08001251   Thumb Code    62  btod.o(CL$$btod_d2e)
    _d2e_denorm_low                          0x0800128f   Thumb Code    70  btod.o(CL$$btod_d2e_denorm_low)
    _d2e_norm_op1                            0x080012d5   Thumb Code    96  btod.o(CL$$btod_d2e_norm_op1)
    __btod_div_common                        0x08001335   Thumb Code   696  btod.o(CL$$btod_div_common)
    _e2e                                     0x0800166d   Thumb Code   220  btod.o(CL$$btod_e2e)
    _btod_ediv                               0x08001749   Thumb Code    42  btod.o(CL$$btod_ediv)
    _btod_emul                               0x08001773   Thumb Code    42  btod.o(CL$$btod_emul)
    __btod_mult_common                       0x0800179d   Thumb Code   580  btod.o(CL$$btod_mult_common)
    jump                                     0x080019e1   Thumb Code     0  jump.o(Jump)
    RAMCODE$$Base                            0x080019e4   Number         0  main.o(RAMCODE)
    ram_func                                 0x080019e5   Thumb Code    10  main.o(RAMCODE)
    BusFault_Handler                         0x08001a01   Thumb Code     4  stm32h7xx_it.o(i.BusFault_Handler)
    Cache_Enable                             0x08001a05   Thumb Code    24  sys.o(i.Cache_Enable)
    CompressInit                             0x08001a21   Thumb Code   140  logcompress.o(i.CompressInit)
    CompressRelease                          0x08001ab1   Thumb Code    96  logcompress.o(i.CompressRelease)
    DebugMon_Handler                         0x08001b49   Thumb Code     2  stm32h7xx_it.o(i.DebugMon_Handler)
    HAL_DMA_Abort_IT                         0x08001b4d   Thumb Code   236  stm32h7xx_hal_dma.o(i.HAL_DMA_Abort_IT)
    HAL_EnableCompensationCell               0x08001c45   Thumb Code    14  stm32h7xx_hal.o(i.HAL_EnableCompensationCell)
    HAL_GPIO_Init                            0x08001c59   Thumb Code   534  stm32h7xx_hal_gpio.o(i.HAL_GPIO_Init)
    HAL_GPIO_WritePin                        0x08001ea5   Thumb Code    10  stm32h7xx_hal_gpio.o(i.HAL_GPIO_WritePin)
    HAL_GetTick                              0x08001eb1   Thumb Code     6  stm32h7xx_hal.o(i.HAL_GetTick)
    HAL_IncTick                              0x08001ebd   Thumb Code    16  stm32h7xx_hal.o(i.HAL_IncTick)
    HAL_Init                                 0x08001ed5   Thumb Code    28  stm32h7xx_hal.o(i.HAL_Init)
    HAL_InitTick                             0x08001ef1   Thumb Code    64  stm32h7xx_hal.o(i.HAL_InitTick)
    HAL_MspInit                              0x08001f3d   Thumb Code     2  stm32h7xx_hal_msp.o(i.HAL_MspInit)
    HAL_NVIC_EnableIRQ                       0x08001f3f   Thumb Code    32  stm32h7xx_hal_cortex.o(i.HAL_NVIC_EnableIRQ)
    HAL_NVIC_SetPriority                     0x08001f5f   Thumb Code   122  stm32h7xx_hal_cortex.o(i.HAL_NVIC_SetPriority)
    HAL_NVIC_SetPriorityGrouping             0x08001fd9   Thumb Code    32  stm32h7xx_hal_cortex.o(i.HAL_NVIC_SetPriorityGrouping)
    HAL_RCCEx_GetD1SysClockFreq              0x08002001   Thumb Code    44  stm32h7xx_hal_rcc_ex.o(i.HAL_RCCEx_GetD1SysClockFreq)
    HAL_RCCEx_GetD3PCLK1Freq                 0x08002039   Thumb Code    34  stm32h7xx_hal_rcc_ex.o(i.HAL_RCCEx_GetD3PCLK1Freq)
    HAL_RCCEx_GetPLL2ClockFreq               0x08002065   Thumb Code   532  stm32h7xx_hal_rcc_ex.o(i.HAL_RCCEx_GetPLL2ClockFreq)
    HAL_RCCEx_GetPLL3ClockFreq               0x08002291   Thumb Code   532  stm32h7xx_hal_rcc_ex.o(i.HAL_RCCEx_GetPLL3ClockFreq)
    HAL_RCC_ClockConfig                      0x080024bd   Thumb Code   574  stm32h7xx_hal_rcc.o(i.HAL_RCC_ClockConfig)
    HAL_RCC_GetHCLKFreq                      0x0800270d   Thumb Code    42  stm32h7xx_hal_rcc.o(i.HAL_RCC_GetHCLKFreq)
    HAL_RCC_GetPCLK1Freq                     0x08002745   Thumb Code    34  stm32h7xx_hal_rcc.o(i.HAL_RCC_GetPCLK1Freq)
    HAL_RCC_GetPCLK2Freq                     0x08002771   Thumb Code    36  stm32h7xx_hal_rcc.o(i.HAL_RCC_GetPCLK2Freq)
    HAL_RCC_GetSysClockFreq                  0x0800279d   Thumb Code   556  stm32h7xx_hal_rcc.o(i.HAL_RCC_GetSysClockFreq)
    HAL_RCC_OscConfig                        0x080029e1   Thumb Code  1724  stm32h7xx_hal_rcc.o(i.HAL_RCC_OscConfig)
    HAL_SYSTICK_CLKSourceConfig              0x080030a5   Thumb Code    40  stm32h7xx_hal_cortex.o(i.HAL_SYSTICK_CLKSourceConfig)
    HAL_SYSTICK_Config                       0x080030cd   Thumb Code    52  stm32h7xx_hal_cortex.o(i.HAL_SYSTICK_Config)
    HAL_TIMEx_BreakCallback                  0x08003101   Thumb Code     2  stm32h7xx_hal_tim_ex.o(i.HAL_TIMEx_BreakCallback)
    HAL_TIMEx_CommutationCallback            0x08003103   Thumb Code     2  stm32h7xx_hal_tim_ex.o(i.HAL_TIMEx_CommutationCallback)
    HAL_TIM_Base_Init                        0x08003105   Thumb Code    52  stm32h7xx_hal_tim.o(i.HAL_TIM_Base_Init)
    HAL_TIM_Base_MspInit                     0x08003139   Thumb Code   110  timer.o(i.HAL_TIM_Base_MspInit)
    HAL_TIM_Base_Start_IT                    0x080031b5   Thumb Code    30  stm32h7xx_hal_tim.o(i.HAL_TIM_Base_Start_IT)
    HAL_TIM_IC_CaptureCallback               0x080031d3   Thumb Code     2  stm32h7xx_hal_tim.o(i.HAL_TIM_IC_CaptureCallback)
    HAL_TIM_IRQHandler                       0x080031d5   Thumb Code   440  stm32h7xx_hal_tim.o(i.HAL_TIM_IRQHandler)
    HAL_TIM_OC_DelayElapsedCallback          0x0800338d   Thumb Code     2  stm32h7xx_hal_tim.o(i.HAL_TIM_OC_DelayElapsedCallback)
    HAL_TIM_PWM_PulseFinishedCallback        0x0800338f   Thumb Code     2  stm32h7xx_hal_tim.o(i.HAL_TIM_PWM_PulseFinishedCallback)
    HAL_TIM_PeriodElapsedCallback            0x08003391   Thumb Code    34  timer.o(i.HAL_TIM_PeriodElapsedCallback)
    HAL_TIM_TriggerCallback                  0x080033c5   Thumb Code     2  stm32h7xx_hal_tim.o(i.HAL_TIM_TriggerCallback)
    HAL_UARTEx_WakeupCallback                0x080033c7   Thumb Code     2  stm32h7xx_hal_uart_ex.o(i.HAL_UARTEx_WakeupCallback)
    HAL_UART_ErrorCallback                   0x080033c9   Thumb Code     2  stm32h7xx_hal_uart.o(i.HAL_UART_ErrorCallback)
    HAL_UART_GetState                        0x080033cb   Thumb Code    20  stm32h7xx_hal_uart.o(i.HAL_UART_GetState)
    HAL_UART_IRQHandler                      0x080033e1   Thumb Code   434  stm32h7xx_hal_uart.o(i.HAL_UART_IRQHandler)
    HAL_UART_Init                            0x0800359d   Thumb Code   120  stm32h7xx_hal_uart.o(i.HAL_UART_Init)
    HAL_UART_MspInit                         0x08003615   Thumb Code   138  usart.o(i.HAL_UART_MspInit)
    HAL_UART_Receive_IT                      0x080036ad   Thumb Code   224  stm32h7xx_hal_uart.o(i.HAL_UART_Receive_IT)
    HAL_UART_RxCpltCallback                  0x0800378d   Thumb Code   120  usart.o(i.HAL_UART_RxCpltCallback)
    HAL_UART_TxCpltCallback                  0x08003815   Thumb Code     2  stm32h7xx_hal_uart.o(i.HAL_UART_TxCpltCallback)
    HardFault_Handler                        0x08003817   Thumb Code     4  stm32h7xx_it.o(i.HardFault_Handler)
    LED_Init                                 0x0800381d   Thumb Code    78  led.o(i.LED_Init)
    LogCompress                              0x08003875   Thumb Code    90  logcompress.o(i.LogCompress)
    MemManage_Handler                        0x080038d5   Thumb Code     4  stm32h7xx_it.o(i.MemManage_Handler)
    NMI_Handler                              0x080038d9   Thumb Code     2  stm32h7xx_it.o(i.NMI_Handler)
    PendSV_Handler                           0x080038db   Thumb Code     2  stm32h7xx_it.o(i.PendSV_Handler)
    SVC_Handler                              0x08003aa1   Thumb Code     2  stm32h7xx_it.o(i.SVC_Handler)
    Stm32_Clock_Init                         0x08003aa5   Thumb Code   238  sys.o(i.Stm32_Clock_Init)
    SysTick_Handler                          0x08003b9d   Thumb Code     8  stm32h7xx_it.o(i.SysTick_Handler)
    SystemInit                               0x08003ba5   Thumb Code   130  system_stm32h7xx.o(i.SystemInit)
    TIM3_IRQHandler                          0x08003c39   Thumb Code    10  timer.o(i.TIM3_IRQHandler)
    TIM3_Init                                0x08003c49   Thumb Code    36  timer.o(i.TIM3_Init)
    TIM4_IRQHandler                          0x08003c75   Thumb Code    10  timer.o(i.TIM4_IRQHandler)
    TIM4_Init                                0x08003c85   Thumb Code    36  timer.o(i.TIM4_Init)
    TIM_Base_SetConfig                       0x08003cb1   Thumb Code   172  stm32h7xx_hal_tim.o(i.TIM_Base_SetConfig)
    UART_AdvFeatureConfig                    0x08003d7d   Thumb Code   234  stm32h7xx_hal_uart.o(i.UART_AdvFeatureConfig)
    UART_CheckIdleState                      0x08003e67   Thumb Code   116  stm32h7xx_hal_uart.o(i.UART_CheckIdleState)
    UART_SetConfig                           0x08003fbd   Thumb Code  2452  stm32h7xx_hal_uart.o(i.UART_SetConfig)
    UART_WaitOnFlagUntilTimeout              0x080049e3   Thumb Code   108  stm32h7xx_hal_uart.o(i.UART_WaitOnFlagUntilTimeout)
    USART1_IRQHandler                        0x08004a51   Thumb Code    66  usart.o(i.USART1_IRQHandler)
    UsageFault_Handler                       0x08004aa1   Thumb Code     4  stm32h7xx_it.o(i.UsageFault_Handler)
    __ARM_fpclassify                         0x08004aa5   Thumb Code    48  fpclassify.o(i.__ARM_fpclassify)
    _sys_exit                                0x08004b0d   Thumb Code     4  usart.o(i._sys_exit)
    delay_init                               0x08004b11   Thumb Code    16  delay.o(i.delay_init)
    fputc                                    0x08004bb9   Thumb Code    22  usart.o(i.fputc)
    main                                     0x08004c01   Thumb Code   232  main.o(i.main)
    qlz_compress                             0x08004d35   Thumb Code   154  quicklz.o(i.qlz_compress)
    uart_init                                0x08005099   Thumb Code    44  usart.o(i.uart_init)
    _get_lc_numeric                          0x080050d1   Thumb Code    44  lc_numeric_c.o(locale$$code)
    _fp_init                                 0x080050fd   Thumb Code    10  fpinit.o(x$fpl$fpinit)
    __fplib_config_fpu_vfp                   0x08005105   Thumb Code     0  fpinit.o(x$fpl$fpinit)
    __fplib_config_pureend_doubles           0x08005105   Thumb Code     0  fpinit.o(x$fpl$fpinit)
    _printf_fp_dec                           0x08005107   Thumb Code     4  printf1.o(x$fpl$printf1)
    __I$use$fp                               0x0800510a   Number         0  usenofp.o(x$fpl$usenofp)
    D1CorePrescTable                         0x0800513a   Data          16  system_stm32h7xx.o(.constdata)
    Region$$Table$$Base                      0x08005238   Number         0  anon$$obj.o(Region$$Table)
    Region$$Table$$Limit                     0x08005258   Number         0  anon$$obj.o(Region$$Table)
    SystemCoreClock                          0x24000000   Data           4  system_stm32h7xx.o(.data)
    SystemD2Clock                            0x24000004   Data           4  system_stm32h7xx.o(.data)
    __stdout                                 0x2400000c   Data           4  usart.o(.data)
    USART_RX_STA                             0x24000010   Data           2  usart.o(.data)
    aRxBuffer                                0x24000012   Data           1  usart.o(.data)
    state_compress                           0x24000020   Data           4  logcompress.o(.data)
    my_time                                  0x24000030   Data           4  timer.o(.data)
    seed                                     0x24000034   Data           4  timer.o(.data)
    USART_RX_BUF                             0x24000038   Data         200  usart.o(.bss)
    UART1_Handler                            0x24000100   Data         128  usart.o(.bss)
    TIM3_Handler                             0x24004180   Data          64  timer.o(.bss)
    TIM4_Handler                             0x240041c0   Data          64  timer.o(.bss)
    _random_number_data                      0x24004200   Data         228  rand.o(.bss)
    __libspace_start                         0x240042e4   Data          96  libspace.o(.bss)
    __temporary_stack_top$libspace           0x24004344   Data           0  libspace.o(.bss)



==============================================================================

Memory Map of the image

  Image Entry point : 0x08000299

  Load Region LR_IROM1 (Base: 0x08000000, Size: 0x000052ac, Max: 0x00010000, ABSOLUTE)

    Execution Region ER_IROM1 (Exec base: 0x08000000, Load base: 0x08000000, Size: 0x00005274, Max: 0x00010000, ABSOLUTE)

    Exec Addr    Load Addr    Size         Type   Attr      Idx    E Section Name        Object

    0x08000000   0x08000000   0x00000298   Data   RO          499    RESET               startup_stm32h743xx.o
    0x08000298   0x08000298   0x00000008   Code   RO         4192  * !!!main             c_w.l(__main.o)
    0x080002a0   0x080002a0   0x00000034   Code   RO         4466    !!!scatter          c_w.l(__scatter.o)
    0x080002d4   0x080002d4   0x0000001a   Code   RO         4468    !!handler_copy      c_w.l(__scatter_copy.o)
    0x080002ee   0x080002ee   0x00000002   PAD
    0x080002f0   0x080002f0   0x0000001c   Code   RO         4470    !!handler_zi        c_w.l(__scatter_zi.o)
    0x0800030c   0x0800030c   0x00000000   Code   RO         4178    .ARM.Collect$$_printf_percent$$00000000  c_w.l(_printf_percent.o)
    0x0800030c   0x0800030c   0x00000006   Code   RO         4177    .ARM.Collect$$_printf_percent$$00000003  c_w.l(_printf_f.o)
    0x08000312   0x08000312   0x00000006   Code   RO         4176    .ARM.Collect$$_printf_percent$$00000009  c_w.l(_printf_d.o)
    0x08000318   0x08000318   0x00000006   Code   RO         4175    .ARM.Collect$$_printf_percent$$0000000C  c_w.l(_printf_x.o)
    0x0800031e   0x0800031e   0x00000004   Code   RO         4234    .ARM.Collect$$_printf_percent$$00000017  c_w.l(_printf_percent_end.o)
    0x08000322   0x08000322   0x00000002   Code   RO         4405    .ARM.Collect$$libinit$$00000000  c_w.l(libinit.o)
    0x08000324   0x08000324   0x00000004   Code   RO         4239    .ARM.Collect$$libinit$$00000001  c_w.l(libinit2.o)
    0x08000328   0x08000328   0x00000000   Code   RO         4242    .ARM.Collect$$libinit$$00000004  c_w.l(libinit2.o)
    0x08000328   0x08000328   0x00000008   Code   RO         4243    .ARM.Collect$$libinit$$00000005  c_w.l(libinit2.o)
    0x08000330   0x08000330   0x00000000   Code   RO         4245    .ARM.Collect$$libinit$$0000000A  c_w.l(libinit2.o)
    0x08000330   0x08000330   0x00000000   Code   RO         4247    .ARM.Collect$$libinit$$0000000C  c_w.l(libinit2.o)
    0x08000330   0x08000330   0x00000004   Code   RO         4248    .ARM.Collect$$libinit$$0000000D  c_w.l(libinit2.o)
    0x08000334   0x08000334   0x00000000   Code   RO         4249    .ARM.Collect$$libinit$$0000000E  c_w.l(libinit2.o)
    0x08000334   0x08000334   0x00000006   Code   RO         4250    .ARM.Collect$$libinit$$0000000F  c_w.l(libinit2.o)
    0x0800033a   0x0800033a   0x00000000   Code   RO         4252    .ARM.Collect$$libinit$$00000011  c_w.l(libinit2.o)
    0x0800033a   0x0800033a   0x00000000   Code   RO         4254    .ARM.Collect$$libinit$$00000013  c_w.l(libinit2.o)
    0x0800033a   0x0800033a   0x00000000   Code   RO         4256    .ARM.Collect$$libinit$$00000015  c_w.l(libinit2.o)
    0x0800033a   0x0800033a   0x0000000a   Code   RO         4257    .ARM.Collect$$libinit$$00000016  c_w.l(libinit2.o)
    0x08000344   0x08000344   0x00000000   Code   RO         4258    .ARM.Collect$$libinit$$00000017  c_w.l(libinit2.o)
    0x08000344   0x08000344   0x00000000   Code   RO         4260    .ARM.Collect$$libinit$$00000019  c_w.l(libinit2.o)
    0x08000344   0x08000344   0x00000000   Code   RO         4262    .ARM.Collect$$libinit$$0000001B  c_w.l(libinit2.o)
    0x08000344   0x08000344   0x00000000   Code   RO         4264    .ARM.Collect$$libinit$$0000001D  c_w.l(libinit2.o)
    0x08000344   0x08000344   0x00000000   Code   RO         4266    .ARM.Collect$$libinit$$0000001F  c_w.l(libinit2.o)
    0x08000344   0x08000344   0x00000000   Code   RO         4268    .ARM.Collect$$libinit$$00000021  c_w.l(libinit2.o)
    0x08000344   0x08000344   0x00000000   Code   RO         4270    .ARM.Collect$$libinit$$00000023  c_w.l(libinit2.o)
    0x08000344   0x08000344   0x00000000   Code   RO         4272    .ARM.Collect$$libinit$$00000025  c_w.l(libinit2.o)
    0x08000344   0x08000344   0x00000000   Code   RO         4276    .ARM.Collect$$libinit$$0000002C  c_w.l(libinit2.o)
    0x08000344   0x08000344   0x00000000   Code   RO         4278    .ARM.Collect$$libinit$$0000002E  c_w.l(libinit2.o)
    0x08000344   0x08000344   0x00000000   Code   RO         4280    .ARM.Collect$$libinit$$00000030  c_w.l(libinit2.o)
    0x08000344   0x08000344   0x00000000   Code   RO         4282    .ARM.Collect$$libinit$$00000032  c_w.l(libinit2.o)
    0x08000344   0x08000344   0x00000002   Code   RO         4283    .ARM.Collect$$libinit$$00000033  c_w.l(libinit2.o)
    0x08000346   0x08000346   0x00000002   Code   RO         4463    .ARM.Collect$$libshutdown$$00000000  c_w.l(libshutdown.o)
    0x08000348   0x08000348   0x00000000   Code   RO         4419    .ARM.Collect$$libshutdown$$00000002  c_w.l(libshutdown2.o)
    0x08000348   0x08000348   0x00000000   Code   RO         4421    .ARM.Collect$$libshutdown$$00000004  c_w.l(libshutdown2.o)
    0x08000348   0x08000348   0x00000000   Code   RO         4423    .ARM.Collect$$libshutdown$$00000006  c_w.l(libshutdown2.o)
    0x08000348   0x08000348   0x00000000   Code   RO         4426    .ARM.Collect$$libshutdown$$00000009  c_w.l(libshutdown2.o)
    0x08000348   0x08000348   0x00000000   Code   RO         4429    .ARM.Collect$$libshutdown$$0000000C  c_w.l(libshutdown2.o)
    0x08000348   0x08000348   0x00000000   Code   RO         4431    .ARM.Collect$$libshutdown$$0000000E  c_w.l(libshutdown2.o)
    0x08000348   0x08000348   0x00000000   Code   RO         4434    .ARM.Collect$$libshutdown$$00000011  c_w.l(libshutdown2.o)
    0x08000348   0x08000348   0x00000002   Code   RO         4435    .ARM.Collect$$libshutdown$$00000012  c_w.l(libshutdown2.o)
    0x0800034a   0x0800034a   0x00000000   Code   RO         4198    .ARM.Collect$$rtentry$$00000000  c_w.l(__rtentry.o)
    0x0800034a   0x0800034a   0x00000000   Code   RO         4290    .ARM.Collect$$rtentry$$00000002  c_w.l(__rtentry2.o)
    0x0800034a   0x0800034a   0x00000006   Code   RO         4302    .ARM.Collect$$rtentry$$00000004  c_w.l(__rtentry4.o)
    0x08000350   0x08000350   0x00000000   Code   RO         4292    .ARM.Collect$$rtentry$$00000009  c_w.l(__rtentry2.o)
    0x08000350   0x08000350   0x00000004   Code   RO         4293    .ARM.Collect$$rtentry$$0000000A  c_w.l(__rtentry2.o)
    0x08000354   0x08000354   0x00000000   Code   RO         4295    .ARM.Collect$$rtentry$$0000000C  c_w.l(__rtentry2.o)
    0x08000354   0x08000354   0x00000008   Code   RO         4296    .ARM.Collect$$rtentry$$0000000D  c_w.l(__rtentry2.o)
    0x0800035c   0x0800035c   0x00000002   Code   RO         4406    .ARM.Collect$$rtexit$$00000000  c_w.l(rtexit.o)
    0x0800035e   0x0800035e   0x00000000   Code   RO         4439    .ARM.Collect$$rtexit$$00000002  c_w.l(rtexit2.o)
    0x0800035e   0x0800035e   0x00000004   Code   RO         4440    .ARM.Collect$$rtexit$$00000003  c_w.l(rtexit2.o)
    0x08000362   0x08000362   0x00000006   Code   RO         4441    .ARM.Collect$$rtexit$$00000004  c_w.l(rtexit2.o)
    0x08000368   0x08000368   0x00000034   Code   RO         4179    .emb_text           c_w.l(rand.o)
    0x0800039c   0x0800039c   0x00000000   Code   RO         4313    .emb_text           c_w.l(maybetermalloc1.o)
    0x0800039c   0x0800039c   0x00000040   Code   RO          500    .text               startup_stm32h743xx.o
    0x080003dc   0x080003dc   0x0000005e   Code   RO         4066    .text               c_w.l(h1_alloc.o)
    0x0800043a   0x0800043a   0x0000004e   Code   RO         4068    .text               c_w.l(h1_free.o)
    0x08000488   0x08000488   0x000000ee   Code   RO         4124    .text               c_w.l(lludivv7m.o)
    0x08000576   0x08000576   0x00000002   PAD
    0x08000578   0x08000578   0x00000018   Code   RO         4128    .text               c_w.l(noretval__2printf.o)
    0x08000590   0x08000590   0x00000078   Code   RO         4132    .text               c_w.l(_printf_dec.o)
    0x08000608   0x08000608   0x00000058   Code   RO         4137    .text               c_w.l(_printf_hex_int.o)
    0x08000660   0x08000660   0x000000b8   Code   RO         4158    .text               c_w.l(__printf_ss.o)
    0x08000718   0x08000718   0x0000003c   Code   RO         4180    .text               c_w.l(rand.o)
    0x08000754   0x08000754   0x0000008a   Code   RO         4184    .text               c_w.l(rt_memcpy_v6.o)
    0x080007de   0x080007de   0x00000044   Code   RO         4186    .text               c_w.l(rt_memclr.o)
    0x08000822   0x08000822   0x0000004e   Code   RO         4188    .text               c_w.l(rt_memclr_w.o)
    0x08000870   0x08000870   0x00000006   Code   RO         4190    .text               c_w.l(heapauxi.o)
    0x08000876   0x08000876   0x00000002   PAD
    0x08000878   0x08000878   0x00000008   Code   RO         4206    .text               c_w.l(rt_heap_descriptor_intlibspace.o)
    0x08000880   0x08000880   0x00000004   Code   RO         4208    .text               c_w.l(hguard.o)
    0x08000884   0x08000884   0x0000008a   Code   RO         4210    .text               c_w.l(init_alloc.o)
    0x0800090e   0x0800090e   0x0000000e   Code   RO         4214    .text               c_w.l(h1_init.o)
    0x0800091c   0x0800091c   0x000000b2   Code   RO         4228    .text               c_w.l(_printf_intcommon.o)
    0x080009ce   0x080009ce   0x0000041e   Code   RO         4230    .text               c_w.l(_printf_fp_dec.o)
    0x08000dec   0x08000dec   0x00000024   Code   RO         4232    .text               c_w.l(_printf_char_file.o)
    0x08000e10   0x08000e10   0x00000064   Code   RO         4235    .text               c_w.l(rt_memcpy_w.o)
    0x08000e74   0x08000e74   0x00000008   Code   RO         4286    .text               c_w.l(libspace.o)
    0x08000e7c   0x08000e7c   0x00000008   Code   RO         4309    .text               c_w.l(rt_locale_intlibspace.o)
    0x08000e84   0x08000e84   0x00000034   Code   RO         4315    .text               c_w.l(h1_extend.o)
    0x08000eb8   0x08000eb8   0x0000008a   Code   RO         4319    .text               c_w.l(lludiv10.o)
    0x08000f42   0x08000f42   0x00000002   PAD
    0x08000f44   0x08000f44   0x00000030   Code   RO         4321    .text               c_w.l(_printf_char_common.o)
    0x08000f74   0x08000f74   0x00000080   Code   RO         4323    .text               c_w.l(_printf_fp_infnan.o)
    0x08000ff4   0x08000ff4   0x000000e4   Code   RO         4325    .text               c_w.l(bigflt0.o)
    0x080010d8   0x080010d8   0x00000008   Code   RO         4350    .text               c_w.l(ferror.o)
    0x080010e0   0x080010e0   0x0000000e   Code   RO         4357    .text               c_w.l(defsig_rtmem_outer.o)
    0x080010ee   0x080010ee   0x00000002   Code   RO         4373    .text               c_w.l(use_no_semi.o)
    0x080010f0   0x080010f0   0x00000000   Code   RO         4375    .text               c_w.l(indicate_semi.o)
    0x080010f0   0x080010f0   0x0000004a   Code   RO         4376    .text               c_w.l(sys_stackheap_outer.o)
    0x0800113a   0x0800113a   0x00000012   Code   RO         4384    .text               c_w.l(exit.o)
    0x0800114c   0x0800114c   0x0000000a   Code   RO         4386    .text               c_w.l(defsig_exit.o)
    0x08001156   0x08001156   0x00000002   PAD
    0x08001158   0x08001158   0x00000050   Code   RO         4392    .text               c_w.l(defsig_rtmem_inner.o)
    0x080011a8   0x080011a8   0x00000068   Code   RO         4394    .text               c_w.l(strcmpv7m_pel.o)
    0x08001210   0x08001210   0x00000032   Code   RO         4414    .text               c_w.l(defsig_general.o)
    0x08001242   0x08001242   0x0000000e   Code   RO         4436    .text               c_w.l(sys_wrch.o)
    0x08001250   0x08001250   0x0000003e   Code   RO         4328    CL$$btod_d2e        c_w.l(btod.o)
    0x0800128e   0x0800128e   0x00000046   Code   RO         4330    CL$$btod_d2e_denorm_low  c_w.l(btod.o)
    0x080012d4   0x080012d4   0x00000060   Code   RO         4329    CL$$btod_d2e_norm_op1  c_w.l(btod.o)
    0x08001334   0x08001334   0x00000338   Code   RO         4338    CL$$btod_div_common  c_w.l(btod.o)
    0x0800166c   0x0800166c   0x000000dc   Code   RO         4335    CL$$btod_e2e        c_w.l(btod.o)
    0x08001748   0x08001748   0x0000002a   Code   RO         4332    CL$$btod_ediv       c_w.l(btod.o)
    0x08001772   0x08001772   0x0000002a   Code   RO         4331    CL$$btod_emul       c_w.l(btod.o)
    0x0800179c   0x0800179c   0x00000244   Code   RO         4337    CL$$btod_mult_common  c_w.l(btod.o)
    0x080019e0   0x080019e0   0x00000002   Code   RO          494    Jump                jump.o
    0x080019e2   0x080019e2   0x00000002   PAD
    0x080019e4   0x080019e4   0x0000001c   Code   RO            4    RAMCODE             main.o
    0x08001a00   0x08001a00   0x00000004   Code   RO          348    i.BusFault_Handler  stm32h7xx_it.o
    0x08001a04   0x08001a04   0x0000001c   Code   RO          549    i.Cache_Enable      sys.o
    0x08001a20   0x08001a20   0x00000090   Code   RO          676    i.CompressInit      logcompress.o
    0x08001ab0   0x08001ab0   0x00000098   Code   RO          677    i.CompressRelease   logcompress.o
    0x08001b48   0x08001b48   0x00000002   Code   RO          349    i.DebugMon_Handler  stm32h7xx_it.o
    0x08001b4a   0x08001b4a   0x00000002   PAD
    0x08001b4c   0x08001b4c   0x000000f8   Code   RO         1306    i.HAL_DMA_Abort_IT  stm32h7xx_hal_dma.o
    0x08001c44   0x08001c44   0x00000014   Code   RO          853    i.HAL_EnableCompensationCell  stm32h7xx_hal.o
    0x08001c58   0x08001c58   0x0000024c   Code   RO         1493    i.HAL_GPIO_Init     stm32h7xx_hal_gpio.o
    0x08001ea4   0x08001ea4   0x0000000a   Code   RO         1497    i.HAL_GPIO_WritePin  stm32h7xx_hal_gpio.o
    0x08001eae   0x08001eae   0x00000002   PAD
    0x08001eb0   0x08001eb0   0x0000000c   Code   RO          860    i.HAL_GetTick       stm32h7xx_hal.o
    0x08001ebc   0x08001ebc   0x00000018   Code   RO          863    i.HAL_IncTick       stm32h7xx_hal.o
    0x08001ed4   0x08001ed4   0x0000001c   Code   RO          864    i.HAL_Init          stm32h7xx_hal.o
    0x08001ef0   0x08001ef0   0x0000004c   Code   RO          865    i.HAL_InitTick      stm32h7xx_hal.o
    0x08001f3c   0x08001f3c   0x00000002   Code   RO          466    i.HAL_MspInit       stm32h7xx_hal_msp.o
    0x08001f3e   0x08001f3e   0x00000020   Code   RO         1158    i.HAL_NVIC_EnableIRQ  stm32h7xx_hal_cortex.o
    0x08001f5e   0x08001f5e   0x0000007a   Code   RO         1164    i.HAL_NVIC_SetPriority  stm32h7xx_hal_cortex.o
    0x08001fd8   0x08001fd8   0x00000028   Code   RO         1165    i.HAL_NVIC_SetPriorityGrouping  stm32h7xx_hal_cortex.o
    0x08002000   0x08002000   0x00000038   Code   RO         2188    i.HAL_RCCEx_GetD1SysClockFreq  stm32h7xx_hal_rcc_ex.o
    0x08002038   0x08002038   0x0000002c   Code   RO         2189    i.HAL_RCCEx_GetD3PCLK1Freq  stm32h7xx_hal_rcc_ex.o
    0x08002064   0x08002064   0x0000022c   Code   RO         2191    i.HAL_RCCEx_GetPLL2ClockFreq  stm32h7xx_hal_rcc_ex.o
    0x08002290   0x08002290   0x0000022c   Code   RO         2192    i.HAL_RCCEx_GetPLL3ClockFreq  stm32h7xx_hal_rcc_ex.o
    0x080024bc   0x080024bc   0x00000250   Code   RO         2079    i.HAL_RCC_ClockConfig  stm32h7xx_hal_rcc.o
    0x0800270c   0x0800270c   0x00000038   Code   RO         2083    i.HAL_RCC_GetHCLKFreq  stm32h7xx_hal_rcc.o
    0x08002744   0x08002744   0x0000002c   Code   RO         2085    i.HAL_RCC_GetPCLK1Freq  stm32h7xx_hal_rcc.o
    0x08002770   0x08002770   0x0000002c   Code   RO         2086    i.HAL_RCC_GetPCLK2Freq  stm32h7xx_hal_rcc.o
    0x0800279c   0x0800279c   0x00000244   Code   RO         2087    i.HAL_RCC_GetSysClockFreq  stm32h7xx_hal_rcc.o
    0x080029e0   0x080029e0   0x000006c4   Code   RO         2090    i.HAL_RCC_OscConfig  stm32h7xx_hal_rcc.o
    0x080030a4   0x080030a4   0x00000028   Code   RO         1167    i.HAL_SYSTICK_CLKSourceConfig  stm32h7xx_hal_cortex.o
    0x080030cc   0x080030cc   0x00000034   Code   RO         1169    i.HAL_SYSTICK_Config  stm32h7xx_hal_cortex.o
    0x08003100   0x08003100   0x00000002   Code   RO         3683    i.HAL_TIMEx_BreakCallback  stm32h7xx_hal_tim_ex.o
    0x08003102   0x08003102   0x00000002   Code   RO         3684    i.HAL_TIMEx_CommutationCallback  stm32h7xx_hal_tim_ex.o
    0x08003104   0x08003104   0x00000034   Code   RO         3028    i.HAL_TIM_Base_Init  stm32h7xx_hal_tim.o
    0x08003138   0x08003138   0x0000007c   Code   RO         4001    i.HAL_TIM_Base_MspInit  timer.o
    0x080031b4   0x080031b4   0x0000001e   Code   RO         3033    i.HAL_TIM_Base_Start_IT  stm32h7xx_hal_tim.o
    0x080031d2   0x080031d2   0x00000002   Code   RO         3057    i.HAL_TIM_IC_CaptureCallback  stm32h7xx_hal_tim.o
    0x080031d4   0x080031d4   0x000001b8   Code   RO         3070    i.HAL_TIM_IRQHandler  stm32h7xx_hal_tim.o
    0x0800338c   0x0800338c   0x00000002   Code   RO         3073    i.HAL_TIM_OC_DelayElapsedCallback  stm32h7xx_hal_tim.o
    0x0800338e   0x0800338e   0x00000002   Code   RO         3100    i.HAL_TIM_PWM_PulseFinishedCallback  stm32h7xx_hal_tim.o
    0x08003390   0x08003390   0x00000034   Code   RO         4002    i.HAL_TIM_PeriodElapsedCallback  timer.o
    0x080033c4   0x080033c4   0x00000002   Code   RO         3111    i.HAL_TIM_TriggerCallback  stm32h7xx_hal_tim.o
    0x080033c6   0x080033c6   0x00000002   Code   RO         2702    i.HAL_UARTEx_WakeupCallback  stm32h7xx_hal_uart_ex.o
    0x080033c8   0x080033c8   0x00000002   Code   RO         2366    i.HAL_UART_ErrorCallback  stm32h7xx_hal_uart.o
    0x080033ca   0x080033ca   0x00000014   Code   RO         2368    i.HAL_UART_GetState  stm32h7xx_hal_uart.o
    0x080033de   0x080033de   0x00000002   PAD
    0x080033e0   0x080033e0   0x000001bc   Code   RO         2369    i.HAL_UART_IRQHandler  stm32h7xx_hal_uart.o
    0x0800359c   0x0800359c   0x00000078   Code   RO         2370    i.HAL_UART_Init     stm32h7xx_hal_uart.o
    0x08003614   0x08003614   0x00000098   Code   RO          610    i.HAL_UART_MspInit  usart.o
    0x080036ac   0x080036ac   0x000000e0   Code   RO         2375    i.HAL_UART_Receive_IT  stm32h7xx_hal_uart.o
    0x0800378c   0x0800378c   0x00000088   Code   RO          611    i.HAL_UART_RxCpltCallback  usart.o
    0x08003814   0x08003814   0x00000002   Code   RO         2381    i.HAL_UART_TxCpltCallback  stm32h7xx_hal_uart.o
    0x08003816   0x08003816   0x00000004   Code   RO          350    i.HardFault_Handler  stm32h7xx_it.o
    0x0800381a   0x0800381a   0x00000002   PAD
    0x0800381c   0x0800381c   0x00000058   Code   RO         3942    i.LED_Init          led.o
    0x08003874   0x08003874   0x00000060   Code   RO          678    i.LogCompress       logcompress.o
    0x080038d4   0x080038d4   0x00000004   Code   RO          351    i.MemManage_Handler  stm32h7xx_it.o
    0x080038d8   0x080038d8   0x00000002   Code   RO          352    i.NMI_Handler       stm32h7xx_it.o
    0x080038da   0x080038da   0x00000002   Code   RO          353    i.PendSV_Handler    stm32h7xx_it.o
    0x080038dc   0x080038dc   0x000000ac   Code   RO          679    i.RealCompress      logcompress.o
    0x08003988   0x08003988   0x0000009c   Code   RO          552    i.SCB_EnableDCache  sys.o
    0x08003a24   0x08003a24   0x0000007c   Code   RO          553    i.SCB_EnableICache  sys.o
    0x08003aa0   0x08003aa0   0x00000002   Code   RO          354    i.SVC_Handler       stm32h7xx_it.o
    0x08003aa2   0x08003aa2   0x00000002   PAD
    0x08003aa4   0x08003aa4   0x000000f8   Code   RO          554    i.Stm32_Clock_Init  sys.o
    0x08003b9c   0x08003b9c   0x00000008   Code   RO          355    i.SysTick_Handler   stm32h7xx_it.o
    0x08003ba4   0x08003ba4   0x00000094   Code   RO          429    i.SystemInit        system_stm32h7xx.o
    0x08003c38   0x08003c38   0x00000010   Code   RO         4003    i.TIM3_IRQHandler   timer.o
    0x08003c48   0x08003c48   0x0000002c   Code   RO         4004    i.TIM3_Init         timer.o
    0x08003c74   0x08003c74   0x00000010   Code   RO         4005    i.TIM4_IRQHandler   timer.o
    0x08003c84   0x08003c84   0x0000002c   Code   RO         4006    i.TIM4_Init         timer.o
    0x08003cb0   0x08003cb0   0x000000cc   Code   RO         3112    i.TIM_Base_SetConfig  stm32h7xx_hal_tim.o
    0x08003d7c   0x08003d7c   0x000000ea   Code   RO         2383    i.UART_AdvFeatureConfig  stm32h7xx_hal_uart.o
    0x08003e66   0x08003e66   0x00000074   Code   RO         2384    i.UART_CheckIdleState  stm32h7xx_hal_uart.o
    0x08003eda   0x08003eda   0x00000018   Code   RO         2385    i.UART_DMAAbortOnError  stm32h7xx_hal_uart.o
    0x08003ef2   0x08003ef2   0x00000020   Code   RO         2395    i.UART_EndRxTransfer  stm32h7xx_hal_uart.o
    0x08003f12   0x08003f12   0x00000020   Code   RO         2396    i.UART_EndTransmit_IT  stm32h7xx_hal_uart.o
    0x08003f32   0x08003f32   0x0000008a   Code   RO         2398    i.UART_Receive_IT   stm32h7xx_hal_uart.o
    0x08003fbc   0x08003fbc   0x000009a4   Code   RO         2399    i.UART_SetConfig    stm32h7xx_hal_uart.o
    0x08004960   0x08004960   0x00000082   Code   RO         2400    i.UART_Transmit_IT  stm32h7xx_hal_uart.o
    0x080049e2   0x080049e2   0x0000006c   Code   RO         2401    i.UART_WaitOnFlagUntilTimeout  stm32h7xx_hal_uart.o
    0x08004a4e   0x08004a4e   0x00000002   PAD
    0x08004a50   0x08004a50   0x00000050   Code   RO          612    i.USART1_IRQHandler  usart.o
    0x08004aa0   0x08004aa0   0x00000004   Code   RO          356    i.UsageFault_Handler  stm32h7xx_it.o
    0x08004aa4   0x08004aa4   0x00000030   Code   RO         4371    i.__ARM_fpclassify  m_wv.l(fpclassify.o)
    0x08004ad4   0x08004ad4   0x00000010   Code   RO         1171    i.__NVIC_GetPriorityGrouping  stm32h7xx_hal_cortex.o
    0x08004ae4   0x08004ae4   0x00000028   Code   RO         1172    i.__NVIC_SetPriority  stm32h7xx_hal_cortex.o
    0x08004b0c   0x08004b0c   0x00000004   Code   RO          613    i._sys_exit         usart.o
    0x08004b10   0x08004b10   0x00000014   Code   RO          509    i.delay_init        delay.o
    0x08004b24   0x08004b24   0x00000050   Code   RO          735    i.fast_read         quicklz.o
    0x08004b74   0x08004b74   0x00000042   Code   RO          736    i.fast_write        quicklz.o
    0x08004bb6   0x08004bb6   0x00000002   PAD
    0x08004bb8   0x08004bb8   0x0000001c   Code   RO          614    i.fputc             usart.o
    0x08004bd4   0x08004bd4   0x00000010   Code   RO          737    i.hash_func         quicklz.o
    0x08004be4   0x08004be4   0x0000001a   Code   RO          738    i.hashat            quicklz.o
    0x08004bfe   0x08004bfe   0x00000002   PAD
    0x08004c00   0x08004c00   0x00000134   Code   RO            5    i.main              main.o
    0x08004d34   0x08004d34   0x0000009a   Code   RO          740    i.qlz_compress      quicklz.o
    0x08004dce   0x08004dce   0x000002ae   Code   RO          741    i.qlz_compress_core  quicklz.o
    0x0800507c   0x0800507c   0x0000001a   Code   RO          748    i.reset_table_compress  quicklz.o
    0x08005096   0x08005096   0x00000002   PAD
    0x08005098   0x08005098   0x00000038   Code   RO          615    i.uart_init         usart.o
    0x080050d0   0x080050d0   0x0000002c   Code   RO         4355    locale$$code        c_w.l(lc_numeric_c.o)
    0x080050fc   0x080050fc   0x0000000a   Code   RO         4366    x$fpl$fpinit        fz_wv.l(fpinit.o)
    0x08005106   0x08005106   0x00000004   Code   RO         4194    x$fpl$printf1       fz_wv.l(printf1.o)
    0x0800510a   0x0800510a   0x00000000   Code   RO         4370    x$fpl$usenofp       fz_wv.l(usenofp.o)
    0x0800510a   0x0800510a   0x00000040   Data   RO          430    .constdata          system_stm32h7xx.o
    0x0800514a   0x0800514a   0x00000030   Data   RO         2402    .constdata          stm32h7xx_hal_uart.o
    0x0800517a   0x0800517a   0x00000028   Data   RO         4138    .constdata          c_w.l(_printf_hex_int.o)
    0x080051a2   0x080051a2   0x00000002   PAD
    0x080051a4   0x080051a4   0x00000094   Data   RO         4326    .constdata          c_w.l(bigflt0.o)
    0x08005238   0x08005238   0x00000020   Data   RO         4464    Region$$Table       anon$$obj.o
    0x08005258   0x08005258   0x0000001c   Data   RO         4354    locale$$data        c_w.l(lc_numeric_c.o)


    Execution Region RW_IRAM1 (Exec base: 0x24000000, Load base: 0x08005274, Size: 0x00034348, Max: 0x00080000, ABSOLUTE)

    Exec Addr    Load Addr    Size         Type   Attr      Idx    E Section Name        Object

    0x24000000   0x08005274   0x00000008   Data   RW          431    .data               system_stm32h7xx.o
    0x24000008   0x0800527c   0x00000004   Data   RW          513    .data               delay.o
    0x2400000c   0x08005280   0x00000007   Data   RW          618    .data               usart.o
    0x24000013   0x08005287   0x00000001   PAD
    0x24000014   0x08005288   0x00000010   Data   RW          682    .data               logcompress.o
    0x24000024   0x08005298   0x00000009   Data   RW          887    .data               stm32h7xx_hal.o
    0x2400002d   0x080052a1   0x00000003   PAD
    0x24000030   0x080052a4   0x00000008   Data   RW         4009    .data               timer.o
    0x24000038        -       0x00000148   Zero   RW          616    .bss                usart.o
    0x24000180        -       0x00004000   Zero   RW          680    .bss                logcompress.o
    0x24004180        -       0x00000080   Zero   RW         4007    .bss                timer.o
    0x24004200        -       0x000000e4   Zero   RW         4181    .bss                c_w.l(rand.o)
    0x240042e4        -       0x00000060   Zero   RW         4287    .bss                c_w.l(libspace.o)
    0x24004344   0x080052ac   0x00000004   PAD
    0x24004348        -       0x00020000   Zero   RW          498    HEAP                startup_stm32h743xx.o
    0x24024348        -       0x00010000   Zero   RW          497    STACK               startup_stm32h743xx.o


==============================================================================

Image component sizes


      Code (inc. data)   RO Data    RW Data    ZI Data      Debug   Object Name

        20          4          0          4          0       1025   delay.o
         2          0          0          0          0        292   jump.o
        88         10          0          0          0       1107   led.o
       564         88          0         16      16384       7144   logcompress.o
       336         94          0          0          0    1215890   main.o
      1054          0          0          0          0       9035   quicklz.o
        64         26        664          0     196608        916   startup_stm32h743xx.o
       160         32          0          9          0       4803   stm32h7xx_hal.o
       342         22          0          0          0      40361   stm32h7xx_hal_cortex.o
       248         12          0          0          0       2319   stm32h7xx_hal_dma.o
       598         54          0          0          0       2848   stm32h7xx_hal_gpio.o
         2          0          0          0          0        570   stm32h7xx_hal_msp.o
      3048         86          0          0          0       6832   stm32h7xx_hal_rcc.o
      1212         70          0          0          0       4143   stm32h7xx_hal_rcc_ex.o
       734         32          0          0          0       6883   stm32h7xx_hal_tim.o
         4          0          0          0          0       2086   stm32h7xx_hal_tim_ex.o
      4094        140         48          0          0      14916   stm32h7xx_hal_uart.o
         2          0          0          0          0       1212   stm32h7xx_hal_uart_ex.o
        32          0          0          0          0       5154   stm32h7xx_it.o
       556         30          0          0          0      38033   sys.o
       148         18         64          8          0       1602   system_stm32h7xx.o
       296         60          0          8        128       5120   timer.o
       456         62          0          7        328       6437   usart.o

    ----------------------------------------------------------------------
     14080        840        808         56     213448    1378728   Object Totals
         0          0         32          0          0          0   (incl. Generated)
        20          0          0          4          0          0   (incl. Padding)

    ----------------------------------------------------------------------

      Code (inc. data)   RO Data    RW Data    ZI Data      Debug   Library Member Name

         8          0          0          0          0         68   __main.o
       184          0          0          0          0         84   __printf_ss.o
         0          0          0          0          0          0   __rtentry.o
        12          0          0          0          0          0   __rtentry2.o
         6          0          0          0          0          0   __rtentry4.o
        52          8          0          0          0          0   __scatter.o
        26          0          0          0          0          0   __scatter_copy.o
        28          0          0          0          0          0   __scatter_zi.o
        48          6          0          0          0         96   _printf_char_common.o
        36          4          0          0          0         80   _printf_char_file.o
         6          0          0          0          0          0   _printf_d.o
       120         16          0          0          0         92   _printf_dec.o
         6          0          0          0          0          0   _printf_f.o
      1054          0          0          0          0        216   _printf_fp_dec.o
       128         16          0          0          0         84   _printf_fp_infnan.o
        88          4         40          0          0         88   _printf_hex_int.o
       178          0          0          0          0         88   _printf_intcommon.o
         0          0          0          0          0          0   _printf_percent.o
         4          0          0          0          0          0   _printf_percent_end.o
         6          0          0          0          0          0   _printf_x.o
       228          4        148          0          0         96   bigflt0.o
      1936        128          0          0          0        672   btod.o
        10          0          0          0          0         68   defsig_exit.o
        50          0          0          0          0         88   defsig_general.o
        80         58          0          0          0         76   defsig_rtmem_inner.o
        14          0          0          0          0         80   defsig_rtmem_outer.o
        18          0          0          0          0         80   exit.o
         8          0          0          0          0         68   ferror.o
        94          0          0          0          0         80   h1_alloc.o
        52          0          0          0          0         68   h1_extend.o
        78          0          0          0          0         80   h1_free.o
        14          0          0          0          0         84   h1_init.o
         6          0          0          0          0        152   heapauxi.o
         4          0          0          0          0        136   hguard.o
         0          0          0          0          0          0   indicate_semi.o
       138          0          0          0          0        168   init_alloc.o
        44         10         28          0          0         76   lc_numeric_c.o
         2          0          0          0          0          0   libinit.o
        34          0          0          0          0          0   libinit2.o
         2          0          0          0          0          0   libshutdown.o
         2          0          0          0          0          0   libshutdown2.o
         8          4          0          0         96         68   libspace.o
       138          0          0          0          0         80   lludiv10.o
       238          0          0          0          0        100   lludivv7m.o
         0          0          0          0          0          0   maybetermalloc1.o
        24          4          0          0          0         84   noretval__2printf.o
       112         18          0          0        228        160   rand.o
         8          4          0          0          0         68   rt_heap_descriptor_intlibspace.o
         8          4          0          0          0         68   rt_locale_intlibspace.o
        68          0          0          0          0         68   rt_memclr.o
        78          0          0          0          0         80   rt_memclr_w.o
       138          0          0          0          0         68   rt_memcpy_v6.o
       100          0          0          0          0         80   rt_memcpy_w.o
         2          0          0          0          0          0   rtexit.o
        10          0          0          0          0          0   rtexit2.o
       104          0          0          0          0         68   strcmpv7m_pel.o
        74          0          0          0          0         80   sys_stackheap_outer.o
        14          0          0          0          0         76   sys_wrch.o
         2          0          0          0          0         68   use_no_semi.o
        10          0          0          0          0        116   fpinit.o
         4          0          0          0          0        116   printf1.o
         0          0          0          0          0          0   usenofp.o
        48          0          0          0          0        124   fpclassify.o

    ----------------------------------------------------------------------
      6002        288        218          0        328       4540   Library Totals
        10          0          2          0          4          0   (incl. Padding)

    ----------------------------------------------------------------------

      Code (inc. data)   RO Data    RW Data    ZI Data      Debug   Library Name

      5930        288        216          0        324       4184   c_w.l
        14          0          0          0          0        232   fz_wv.l
        48          0          0          0          0        124   m_wv.l

    ----------------------------------------------------------------------
      6002        288        218          0        328       4540   Library Totals

    ----------------------------------------------------------------------

==============================================================================


      Code (inc. data)   RO Data    RW Data    ZI Data      Debug   

     20082       1128       1026         56     213776    1372076   Grand Totals
     20082       1128       1026         56     213776    1372076   ELF Image Totals
     20082       1128       1026         56          0          0   ROM Totals

==============================================================================

    Total RO  Size (Code + RO Data)                21108 (  20.61kB)
    Total RW  Size (RW Data + ZI Data)            213832 ( 208.82kB)
    Total ROM Size (Code + RO Data + RW Data)      21164 (  20.67kB)

==============================================================================

