Component: ARM Compiler 5.06 update 7 (build 960) Tool: armlink [4d3601]

==============================================================================

Section Cross References

    main.o(i.main) refers to sys.o(i.Cache_Enable) for Cache_Enable
    main.o(i.main) refers to stm32h7xx_hal.o(i.HAL_Init) for HAL_Init
    main.o(i.main) refers to sys.o(i.Stm32_Clock_Init) for Stm32_Clock_Init
    main.o(i.main) refers to delay.o(i.delay_init) for delay_init
    main.o(i.main) refers to usart.o(i.uart_init) for uart_init
    main.o(i.main) refers to led.o(i.LED_Init) for LED_Init
    main.o(i.main) refers to timer.o(i.TIM3_Init) for TIM3_Init
    main.o(i.main) refers to timer.o(i.TIM4_Init) for TIM4_Init
    main.o(i.main) refers to logcompress.o(i.CompressInit) for CompressInit
    main.o(i.main) refers to noretval__2printf.o(.text) for __2printf
    main.o(i.main) refers to rand.o(.text) for srand
    main.o(i.main) refers to rand.o(.emb_text) for rand
    main.o(i.main) refers to logcompress.o(i.LogCompress) for LogCompress
    main.o(i.main) refers to logcompress.o(i.CompressRelease) for CompressRelease
    main.o(i.main) refers to timer.o(.data) for seed
    stm32h7xx_it.o(i.SysTick_Handler) refers to stm32h7xx_hal.o(i.HAL_IncTick) for HAL_IncTick
    system_stm32h7xx.o(i.SystemCoreClockUpdate) refers to system_stm32h7xx.o(.data) for SystemCoreClock
    system_stm32h7xx.o(i.SystemCoreClockUpdate) refers to system_stm32h7xx.o(.constdata) for D1CorePrescTable
    startup_stm32h743xx.o(STACK) refers (Special) to heapauxi.o(.text) for __use_two_region_memory
    startup_stm32h743xx.o(HEAP) refers (Special) to heapauxi.o(.text) for __use_two_region_memory
    startup_stm32h743xx.o(RESET) refers (Special) to heapauxi.o(.text) for __use_two_region_memory
    startup_stm32h743xx.o(RESET) refers to startup_stm32h743xx.o(STACK) for __initial_sp
    startup_stm32h743xx.o(RESET) refers to startup_stm32h743xx.o(.text) for Reset_Handler
    startup_stm32h743xx.o(RESET) refers to stm32h7xx_it.o(i.NMI_Handler) for NMI_Handler
    startup_stm32h743xx.o(RESET) refers to stm32h7xx_it.o(i.HardFault_Handler) for HardFault_Handler
    startup_stm32h743xx.o(RESET) refers to stm32h7xx_it.o(i.MemManage_Handler) for MemManage_Handler
    startup_stm32h743xx.o(RESET) refers to stm32h7xx_it.o(i.BusFault_Handler) for BusFault_Handler
    startup_stm32h743xx.o(RESET) refers to stm32h7xx_it.o(i.UsageFault_Handler) for UsageFault_Handler
    startup_stm32h743xx.o(RESET) refers to stm32h7xx_it.o(i.SVC_Handler) for SVC_Handler
    startup_stm32h743xx.o(RESET) refers to stm32h7xx_it.o(i.DebugMon_Handler) for DebugMon_Handler
    startup_stm32h743xx.o(RESET) refers to stm32h7xx_it.o(i.PendSV_Handler) for PendSV_Handler
    startup_stm32h743xx.o(RESET) refers to stm32h7xx_it.o(i.SysTick_Handler) for SysTick_Handler
    startup_stm32h743xx.o(RESET) refers to timer.o(i.TIM3_IRQHandler) for TIM3_IRQHandler
    startup_stm32h743xx.o(RESET) refers to timer.o(i.TIM4_IRQHandler) for TIM4_IRQHandler
    startup_stm32h743xx.o(RESET) refers to usart.o(i.USART1_IRQHandler) for USART1_IRQHandler
    startup_stm32h743xx.o(.text) refers (Special) to heapauxi.o(.text) for __use_two_region_memory
    startup_stm32h743xx.o(.text) refers to system_stm32h7xx.o(i.SystemInit) for SystemInit
    startup_stm32h743xx.o(.text) refers to __main.o(!!!main) for __main
    startup_stm32h743xx.o(.text) refers to startup_stm32h743xx.o(HEAP) for Heap_Mem
    startup_stm32h743xx.o(.text) refers to startup_stm32h743xx.o(STACK) for Stack_Mem
    startup_stm32h743xx_ram.o(RESET_ram) refers to stm32h7xx_it.o(i.NMI_Handler) for NMI_Handler
    startup_stm32h743xx_ram.o(RESET_ram) refers to stm32h7xx_it.o(i.HardFault_Handler) for HardFault_Handler
    startup_stm32h743xx_ram.o(RESET_ram) refers to stm32h7xx_it.o(i.MemManage_Handler) for MemManage_Handler
    startup_stm32h743xx_ram.o(RESET_ram) refers to stm32h7xx_it.o(i.BusFault_Handler) for BusFault_Handler
    startup_stm32h743xx_ram.o(RESET_ram) refers to stm32h7xx_it.o(i.UsageFault_Handler) for UsageFault_Handler
    startup_stm32h743xx_ram.o(RESET_ram) refers to stm32h7xx_it.o(i.SVC_Handler) for SVC_Handler
    startup_stm32h743xx_ram.o(RESET_ram) refers to stm32h7xx_it.o(i.DebugMon_Handler) for DebugMon_Handler
    startup_stm32h743xx_ram.o(RESET_ram) refers to stm32h7xx_it.o(i.PendSV_Handler) for PendSV_Handler
    startup_stm32h743xx_ram.o(RESET_ram) refers to stm32h7xx_it.o(i.SysTick_Handler) for SysTick_Handler
    startup_stm32h743xx_ram.o(RESET_ram) refers to startup_stm32h743xx.o(.text) for WWDG_IRQHandler
    startup_stm32h743xx_ram.o(RESET_ram) refers to timer.o(i.TIM3_IRQHandler) for TIM3_IRQHandler
    startup_stm32h743xx_ram.o(RESET_ram) refers to timer.o(i.TIM4_IRQHandler) for TIM4_IRQHandler
    startup_stm32h743xx_ram.o(RESET_ram) refers to usart.o(i.USART1_IRQHandler) for USART1_IRQHandler
[...]
    i.HAL_NVIC_SetPriorityGrouping           0x08001e54   Section        0  stm32h7xx_hal_cortex.o(i.HAL_NVIC_SetPriorityGrouping)
    i.HAL_RCCEx_GetD1SysClockFreq            0x08001e7c   Section        0  stm32h7xx_hal_rcc_ex.o(i.HAL_RCCEx_GetD1SysClockFreq)
    i.HAL_RCCEx_GetD3PCLK1Freq               0x08001eb4   Section        0  stm32h7xx_hal_rcc_ex.o(i.HAL_RCCEx_GetD3PCLK1Freq)
    i.HAL_RCCEx_GetPLL2ClockFreq             0x08001ee0   Section        0  stm32h7xx_hal_rcc_ex.o(i.HAL_RCCEx_GetPLL2ClockFreq)
    i.HAL_RCCEx_GetPLL3ClockFreq             0x0800210c   Section        0  stm32h7xx_hal_rcc_ex.o(i.HAL_RCCEx_GetPLL3ClockFreq)
    i.HAL_RCC_ClockConfig                    0x08002338   Section        0  stm32h7xx_hal_rcc.o(i.HAL_RCC_ClockConfig)
    i.HAL_RCC_GetHCLKFreq                    0x08002588   Section        0  stm32h7xx_hal_rcc.o(i.HAL_RCC_GetHCLKFreq)
    i.HAL_RCC_GetPCLK1Freq                   0x080025c0   Section        0  stm32h7xx_hal_rcc.o(i.HAL_RCC_GetPCLK1Freq)
    i.HAL_RCC_GetPCLK2Freq                   0x080025ec   Section        0  stm32h7xx_hal_rcc.o(i.HAL_RCC_GetPCLK2Freq)
    i.HAL_RCC_GetSysClockFreq                0x08002618   Section        0  stm32h7xx_hal_rcc.o(i.HAL_RCC_GetSysClockFreq)
    i.HAL_RCC_OscConfig                      0x0800285c   Section        0  stm32h7xx_hal_rcc.o(i.HAL_RCC_OscConfig)
    i.HAL_SYSTICK_CLKSourceConfig            0x08002f20   Section        0  stm32h7xx_hal_cortex.o(i.HAL_SYSTICK_CLKSourceConfig)
    i.HAL_SYSTICK_Config                     0x08002f48   Section        0  stm32h7xx_hal_cortex.o(i.HAL_SYSTICK_Config)
    i.HAL_TIMEx_BreakCallback                0x08002f7c   Section        0  stm32h7xx_hal_tim_ex.o(i.HAL_TIMEx_BreakCallback)
    i.HAL_TIMEx_CommutationCallback          0x08002f7e   Section        0  stm32h7xx_hal_tim_ex.o(i.HAL_TIMEx_CommutationCallback)
    i.HAL_TIM_Base_Init                      0x08002f80   Section        0  stm32h7xx_hal_tim.o(i.HAL_TIM_Base_Init)
    i.HAL_TIM_Base_MspInit                   0x08002fb4   Section        0  timer.o(i.HAL_TIM_Base_MspInit)
    i.HAL_TIM_Base_Start_IT                  0x08003030   Section        0  stm32h7xx_hal_tim.o(i.HAL_TIM_Base_Start_IT)
    i.HAL_TIM_IC_CaptureCallback             0x0800304e   Section        0  stm32h7xx_hal_tim.o(i.HAL_TIM_IC_CaptureCallback)
    i.HAL_TIM_IRQHandler                     0x08003050   Section        0  stm32h7xx_hal_tim.o(i.HAL_TIM_IRQHandler)
    i.HAL_TIM_OC_DelayElapsedCallback        0x08003208   Section        0  stm32h7xx_hal_tim.o(i.HAL_TIM_OC_DelayElapsedCallback)
    i.HAL_TIM_PWM_PulseFinishedCallback      0x0800320a   Section        0  stm32h7xx_hal_tim.o(i.HAL_TIM_PWM_PulseFinishedCallback)
    i.HAL_TIM_PeriodElapsedCallback          0x0800320c   Section        0  timer.o(i.HAL_TIM_PeriodElapsedCallback)
    i.HAL_TIM_TriggerCallback                0x08003240   Section        0  stm32h7xx_hal_tim.o(i.HAL_TIM_TriggerCallback)
    i.HAL_UARTEx_WakeupCallback              0x08003242   Section        0  stm32h7xx_hal_uart_ex.o(i.HAL_UARTEx_WakeupCallback)
    i.HAL_UART_ErrorCallback                 0x08003244   Section        0  stm32h7xx_hal_uart.o(i.HAL_UART_ErrorCallback)
    i.HAL_UART_GetState                      0x08003246   Section        0  stm32h7xx_hal_uart.o(i.HAL_UART_GetState)
    i.HAL_UART_IRQHandler                    0x0800325c   Section        0  stm32h7xx_hal_uart.o(i.HAL_UART_IRQHandler)
    i.HAL_UART_Init                          0x08003418   Section        0  stm32h7xx_hal_uart.o(i.HAL_UART_Init)
    i.HAL_UART_MspInit                       0x08003490   Section        0  usart.o(i.HAL_UART_MspInit)
    i.HAL_UART_Receive_IT                    0x08003528   Section        0  stm32h7xx_hal_uart.o(i.HAL_UART_Receive_IT)
    i.HAL_UART_RxCpltCallback                0x08003608   Section        0  usart.o(i.HAL_UART_RxCpltCallback)
    i.HAL_UART_TxCpltCallback                0x08003690   Section        0  stm32h7xx_hal_uart.o(i.HAL_UART_TxCpltCallback)
    i.HardFault_Handler                      0x08003692   Section        0  stm32h7xx_it.o(i.HardFault_Handler)
    i.LED_Init                               0x08003698   Section        0  led.o(i.LED_Init)
    i.MemManage_Handler                      0x080036f0   Section        0  stm32h7xx_it.o(i.MemManage_Handler)
    i.NMI_Handler                            0x080036f4   Section        0  stm32h7xx_it.o(i.NMI_Handler)
    i.PendSV_Handler                         0x080036f6   Section        0  stm32h7xx_it.o(i.PendSV_Handler)
    i.SCB_EnableDCache                       0x080036f8   Section        0  sys.o(i.SCB_EnableDCache)
    SCB_EnableDCache                         0x080036f9   Thumb Code   148  sys.o(i.SCB_EnableDCache)
    i.SCB_EnableICache                       0x08003794   Section        0  sys.o(i.SCB_EnableICache)
    SCB_EnableICache                         0x08003795   Thumb Code   116  sys.o(i.SCB_EnableICache)
    i.SVC_Handler                            0x08003810   Section        0  stm32h7xx_it.o(i.SVC_Handler)
    i.Stm32_Clock_Init                       0x08003814   Section        0  sys.o(i.Stm32_Clock_Init)
    i.SysTick_Handler                        0x0800390c   Section        0  stm32h7xx_it.o(i.SysTick_Handler)
    i.SystemInit                             0x08003914   Section        0  system_stm32h7xx.o(i.SystemInit)
    i.TIM3_IRQHandler                        0x080039a8   Section        0  timer.o(i.TIM3_IRQHandler)
    i.TIM3_Init                              0x080039b8   Section        0  timer.o(i.TIM3_Init)
    i.TIM4_IRQHandler                        0x080039e4   Section        0  timer.o(i.TIM4_IRQHandler)
    i.TIM4_Init                              0x080039f4   Section        0  timer.o(i.TIM4_Init)
    i.TIM_Base_SetConfig                     0x08003a20   Section        0  stm32h7xx_hal_tim.o(i.TIM_Base_SetConfig)
    i.UART_AdvFeatureConfig                  0x08003aec   Section        0  stm32h7xx_hal_uart.o(i.UART_AdvFeatureConfig)
    i.UART_CheckIdleState                    0x08003bd6   Section        0  stm32h7xx_hal_uart.o(i.UART_CheckIdleState)
    i.UART_DMAAbortOnError                   0x08003c4a   Section        0  stm32h7xx_hal_uart.o(i.UART_DMAAbortOnError)
    UART_DMAAbortOnError                     0x08003c4b   Thumb Code    24  stm32h7xx_hal_uart.o(i.UART_DMAAbortOnError)
    i.UART_EndRxTransfer                     0x08003c62   Section        0  stm32h7xx_hal_uart.o(i.UART_EndRxTransfer)
    UART_EndRxTransfer                       0x08003c63   Thumb Code    32  stm32h7xx_hal_uart.o(i.UART_EndRxTransfer)
    i.UART_EndTransmit_IT                    0x08003c82   Section        0  stm32h7xx_hal_uart.o(i.UART_EndTransmit_IT)
    UART_EndTransmit_IT                      0x08003c83   Thumb Code    32  stm32h7xx_hal_uart.o(i.UART_EndTransmit_IT)
    i.UART_Receive_IT                        0x08003ca2   Section        0  stm32h7xx_hal_uart.o(i.UART_Receive_IT)
    UART_Receive_IT                          0x08003ca3   Thumb Code   138  stm32h7xx_hal_uart.o(i.UART_Receive_IT)
    i.UART_SetConfig                         0x08003d2c   Section        0  stm32h7xx_hal_uart.o(i.UART_SetConfig)
    i.UART_Transmit_IT                       0x080046d0   Section        0  stm32h7xx_hal_uart.o(i.UART_Transmit_IT)
    UART_Transmit_IT                         0x080046d1   Thumb Code   130  stm32h7xx_hal_uart.o(i.UART_Transmit_IT)
    i.UART_WaitOnFlagUntilTimeout            0x08004752   Section        0  stm32h7xx_hal_uart.o(i.UART_WaitOnFlagUntilTimeout)
    i.USART1_IRQHandler                      0x080047c0   Section        0  usart.o(i.USART1_IRQHandler)
    i.UsageFault_Handler                     0x08004810   Section        0  stm32h7xx_it.o(i.UsageFault_Handler)
    i.__ARM_fpclassify                       0x08004814   Section        0  fpclassify.o(i.__ARM_fpclassify)
    i.__NVIC_GetPriorityGrouping             0x08004844   Section        0  stm32h7xx_hal_cortex.o(i.__NVIC_GetPriorityGrouping)
    __NVIC_GetPriorityGrouping               0x08004845   Thumb Code    10  stm32h7xx_hal_cortex.o(i.__NVIC_GetPriorityGrouping)
    i.__NVIC_SetPriority                     0x08004854   Section        0  stm32h7xx_hal_cortex.o(i.__NVIC_SetPriority)
    __NVIC_SetPriority                       0x08004855   Thumb Code    32  stm32h7xx_hal_cortex.o(i.__NVIC_SetPriority)
    i._sys_exit                              0x0800487c   Section        0  usart.o(i._sys_exit)
    i.delay_init                             0x08004880   Section        0  delay.o(i.delay_init)
    i.fputc                                  0x08004894   Section        0  usart.o(i.fputc)
    i.main                                   0x080048b0   Section        0  main.o(i.main)
    i.uart_init                              0x0800496c   Section        0  usart.o(i.uart_init)
    locale$$code                             0x080049a4   Section       44  lc_numeric_c.o(locale$$code)
    x$fpl$fpinit                             0x080049d0   Section       10  fpinit.o(x$fpl$fpinit)
    $v0                                      0x080049d0   Number         0  fpinit.o(x$fpl$fpinit)
    x$fpl$printf1                            0x080049da   Section        4  printf1.o(x$fpl$printf1)
    $v0                                      0x080049da   Number         0  printf1.o(x$fpl$printf1)
    .constdata                               0x080049de   Section       64  system_stm32h7xx.o(.constdata)
    x$fpl$usenofp                            0x080049de   Section        0  usenofp.o(x$fpl$usenofp)
    UARTPrescTable                           0x080049de   Data          24  system_stm32h7xx.o(.constdata)
    USARTPrescTable                          0x080049f6   Data          24  system_stm32h7xx.o(.constdata)
    .constdata                               0x08004a1e   Section       48  stm32h7xx_hal_uart.o(.constdata)
    UARTPrescTable                           0x08004a1e   Data          24  stm32h7xx_hal_uart.o(.constdata)
    USARTPrescTable                          0x08004a36   Data          24  stm32h7xx_hal_uart.o(.constdata)
    .constdata                               0x08004a50   Section      148  bigflt0.o(.constdata)
    tenpwrs_x                                0x08004a50   Data          60  bigflt0.o(.constdata)
    tenpwrs_i                                0x08004a8c   Data          64  bigflt0.o(.constdata)
    locale$$data                             0x08004b14   Section       28  lc_numeric_c.o(locale$$data)
    __lcnum_c_name                           0x08004b18   Data           2  lc_numeric_c.o(locale$$data)
    __lcnum_c_start                          0x08004b20   Data           0  lc_numeric_c.o(locale$$data)
    __lcnum_c_point                          0x08004b2c   Data           0  lc_numeric_c.o(locale$$data)
    __lcnum_c_thousands                      0x08004b2e   Data           0  lc_numeric_c.o(locale$$data)
    __lcnum_c_grouping                       0x08004b2f   Data           0  lc_numeric_c.o(locale$$data)
    __lcnum_c_end                            0x08004b30   Data           0  lc_numeric_c.o(locale$$data)
    i.CompressInit                           0x2400003c   Section        0  logcompress.o(i.CompressInit)
    i.CompressRelease                        0x240000cc   Section        0  logcompress.o(i.CompressRelease)
    i.LogCompress                            0x24000164   Section        0  logcompress.o(i.LogCompress)
    i.RealCompress                           0x240001c4   Section        0  logcompress.o(i.RealCompress)
    RealCompress                             0x240001c5   Thumb Code   150  logcompress.o(i.RealCompress)
    i.fast_read                              0x24000270   Section        0  quicklz.o(i.fast_read)
    fast_read                                0x24000271   Thumb Code    80  quicklz.o(i.fast_read)
    i.fast_write                             0x240002c0   Section        0  quicklz.o(i.fast_write)
    fast_write                               0x240002c1   Thumb Code    66  quicklz.o(i.fast_write)
    i.hash_func                              0x24000302   Section        0  quicklz.o(i.hash_func)
    hash_func                                0x24000303   Thumb Code    16  quicklz.o(i.hash_func)
    i.hashat                                 0x24000312   Section        0  quicklz.o(i.hashat)
    hashat                                   0x24000313   Thumb Code    26  quicklz.o(i.hashat)
    i.qlz_compress                           0x2400032c   Section        0  quicklz.o(i.qlz_compress)
    i.qlz_compress_core                      0x240003c6   Section        0  quicklz.o(i.qlz_compress_core)
    qlz_compress_core                        0x240003c7   Thumb Code   686  quicklz.o(i.qlz_compress_core)
    i.reset_table_compress                   0x24000674   Section        0  quicklz.o(i.reset_table_compress)
    reset_table_compress                     0x24000675   Thumb Code    26  quicklz.o(i.reset_table_compress)
    .data                                    0x24000690   Section        8  system_stm32h7xx.o(.data)
    .data                                    0x24000698   Section        4  delay.o(.data)
    fac_us                                   0x24000698   Data           4  delay.o(.data)
    .data                                    0x2400069c   Section        7  usart.o(.data)
    .data                                    0x240006a4   Section       16  logcompress.o(.data)
    count                                    0x240006a4   Data           4  logcompress.o(.data)
    total_time                               0x240006a8   Data           4  logcompress.o(.data)
    compress_worker                          0x240006ac   Data           4  logcompress.o(.data)
    .data                                    0x240006b4   Section        9  stm32h7xx_hal.o(.data)
    uwTick                                   0x240006b4   Data           4  stm32h7xx_hal.o(.data)
    uwTickPrio                               0x240006b8   Data           4  stm32h7xx_hal.o(.data)
    uwTickFreq                               0x240006bc   Data           1  stm32h7xx_hal.o(.data)
    .data                                    0x240006c0   Section        8  timer.o(.data)
    .bss                                     0x240006c8   Section      328  usart.o(.bss)
    .bss                                     0x24000810   Section    16384  logcompress.o(.bss)
    CompressSize                             0x24000810   Data       16384  logcompress.o(.bss)
    .bss                                     0x24004810   Section      128  timer.o(.bss)
    .bss                                     0x24004890   Section      228  rand.o(.bss)
    .bss                                     0x24004974   Section       96  libspace.o(.bss)
    HEAP                                     0x240049d8   Section    131072  startup_stm32h743xx.o(HEAP)
    Heap_Mem                                 0x240049d8   Data       131072  startup_stm32h743xx.o(HEAP)
    STACK                                    0x240249d8   Section    65536  startup_stm32h743xx.o(STACK)
    Stack_Mem                                0x240249d8   Data       65536  startup_stm32h743xx.o(STACK)
    __initial_sp                             0x240349d8   Data           0  startup_stm32h743xx.o(STACK)

    Global Symbols

    Symbol Name                              Value     Ov Type        Size  Object(Section)

    BuildAttributes$$THM_ISAv4$E$P$D$K$B$S$7EM$VFPv5_D16$PE$PLD8$A:L22UL41UL21$X:L11$S22US41US21$IEEE1$IW$USESV6$~STKCKD$USESV7$~SHL$OTIME$ROPI$IEEEJ$EBA8$UX$STANDARDLIB$REQ8$PRES8$EABIv2 0x00000000   Number         0  anon$$obj.o ABSOLUTE
    __ARM_use_no_argv                        0x00000000   Number         0  main.o ABSOLUTE
    _printf_flags                            0x00000000   Number         0  printf_stubs.o ABSOLUTE
    _printf_return_value                     0x00000000   Number         0  printf_stubs.o ABSOLUTE
    _printf_sizespec                         0x00000000   Number         0  printf_stubs.o ABSOLUTE
    _printf_widthprec                        0x00000000   Number         0  printf_stubs.o ABSOLUTE
    __ARM_exceptions_init                     - Undefined Weak Reference
    __alloca_initialize                       - Undefined Weak Reference
    __arm_fini_                               - Undefined Weak Reference
    __arm_preinit_                            - Undefined Weak Reference
    __cpp_initialize__aeabi_                  - Undefined Weak Reference
    __cxa_finalize                            - Undefined Weak Reference
    __sigvec_lookup                           - Undefined Weak Reference
    __user_heap_extent                        - Undefined Weak Reference
    _atexit_init                              - Undefined Weak Reference
    _call_atexit_fns                          - Undefined Weak Reference
    _clock_init                               - Undefined Weak Reference
    _fp_trap_init                             - Undefined Weak Reference
    _fp_trap_shutdown                         - Undefined Weak Reference
    _get_lc_collate                           - Undefined Weak Reference
    _get_lc_ctype                             - Undefined Weak Reference
    _get_lc_monetary                          - Undefined Weak Reference
    _get_lc_time                              - Undefined Weak Reference
    _getenv_init                              - Undefined Weak Reference
    _handle_redirection                       - Undefined Weak Reference
    _initio                                   - Undefined Weak Reference
    _mutex_acquire                            - Undefined Weak Reference
    _mutex_free                               - Undefined Weak Reference
    _mutex_release                            - Undefined Weak Reference
    _printf_post_padding                      - Undefined Weak Reference
    _printf_pre_padding                       - Undefined Weak Reference
    _printf_truncate_signed                   - Undefined Weak Reference
    _printf_truncate_unsigned                 - Undefined Weak Reference
    _signal_finish                            - Undefined Weak Reference
    _signal_init                              - Undefined Weak Reference
    _terminateio                              - Undefined Weak Reference
    __Vectors_Size                           0x00000298   Number         0  startup_stm32h743xx.o ABSOLUTE
    __Vectors_Size_ram                       0x00000298   Number         0  startup_stm32h743xx_ram.o ABSOLUTE
    __Vectors                                0x08000000   Data           4  startup_stm32h743xx.o(RESET)
    __Vectors_End                            0x08000298   Data           0  startup_stm32h743xx.o(RESET)
    __main                                   0x08000299   Thumb Code     8  __main.o(!!!main)
    __scatterload                            0x080002a1   Thumb Code     0  __scatter.o(!!!scatter)
    __scatterload_rt2                        0x080002a1   Thumb Code    44  __scatter.o(!!!scatter)
    __scatterload_rt2_thumb_only             0x080002a1   Thumb Code     0  __scatter.o(!!!scatter)
    __scatterload_null                       0x080002af   Thumb Code     0  __scatter.o(!!!scatter)
    __scatterload_copy                       0x080002d5   Thumb Code    26  __scatter_copy.o(!!handler_copy)
    __scatterload_zeroinit                   0x080002f1   Thumb Code    28  __scatter_zi.o(!!handler_zi)
    _printf_f                                0x0800030d   Thumb Code     0  _printf_f.o(.ARM.Collect$$_printf_percent$$00000003)
    _printf_percent                          0x0800030d   Thumb Code     0  _printf_percent.o(.ARM.Collect$$_printf_percent$$00000000)
    _printf_d                                0x08000313   Thumb Code     0  _printf_d.o(.ARM.Collect$$_printf_percent$$00000009)
    _printf_percent_end                      0x08000319   Thumb Code     0  _printf_percent_end.o(.ARM.Collect$$_printf_percent$$00000017)
    __rt_lib_init                            0x0800031d   Thumb Code     0  libinit.o(.ARM.Collect$$libinit$$00000000)
    __rt_lib_init_fp_1                       0x0800031f   Thumb Code     0  libinit2.o(.ARM.Collect$$libinit$$00000001)
    __rt_lib_init_heap_2                     0x08000323   Thumb Code     0  libinit2.o(.ARM.Collect$$libinit$$00000005)
    __rt_lib_init_preinit_1                  0x08000323   Thumb Code     0  libinit2.o(.ARM.Collect$$libinit$$00000004)
    __rt_lib_init_heap_1                     0x0800032b   Thumb Code     0  libinit2.o(.ARM.Collect$$libinit$$0000000A)
    __rt_lib_init_rand_2                     0x0800032b   Thumb Code     0  libinit2.o(.ARM.Collect$$libinit$$0000000D)
    __rt_lib_init_user_alloc_1               0x0800032b   Thumb Code     0  libinit2.o(.ARM.Collect$$libinit$$0000000C)
    __rt_lib_init_lc_common                  0x0800032f   Thumb Code     0  libinit2.o(.ARM.Collect$$libinit$$0000000F)
    __rt_lib_init_rand_1                     0x0800032f   Thumb Code     0  libinit2.o(.ARM.Collect$$libinit$$0000000E)
    __rt_lib_init_lc_collate_1               0x08000335   Thumb Code     0  libinit2.o(.ARM.Collect$$libinit$$00000011)
    __rt_lib_init_lc_ctype_1                 0x08000335   Thumb Code     0  libinit2.o(.ARM.Collect$$libinit$$00000013)
    __rt_lib_init_lc_monetary_1              0x08000335   Thumb Code     0  libinit2.o(.ARM.Collect$$libinit$$00000015)
    __rt_lib_init_lc_numeric_2               0x08000335   Thumb Code     0  libinit2.o(.ARM.Collect$$libinit$$00000016)
    __rt_lib_init_alloca_1                   0x0800033f   Thumb Code     0  libinit2.o(.ARM.Collect$$libinit$$0000002E)
    __rt_lib_init_argv_1                     0x0800033f   Thumb Code     0  libinit2.o(.ARM.Collect$$libinit$$0000002C)
    __rt_lib_init_atexit_1                   0x0800033f   Thumb Code     0  libinit2.o(.ARM.Collect$$libinit$$0000001B)
    __rt_lib_init_clock_1                    0x0800033f   Thumb Code     0  libinit2.o(.ARM.Collect$$libinit$$00000021)
    __rt_lib_init_cpp_1                      0x0800033f   Thumb Code     0  libinit2.o(.ARM.Collect$$libinit$$00000032)
    __rt_lib_init_exceptions_1               0x0800033f   Thumb Code     0  libinit2.o(.ARM.Collect$$libinit$$00000030)
    __rt_lib_init_fp_trap_1                  0x0800033f   Thumb Code     0  libinit2.o(.ARM.Collect$$libinit$$0000001F)
    __rt_lib_init_getenv_1                   0x0800033f   Thumb Code     0  libinit2.o(.ARM.Collect$$libinit$$00000023)
    __rt_lib_init_lc_numeric_1               0x0800033f   Thumb Code     0  libinit2.o(.ARM.Collect$$libinit$$00000017)
    __rt_lib_init_lc_time_1                  0x0800033f   Thumb Code     0  libinit2.o(.ARM.Collect$$libinit$$00000019)
    __rt_lib_init_return                     0x0800033f   Thumb Code     0  libinit2.o(.ARM.Collect$$libinit$$00000033)
    __rt_lib_init_signal_1                   0x0800033f   Thumb Code     0  libinit2.o(.ARM.Collect$$libinit$$0000001D)
    __rt_lib_init_stdio_1                    0x0800033f   Thumb Code     0  libinit2.o(.ARM.Collect$$libinit$$00000025)
    __rt_lib_shutdown                        0x08000341   Thumb Code     0  libshutdown.o(.ARM.Collect$$libshutdown$$00000000)
    __rt_lib_shutdown_cpp_1                  0x08000343   Thumb Code     0  libshutdown2.o(.ARM.Collect$$libshutdown$$00000004)
    __rt_lib_shutdown_fini_1                 0x08000343   Thumb Code     0  libshutdown2.o(.ARM.Collect$$libshutdown$$00000002)
    __rt_lib_shutdown_fp_trap_1              0x08000343   Thumb Code     0  libshutdown2.o(.ARM.Collect$$libshutdown$$00000009)
    __rt_lib_shutdown_heap_1                 0x08000343   Thumb Code     0  libshutdown2.o(.ARM.Collect$$libshutdown$$00000011)
    __rt_lib_shutdown_return                 0x08000343   Thumb Code     0  libshutdown2.o(.ARM.Collect$$libshutdown$$00000012)
    __rt_lib_shutdown_signal_1               0x08000343   Thumb Code     0  libshutdown2.o(.ARM.Collect$$libshutdown$$0000000C)
    __rt_lib_shutdown_stdio_1                0x08000343   Thumb Code     0  libshutdown2.o(.ARM.Collect$$libshutdown$$00000006)
    __rt_lib_shutdown_user_alloc_1           0x08000343   Thumb Code     0  libshutdown2.o(.ARM.Collect$$libshutdown$$0000000E)
    __rt_entry                               0x08000345   Thumb Code     0  __rtentry.o(.ARM.Collect$$rtentry$$00000000)
    __rt_entry_presh_1                       0x08000345   Thumb Code     0  __rtentry2.o(.ARM.Collect$$rtentry$$00000002)
    __rt_entry_sh                            0x08000345   Thumb Code     0  __rtentry4.o(.ARM.Collect$$rtentry$$00000004)
    __rt_entry_li                            0x0800034b   Thumb Code     0  __rtentry2.o(.ARM.Collect$$rtentry$$0000000A)
    __rt_entry_postsh_1                      0x0800034b   Thumb Code     0  __rtentry2.o(.ARM.Collect$$rtentry$$00000009)
    __rt_entry_main                          0x0800034f   Thumb Code     0  __rtentry2.o(.ARM.Collect$$rtentry$$0000000D)
    __rt_entry_postli_1                      0x0800034f   Thumb Code     0  __rtentry2.o(.ARM.Collect$$rtentry$$0000000C)
    __rt_exit                                0x08000357   Thumb Code     0  rtexit.o(.ARM.Collect$$rtexit$$00000000)
    __rt_exit_ls                             0x08000359   Thumb Code     0  rtexit2.o(.ARM.Collect$$rtexit$$00000003)
    __rt_exit_prels_1                        0x08000359   Thumb Code     0  rtexit2.o(.ARM.Collect$$rtexit$$00000002)
    __rt_exit_exit                           0x0800035d   Thumb Code     0  rtexit2.o(.ARM.Collect$$rtexit$$00000004)
    rand                                     0x08000365   Thumb Code    48  rand.o(.emb_text)
    Reset_Handler                            0x08000399   Thumb Code     8  startup_stm32h743xx.o(.text)
    _maybe_terminate_alloc                   0x08000399   Thumb Code     0  maybetermalloc1.o(.emb_text)
    ADC3_IRQHandler                          0x080003b3   Thumb Code     0  startup_stm32h743xx.o(.text)
    ADC_IRQHandler                           0x080003b3   Thumb Code     0  startup_stm32h743xx.o(.text)
    BDMA_Channel0_IRQHandler                 0x080003b3   Thumb Code     0  startup_stm32h743xx.o(.text)
    BDMA_Channel1_IRQHandler                 0x080003b3   Thumb Code     0  startup_stm32h743xx.o(.text)
    BDMA_Channel2_IRQHandler                 0x080003b3   Thumb Code     0  startup_stm32h743xx.o(.text)
    BDMA_Channel3_IRQHandler                 0x080003b3   Thumb Code     0  startup_stm32h743xx.o(.text)
    BDMA_Channel4_IRQHandler                 0x080003b3   Thumb Code     0  startup_stm32h743xx.o(.text)
    BDMA_Channel5_IRQHandler                 0x080003b3   Thumb Code     0  startup_stm32h743xx.o(.text)
    BDMA_Channel6_IRQHandler                 0x080003b3   Thumb Code     0  startup_stm32h743xx.o(.text)
    BDMA_Channel7_IRQHandler                 0x080003b3   Thumb Code     0  startup_stm32h743xx.o(.text)
    CEC_IRQHandler                           0x080003b3   Thumb Code     0  startup_stm32h743xx.o(.text)
    COMP1_IRQHandler                         0x080003b3   Thumb Code     0  startup_stm32h743xx.o(.text)
    CRS_IRQHandler                           0x080003b3   Thumb Code     0  startup_stm32h743xx.o(.text)
    DCMI_IRQHandler                          0x080003b3   Thumb Code     0  startup_stm32h743xx.o(.text)
    DFSDM1_FLT0_IRQHandler                   0x080003b3   Thumb Code     0  startup_stm32h743xx.o(.text)
    DFSDM1_FLT1_IRQHandler                   0x080003b3   Thumb Code     0  startup_stm32h743xx.o(.text)
    DFSDM1_FLT2_IRQHandler                   0x080003b3   Thumb Code     0  startup_stm32h743xx.o(.text)
    DFSDM1_FLT3_IRQHandler                   0x080003b3   Thumb Code     0  startup_stm32h743xx.o(.text)
    DMA1_Stream0_IRQHandler                  0x080003b3   Thumb Code     0  startup_stm32h743xx.o(.text)
    DMA1_Stream1_IRQHandler                  0x080003b3   Thumb Code     0  startup_stm32h743xx.o(.text)
    DMA1_Stream2_IRQHandler                  0x080003b3   Thumb Code     0  startup_stm32h743xx.o(.text)
    DMA1_Stream3_IRQHandler                  0x080003b3   Thumb Code     0  startup_stm32h743xx.o(.text)
    DMA1_Stream4_IRQHandler                  0x080003b3   Thumb Code     0  startup_stm32h743xx.o(.text)
    DMA1_Stream5_IRQHandler                  0x080003b3   Thumb Code     0  startup_stm32h743xx.o(.text)
    DMA1_Stream6_IRQHandler                  0x080003b3   Thumb Code     0  startup_stm32h743xx.o(.text)
    DMA1_Stream7_IRQHandler                  0x080003b3   Thumb Code     0  startup_stm32h743xx.o(.text)
    DMA2D_IRQHandler                         0x080003b3   Thumb Code     0  startup_stm32h743xx.o(.text)
    DMA2_Stream0_IRQHandler                  0x080003b3   Thumb Code     0  startup_stm32h743xx.o(.text)
    DMA2_Stream1_IRQHandler                  0x080003b3   Thumb Code     0  startup_stm32h743xx.o(.text)
    DMA2_Stream2_IRQHandler                  0x080003b3   Thumb Code     0  startup_stm32h743xx.o(.text)
    DMA2_Stream3_IRQHandler                  0x080003b3   Thumb Code     0  startup_stm32h743xx.o(.text)
    DMA2_Stream4_IRQHandler                  0x080003b3   Thumb Code     0  startup_stm32h743xx.o(.text)
    DMA2_Stream5_IRQHandler                  0x080003b3   Thumb Code     0  startup_stm32h743xx.o(.text)
    DMA2_Stream6_IRQHandler                  0x080003b3   Thumb Code     0  startup_stm32h743xx.o(.text)
    DMA2_Stream7_IRQHandler                  0x080003b3   Thumb Code     0  startup_stm32h743xx.o(.text)
    DMAMUX1_OVR_IRQHandler                   0x080003b3   Thumb Code     0  startup_stm32h743xx.o(.text)
    DMAMUX2_OVR_IRQHandler                   0x080003b3   Thumb Code     0  startup_stm32h743xx.o(.text)
    ETH_IRQHandler                           0x080003b3   Thumb Code     0  startup_stm32h743xx.o(.text)
    ETH_WKUP_IRQHandler                      0x080003b3   Thumb Code     0  startup_stm32h743xx.o(.text)
    EXTI0_IRQHandler                         0x080003b3   Thumb Code     0  startup_stm32h743xx.o(.text)
    EXTI15_10_IRQHandler                     0x080003b3   Thumb Code     0  startup_stm32h743xx.o(.text)
    EXTI1_IRQHandler                         0x080003b3   Thumb Code     0  startup_stm32h743xx.o(.text)
    EXTI2_IRQHandler                         0x080003b3   Thumb Code     0  startup_stm32h743xx.o(.text)
    EXTI3_IRQHandler                         0x080003b3   Thumb Code     0  startup_stm32h743xx.o(.text)
    EXTI4_IRQHandler                         0x080003b3   Thumb Code     0  startup_stm32h743xx.o(.text)
    EXTI9_5_IRQHandler                       0x080003b3   Thumb Code     0  startup_stm32h743xx.o(.text)
    FDCAN1_IT0_IRQHandler                    0x080003b3   Thumb Code     0  startup_stm32h743xx.o(.text)
    FDCAN1_IT1_IRQHandler                    0x080003b3   Thumb Code     0  startup_stm32h743xx.o(.text)
    FDCAN2_IT0_IRQHandler                    0x080003b3   Thumb Code     0  startup_stm32h743xx.o(.text)
    FDCAN2_IT1_IRQHandler                    0x080003b3   Thumb Code     0  startup_stm32h743xx.o(.text)
    FDCAN_CAL_IRQHandler                     0x080003b3   Thumb Code     0  startup_stm32h743xx.o(.text)
    FLASH_IRQHandler                         0x080003b3   Thumb Code     0  startup_stm32h743xx.o(.text)
    FMC_IRQHandler                           0x080003b3   Thumb Code     0  startup_stm32h743xx.o(.text)
    FPU_IRQHandler                           0x080003b3   Thumb Code     0  startup_stm32h743xx.o(.text)
    HRTIM1_FLT_IRQHandler                    0x080003b3   Thumb Code     0  startup_stm32h743xx.o(.text)
    HRTIM1_Master_IRQHandler                 0x080003b3   Thumb Code     0  startup_stm32h743xx.o(.text)
    HRTIM1_TIMA_IRQHandler                   0x080003b3   Thumb Code     0  startup_stm32h743xx.o(.text)
    HRTIM1_TIMB_IRQHandler                   0x080003b3   Thumb Code     0  startup_stm32h743xx.o(.text)
    HRTIM1_TIMC_IRQHandler                   0x080003b3   Thumb Code     0  startup_stm32h743xx.o(.text)
    HRTIM1_TIMD_IRQHandler                   0x080003b3   Thumb Code     0  startup_stm32h743xx.o(.text)
    HRTIM1_TIME_IRQHandler                   0x080003b3   Thumb Code     0  startup_stm32h743xx.o(.text)
    HSEM1_IRQHandler                         0x080003b3   Thumb Code     0  startup_stm32h743xx.o(.text)
    I2C1_ER_IRQHandler                       0x080003b3   Thumb Code     0  startup_stm32h743xx.o(.text)
    I2C1_EV_IRQHandler                       0x080003b3   Thumb Code     0  startup_stm32h743xx.o(.text)
    I2C2_ER_IRQHandler                       0x080003b3   Thumb Code     0  startup_stm32h743xx.o(.text)
    I2C2_EV_IRQHandler                       0x080003b3   Thumb Code     0  startup_stm32h743xx.o(.text)
    I2C3_ER_IRQHandler                       0x080003b3   Thumb Code     0  startup_stm32h743xx.o(.text)
    I2C3_EV_IRQHandler                       0x080003b3   Thumb Code     0  startup_stm32h743xx.o(.text)
    I2C4_ER_IRQHandler                       0x080003b3   Thumb Code     0  startup_stm32h743xx.o(.text)
    I2C4_EV_IRQHandler                       0x080003b3   Thumb Code     0  startup_stm32h743xx.o(.text)
    JPEG_IRQHandler                          0x080003b3   Thumb Code     0  startup_stm32h743xx.o(.text)
    LPTIM1_IRQHandler                        0x080003b3   Thumb Code     0  startup_stm32h743xx.o(.text)
    LPTIM2_IRQHandler                        0x080003b3   Thumb Code     0  startup_stm32h743xx.o(.text)
    LPTIM3_IRQHandler                        0x080003b3   Thumb Code     0  startup_stm32h743xx.o(.text)
    LPTIM4_IRQHandler                        0x080003b3   Thumb Code     0  startup_stm32h743xx.o(.text)
    LPTIM5_IRQHandler                        0x080003b3   Thumb Code     0  startup_stm32h743xx.o(.text)
    LPUART1_IRQHandler                       0x080003b3   Thumb Code     0  startup_stm32h743xx.o(.text)
    LTDC_ER_IRQHandler                       0x080003b3   Thumb Code     0  startup_stm32h743xx.o(.text)
    LTDC_IRQHandler                          0x080003b3   Thumb Code     0  startup_stm32h743xx.o(.text)
    MDIOS_IRQHandler                         0x080003b3   Thumb Code     0  startup_stm32h743xx.o(.text)
    MDIOS_WKUP_IRQHandler                    0x080003b3   Thumb Code     0  startup_stm32h743xx.o(.text)
    MDMA_IRQHandler                          0x080003b3   Thumb Code     0  startup_stm32h743xx.o(.text)
    OTG_FS_EP1_IN_IRQHandler                 0x080003b3   Thumb Code     0  startup_stm32h743xx.o(.text)
    OTG_FS_EP1_OUT_IRQHandler                0x080003b3   Thumb Code     0  startup_stm32h743xx.o(.text)
    OTG_FS_IRQHandler                        0x080003b3   Thumb Code     0  startup_stm32h743xx.o(.text)
    OTG_FS_WKUP_IRQHandler                   0x080003b3   Thumb Code     0  startup_stm32h743xx.o(.text)
    OTG_HS_EP1_IN_IRQHandler                 0x080003b3   Thumb Code     0  startup_stm32h743xx.o(.text)
    OTG_HS_EP1_OUT_IRQHandler                0x080003b3   Thumb Code     0  startup_stm32h743xx.o(.text)
    OTG_HS_IRQHandler                        0x080003b3   Thumb Code     0  startup_stm32h743xx.o(.text)
    OTG_HS_WKUP_IRQHandler                   0x080003b3   Thumb Code     0  startup_stm32h743xx.o(.text)
    PVD_AVD_IRQHandler                       0x080003b3   Thumb Code     0  startup_stm32h743xx.o(.text)
    QUADSPI_IRQHandler                       0x080003b3   Thumb Code     0  startup_stm32h743xx.o(.text)
    RCC_IRQHandler                           0x080003b3   Thumb Code     0  startup_stm32h743xx.o(.text)
    RNG_IRQHandler                           0x080003b3   Thumb Code     0  startup_stm32h743xx.o(.text)
    RTC_Alarm_IRQHandler                     0x080003b3   Thumb Code     0  startup_stm32h743xx.o(.text)
    RTC_WKUP_IRQHandler                      0x080003b3   Thumb Code     0  startup_stm32h743xx.o(.text)
    SAI1_IRQHandler                          0x080003b3   Thumb Code     0  startup_stm32h743xx.o(.text)
    SAI2_IRQHandler                          0x080003b3   Thumb Code     0  startup_stm32h743xx.o(.text)
    SAI3_IRQHandler                          0x080003b3   Thumb Code     0  startup_stm32h743xx.o(.text)
    SAI4_IRQHandler                          0x080003b3   Thumb Code     0  startup_stm32h743xx.o(.text)
    SDMMC1_IRQHandler                        0x080003b3   Thumb Code     0  startup_stm32h743xx.o(.text)
    SDMMC2_IRQHandler                        0x080003b3   Thumb Code     0  startup_stm32h743xx.o(.text)
    SPDIF_RX_IRQHandler                      0x080003b3   Thumb Code     0  startup_stm32h743xx.o(.text)
    SPI1_IRQHandler                          0x080003b3   Thumb Code     0  startup_stm32h743xx.o(.text)
    SPI2_IRQHandler                          0x080003b3   Thumb Code     0  startup_stm32h743xx.o(.text)
    SPI3_IRQHandler                          0x080003b3   Thumb Code     0  startup_stm32h743xx.o(.text)
    SPI4_IRQHandler                          0x080003b3   Thumb Code     0  startup_stm32h743xx.o(.text)
    SPI5_IRQHandler                          0x080003b3   Thumb Code     0  startup_stm32h743xx.o(.text)
    SPI6_IRQHandler                          0x080003b3   Thumb Code     0  startup_stm32h743xx.o(.text)
    SWPMI1_IRQHandler                        0x080003b3   Thumb Code     0  startup_stm32h743xx.o(.text)
    TAMP_STAMP_IRQHandler                    0x080003b3   Thumb Code     0  startup_stm32h743xx.o(.text)
    TIM15_IRQHandler                         0x080003b3   Thumb Code     0  startup_stm32h743xx.o(.text)
    TIM16_IRQHandler                         0x080003b3   Thumb Code     0  startup_stm32h743xx.o(.text)
    TIM17_IRQHandler                         0x080003b3   Thumb Code     0  startup_stm32h743xx.o(.text)
    TIM1_BRK_IRQHandler                      0x080003b3   Thumb Code     0  startup_stm32h743xx.o(.text)
    TIM1_CC_IRQHandler                       0x080003b3   Thumb Code     0  startup_stm32h743xx.o(.text)
    TIM1_TRG_COM_IRQHandler                  0x080003b3   Thumb Code     0  startup_stm32h743xx.o(.text)
    TIM1_UP_IRQHandler                       0x080003b3   Thumb Code     0  startup_stm32h743xx.o(.text)
    TIM2_IRQHandler                          0x080003b3   Thumb Code     0  startup_stm32h743xx.o(.text)
    TIM5_IRQHandler                          0x080003b3   Thumb Code     0  startup_stm32h743xx.o(.text)
    TIM6_DAC_IRQHandler                      0x080003b3   Thumb Code     0  startup_stm32h743xx.o(.text)
    TIM7_IRQHandler                          0x080003b3   Thumb Code     0  startup_stm32h743xx.o(.text)
    TIM8_BRK_TIM12_IRQHandler                0x080003b3   Thumb Code     0  startup_stm32h743xx.o(.text)
    TIM8_CC_IRQHandler                       0x080003b3   Thumb Code     0  startup_stm32h743xx.o(.text)
    TIM8_TRG_COM_TIM14_IRQHandler            0x080003b3   Thumb Code     0  startup_stm32h743xx.o(.text)
    TIM8_UP_TIM13_IRQHandler                 0x080003b3   Thumb Code     0  startup_stm32h743xx.o(.text)
    UART4_IRQHandler                         0x080003b3   Thumb Code     0  startup_stm32h743xx.o(.text)
    UART5_IRQHandler                         0x080003b3   Thumb Code     0  startup_stm32h743xx.o(.text)
    UART7_IRQHandler                         0x080003b3   Thumb Code     0  startup_stm32h743xx.o(.text)
    UART8_IRQHandler                         0x080003b3   Thumb Code     0  startup_stm32h743xx.o(.text)
    USART2_IRQHandler                        0x080003b3   Thumb Code     0  startup_stm32h743xx.o(.text)
    USART3_IRQHandler                        0x080003b3   Thumb Code     0  startup_stm32h743xx.o(.text)
    USART6_IRQHandler                        0x080003b3   Thumb Code     0  startup_stm32h743xx.o(.text)
    WAKEUP_PIN_IRQHandler                    0x080003b3   Thumb Code     0  startup_stm32h743xx.o(.text)
    WWDG_IRQHandler                          0x080003b3   Thumb Code     0  startup_stm32h743xx.o(.text)
    __user_initial_stackheap                 0x080003b5   Thumb Code     0  startup_stm32h743xx.o(.text)
    malloc                                   0x080003d9   Thumb Code    94  h1_alloc.o(.text)
    free                                     0x08000437   Thumb Code    78  h1_free.o(.text)
    __aeabi_uldivmod                         0x08000485   Thumb Code     0  lludivv7m.o(.text)
    _ll_udiv                                 0x08000485   Thumb Code   238  lludivv7m.o(.text)
    __2printf                                0x08000575   Thumb Code    20  noretval__2printf.o(.text)
    _printf_int_dec                          0x0800058d   Thumb Code   104  _printf_dec.o(.text)
    __printf                                 0x08000605   Thumb Code   184  __printf_ss.o(.text)
    srand                                    0x080006bd   Thumb Code    42  rand.o(.text)
    _rand_init                               0x080006e7   Thumb Code     4  rand.o(.text)
    __aeabi_memcpy                           0x080006f9   Thumb Code     0  rt_memcpy_v6.o(.text)
    __rt_memcpy                              0x080006f9   Thumb Code   138  rt_memcpy_v6.o(.text)
    _memcpy_lastbytes                        0x0800075f   Thumb Code     0  rt_memcpy_v6.o(.text)
    __aeabi_memclr                           0x08000783   Thumb Code     0  rt_memclr.o(.text)
    __rt_memclr                              0x08000783   Thumb Code    68  rt_memclr.o(.text)
    _memset                                  0x08000787   Thumb Code     0  rt_memclr.o(.text)
    __aeabi_memclr4                          0x080007c7   Thumb Code     0  rt_memclr_w.o(.text)
    __aeabi_memclr8                          0x080007c7   Thumb Code     0  rt_memclr_w.o(.text)
    __rt_memclr_w                            0x080007c7   Thumb Code    78  rt_memclr_w.o(.text)
    _memset_w                                0x080007cb   Thumb Code     0  rt_memclr_w.o(.text)
    __use_two_region_memory                  0x08000815   Thumb Code     2  heapauxi.o(.text)
    __rt_heap_escrow                         0x08000817   Thumb Code     2  heapauxi.o(.text)
    __rt_heap_expand                         0x08000819   Thumb Code     2  heapauxi.o(.text)
    __rt_heap_descriptor                     0x0800081d   Thumb Code     8  rt_heap_descriptor_intlibspace.o(.text)
    __use_no_heap                            0x08000825   Thumb Code     2  hguard.o(.text)
    __heap$guard                             0x08000827   Thumb Code     2  hguard.o(.text)
    _terminate_user_alloc                    0x08000829   Thumb Code     2  init_alloc.o(.text)
    _init_user_alloc                         0x0800082b   Thumb Code     2  init_alloc.o(.text)
    __Heap_Full                              0x0800082d   Thumb Code    34  init_alloc.o(.text)
    __Heap_Broken                            0x0800084f   Thumb Code     6  init_alloc.o(.text)
    _init_alloc                              0x08000855   Thumb Code    94  init_alloc.o(.text)
    __Heap_Initialize                        0x080008b3   Thumb Code    10  h1_init.o(.text)
    __Heap_DescSize                          0x080008bd   Thumb Code     4  h1_init.o(.text)
    _printf_int_common                       0x080008c1   Thumb Code   178  _printf_intcommon.o(.text)
    __lib_sel_fp_printf                      0x08000973   Thumb Code     2  _printf_fp_dec.o(.text)
    _printf_fp_dec_real                      0x08000b25   Thumb Code   620  _printf_fp_dec.o(.text)
    _printf_char_file                        0x08000d91   Thumb Code    32  _printf_char_file.o(.text)
    __aeabi_memcpy4                          0x08000db5   Thumb Code     0  rt_memcpy_w.o(.text)
    __aeabi_memcpy8                          0x08000db5   Thumb Code     0  rt_memcpy_w.o(.text)
    __rt_memcpy_w                            0x08000db5   Thumb Code   100  rt_memcpy_w.o(.text)
    _memcpy_lastbytes_aligned                0x08000dfd   Thumb Code     0  rt_memcpy_w.o(.text)
    __user_libspace                          0x08000e19   Thumb Code     8  libspace.o(.text)
    __user_perproc_libspace                  0x08000e19   Thumb Code     0  libspace.o(.text)
    __user_perthread_libspace                0x08000e19   Thumb Code     0  libspace.o(.text)
    __rt_locale                              0x08000e21   Thumb Code     8  rt_locale_intlibspace.o(.text)
    __Heap_ProvideMemory                     0x08000e29   Thumb Code    52  h1_extend.o(.text)
    _ll_udiv10                               0x08000e5d   Thumb Code   138  lludiv10.o(.text)
    _printf_char_common                      0x08000ef3   Thumb Code    32  _printf_char_common.o(.text)
    _printf_fp_infnan                        0x08000f19   Thumb Code   112  _printf_fp_infnan.o(.text)
    _btod_etento                             0x08000f99   Thumb Code   224  bigflt0.o(.text)
    ferror                                   0x0800107d   Thumb Code     8  ferror.o(.text)
    __rt_SIGRTMEM                            0x08001085   Thumb Code    14  defsig_rtmem_outer.o(.text)
    __I$use$semihosting                      0x08001093   Thumb Code     0  use_no_semi.o(.text)
    __use_no_semihosting_swi                 0x08001093   Thumb Code     2  use_no_semi.o(.text)
    __semihosting_library_function           0x08001095   Thumb Code     0  indicate_semi.o(.text)
    __user_setup_stackheap                   0x08001095   Thumb Code    74  sys_stackheap_outer.o(.text)
    exit                                     0x080010df   Thumb Code    18  exit.o(.text)
    __sig_exit                               0x080010f1   Thumb Code    10  defsig_exit.o(.text)
    __rt_SIGRTMEM_inner                      0x080010fd   Thumb Code    22  defsig_rtmem_inner.o(.text)
    strcmp                                   0x0800114d   Thumb Code   104  strcmpv7m_pel.o(.text)
    __default_signal_display                 0x080011b5   Thumb Code    50  defsig_general.o(.text)
    _ttywrch                                 0x080011e7   Thumb Code    14  sys_wrch.o(.text)
    _btod_d2e                                0x080011f5   Thumb Code    62  btod.o(CL$$btod_d2e)
    _d2e_denorm_low                          0x08001233   Thumb Code    70  btod.o(CL$$btod_d2e_denorm_low)
    _d2e_norm_op1                            0x08001279   Thumb Code    96  btod.o(CL$$btod_d2e_norm_op1)
    __btod_div_common                        0x080012d9   Thumb Code   696  btod.o(CL$$btod_div_common)
    _e2e                                     0x08001611   Thumb Code   220  btod.o(CL$$btod_e2e)
    _btod_ediv                               0x080016ed   Thumb Code    42  btod.o(CL$$btod_ediv)
    _btod_emul                               0x08001717   Thumb Code    42  btod.o(CL$$btod_emul)
    __btod_mult_common                       0x08001741   Thumb Code   580  btod.o(CL$$btod_mult_common)
    Long Thumb to Thumb Veneer to CompressInit 0x08001985   Thumb Code    10  anon$$obj.o(Veneer$$Code)
    Long Thumb to Thumb Veneer to LogCompress 0x0800198f   Thumb Code    10  anon$$obj.o(Veneer$$Code)
    Long Thumb to Thumb Veneer to CompressRelease 0x08001999   Thumb Code    10  anon$$obj.o(Veneer$$Code)
    BusFault_Handler                         0x080019a3   Thumb Code     4  stm32h7xx_it.o(i.BusFault_Handler)
    Cache_Enable                             0x080019a9   Thumb Code    24  sys.o(i.Cache_Enable)
    DebugMon_Handler                         0x080019c5   Thumb Code     2  stm32h7xx_it.o(i.DebugMon_Handler)
    HAL_DMA_Abort_IT                         0x080019c9   Thumb Code   236  stm32h7xx_hal_dma.o(i.HAL_DMA_Abort_IT)
    HAL_EnableCompensationCell               0x08001ac1   Thumb Code    14  stm32h7xx_hal.o(i.HAL_EnableCompensationCell)
    HAL_GPIO_Init                            0x08001ad5   Thumb Code   534  stm32h7xx_hal_gpio.o(i.HAL_GPIO_Init)
    HAL_GPIO_WritePin                        0x08001d21   Thumb Code    10  stm32h7xx_hal_gpio.o(i.HAL_GPIO_WritePin)
    HAL_GetTick                              0x08001d2d   Thumb Code     6  stm32h7xx_hal.o(i.HAL_GetTick)
    HAL_IncTick                              0x08001d39   Thumb Code    16  stm32h7xx_hal.o(i.HAL_IncTick)
    HAL_Init                                 0x08001d51   Thumb Code    28  stm32h7xx_hal.o(i.HAL_Init)
    HAL_InitTick                             0x08001d6d   Thumb Code    64  stm32h7xx_hal.o(i.HAL_InitTick)
    HAL_MspInit                              0x08001db9   Thumb Code     2  stm32h7xx_hal_msp.o(i.HAL_MspInit)
    HAL_NVIC_EnableIRQ                       0x08001dbb   Thumb Code    32  stm32h7xx_hal_cortex.o(i.HAL_NVIC_EnableIRQ)
    HAL_NVIC_SetPriority                     0x08001ddb   Thumb Code   122  stm32h7xx_hal_cortex.o(i.HAL_NVIC_SetPriority)
    HAL_NVIC_SetPriorityGrouping             0x08001e55   Thumb Code    32  stm32h7xx_hal_cortex.o(i.HAL_NVIC_SetPriorityGrouping)
    HAL_RCCEx_GetD1SysClockFreq              0x08001e7d   Thumb Code    44  stm32h7xx_hal_rcc_ex.o(i.HAL_RCCEx_GetD1SysClockFreq)
    HAL_RCCEx_GetD3PCLK1Freq                 0x08001eb5   Thumb Code    34  stm32h7xx_hal_rcc_ex.o(i.HAL_RCCEx_GetD3PCLK1Freq)
    HAL_RCCEx_GetPLL2ClockFreq               0x08001ee1   Thumb Code   532  stm32h7xx_hal_rcc_ex.o(i.HAL_RCCEx_GetPLL2ClockFreq)
    HAL_RCCEx_GetPLL3ClockFreq               0x0800210d   Thumb Code   532  stm32h7xx_hal_rcc_ex.o(i.HAL_RCCEx_GetPLL3ClockFreq)
    HAL_RCC_ClockConfig                      0x08002339   Thumb Code   574  stm32h7xx_hal_rcc.o(i.HAL_RCC_ClockConfig)
    HAL_RCC_GetHCLKFreq                      0x08002589   Thumb Code    42  stm32h7xx_hal_rcc.o(i.HAL_RCC_GetHCLKFreq)
    HAL_RCC_GetPCLK1Freq                     0x080025c1   Thumb Code    34  stm32h7xx_hal_rcc.o(i.HAL_RCC_GetPCLK1Freq)
    HAL_RCC_GetPCLK2Freq                     0x080025ed   Thumb Code    36  stm32h7xx_hal_rcc.o(i.HAL_RCC_GetPCLK2Freq)
    HAL_RCC_GetSysClockFreq                  0x08002619   Thumb Code   556  stm32h7xx_hal_rcc.o(i.HAL_RCC_GetSysClockFreq)
    HAL_RCC_OscConfig                        0x0800285d   Thumb Code  1724  stm32h7xx_hal_rcc.o(i.HAL_RCC_OscConfig)
    HAL_SYSTICK_CLKSourceConfig              0x08002f21   Thumb Code    40  stm32h7xx_hal_cortex.o(i.HAL_SYSTICK_CLKSourceConfig)
    HAL_SYSTICK_Config                       0x08002f49   Thumb Code    52  stm32h7xx_hal_cortex.o(i.HAL_SYSTICK_Config)
    HAL_TIMEx_BreakCallback                  0x08002f7d   Thumb Code     2  stm32h7xx_hal_tim_ex.o(i.HAL_TIMEx_BreakCallback)
    HAL_TIMEx_CommutationCallback            0x08002f7f   Thumb Code     2  stm32h7xx_hal_tim_ex.o(i.HAL_TIMEx_CommutationCallback)
    HAL_TIM_Base_Init                        0x08002f81   Thumb Code    52  stm32h7xx_hal_tim.o(i.HAL_TIM_Base_Init)
    HAL_TIM_Base_MspInit                     0x08002fb5   Thumb Code   110  timer.o(i.HAL_TIM_Base_MspInit)
    HAL_TIM_Base_Start_IT                    0x08003031   Thumb Code    30  stm32h7xx_hal_tim.o(i.HAL_TIM_Base_Start_IT)
    HAL_TIM_IC_CaptureCallback               0x0800304f   Thumb Code     2  stm32h7xx_hal_tim.o(i.HAL_TIM_IC_CaptureCallback)
    HAL_TIM_IRQHandler                       0x08003051   Thumb Code   440  stm32h7xx_hal_tim.o(i.HAL_TIM_IRQHandler)
    HAL_TIM_OC_DelayElapsedCallback          0x08003209   Thumb Code     2  stm32h7xx_hal_tim.o(i.HAL_TIM_OC_DelayElapsedCallback)
    HAL_TIM_PWM_PulseFinishedCallback        0x0800320b   Thumb Code     2  stm32h7xx_hal_tim.o(i.HAL_TIM_PWM_PulseFinishedCallback)
    HAL_TIM_PeriodElapsedCallback            0x0800320d   Thumb Code    34  timer.o(i.HAL_TIM_PeriodElapsedCallback)
    HAL_TIM_TriggerCallback                  0x08003241   Thumb Code     2  stm32h7xx_hal_tim.o(i.HAL_TIM_TriggerCallback)
    HAL_UARTEx_WakeupCallback                0x08003243   Thumb Code     2  stm32h7xx_hal_uart_ex.o(i.HAL_UARTEx_WakeupCallback)
    HAL_UART_ErrorCallback                   0x08003245   Thumb Code     2  stm32h7xx_hal_uart.o(i.HAL_UART_ErrorCallback)
    HAL_UART_GetState                        0x08003247   Thumb Code    20  stm32h7xx_hal_uart.o(i.HAL_UART_GetState)
    HAL_UART_IRQHandler                      0x0800325d   Thumb Code   434  stm32h7xx_hal_uart.o(i.HAL_UART_IRQHandler)
    HAL_UART_Init                            0x08003419   Thumb Code   120  stm32h7xx_hal_uart.o(i.HAL_UART_Init)
    HAL_UART_MspInit                         0x08003491   Thumb Code   138  usart.o(i.HAL_UART_MspInit)
    HAL_UART_Receive_IT                      0x08003529   Thumb Code   224  stm32h7xx_hal_uart.o(i.HAL_UART_Receive_IT)
    HAL_UART_RxCpltCallback                  0x08003609   Thumb Code   120  usart.o(i.HAL_UART_RxCpltCallback)
    HAL_UART_TxCpltCallback                  0x08003691   Thumb Code     2  stm32h7xx_hal_uart.o(i.HAL_UART_TxCpltCallback)
    HardFault_Handler                        0x08003693   Thumb Code     4  stm32h7xx_it.o(i.HardFault_Handler)
    LED_Init                                 0x08003699   Thumb Code    78  led.o(i.LED_Init)
    MemManage_Handler                        0x080036f1   Thumb Code     4  stm32h7xx_it.o(i.MemManage_Handler)
    NMI_Handler                              0x080036f5   Thumb Code     2  stm32h7xx_it.o(i.NMI_Handler)
    PendSV_Handler                           0x080036f7   Thumb Code     2  stm32h7xx_it.o(i.PendSV_Handler)
    SVC_Handler                              0x08003811   Thumb Code     2  stm32h7xx_it.o(i.SVC_Handler)
    Stm32_Clock_Init                         0x08003815   Thumb Code   238  sys.o(i.Stm32_Clock_Init)
    SysTick_Handler                          0x0800390d   Thumb Code     8  stm32h7xx_it.o(i.SysTick_Handler)
    SystemInit                               0x08003915   Thumb Code   130  system_stm32h7xx.o(i.SystemInit)
    TIM3_IRQHandler                          0x080039a9   Thumb Code    10  timer.o(i.TIM3_IRQHandler)
    TIM3_Init                                0x080039b9   Thumb Code    36  timer.o(i.TIM3_Init)
    TIM4_IRQHandler                          0x080039e5   Thumb Code    10  timer.o(i.TIM4_IRQHandler)
    TIM4_Init                                0x080039f5   Thumb Code    36  timer.o(i.TIM4_Init)
    TIM_Base_SetConfig                       0x08003a21   Thumb Code   172  stm32h7xx_hal_tim.o(i.TIM_Base_SetConfig)
    UART_AdvFeatureConfig                    0x08003aed   Thumb Code   234  stm32h7xx_hal_uart.o(i.UART_AdvFeatureConfig)
    UART_CheckIdleState                      0x08003bd7   Thumb Code   116  stm32h7xx_hal_uart.o(i.UART_CheckIdleState)
    UART_SetConfig                           0x08003d2d   Thumb Code  2452  stm32h7xx_hal_uart.o(i.UART_SetConfig)
    UART_WaitOnFlagUntilTimeout              0x08004753   Thumb Code   108  stm32h7xx_hal_uart.o(i.UART_WaitOnFlagUntilTimeout)
    USART1_IRQHandler                        0x080047c1   Thumb Code    66  usart.o(i.USART1_IRQHandler)
    UsageFault_Handler                       0x08004811   Thumb Code     4  stm32h7xx_it.o(i.UsageFault_Handler)
    __ARM_fpclassify                         0x08004815   Thumb Code    48  fpclassify.o(i.__ARM_fpclassify)
    _sys_exit                                0x0800487d   Thumb Code     4  usart.o(i._sys_exit)
    delay_init                               0x08004881   Thumb Code    16  delay.o(i.delay_init)
    fputc                                    0x08004895   Thumb Code    22  usart.o(i.fputc)
    main                                     0x080048b1   Thumb Code   166  main.o(i.main)
    uart_init                                0x0800496d   Thumb Code    44  usart.o(i.uart_init)
    _get_lc_numeric                          0x080049a5   Thumb Code    44  lc_numeric_c.o(locale$$code)
    _fp_init                                 0x080049d1   Thumb Code    10  fpinit.o(x$fpl$fpinit)
    __fplib_config_fpu_vfp                   0x080049d9   Thumb Code     0  fpinit.o(x$fpl$fpinit)
    __fplib_config_pureend_doubles           0x080049d9   Thumb Code     0  fpinit.o(x$fpl$fpinit)
    _printf_fp_dec                           0x080049db   Thumb Code     4  printf1.o(x$fpl$printf1)
    __I$use$fp                               0x080049de   Number         0  usenofp.o(x$fpl$usenofp)
    D1CorePrescTable                         0x08004a0e   Data          16  system_stm32h7xx.o(.constdata)
    Region$$Table$$Base                      0x08004ae4   Number         0  anon$$obj.o(Region$$Table)
    Region$$Table$$Limit                     0x08004b14   Number         0  anon$$obj.o(Region$$Table)
    Long Thumb to Thumb Veneer to malloc     0x24000001   Thumb Code    10  anon$$obj.o(Veneer$$Code)
    Long Thumb to Thumb Veneer to __aeabi_memclr4 0x2400000b   Thumb Code    10  anon$$obj.o(Veneer$$Code)
    Long Thumb to Thumb Veneer to __aeabi_memclr 0x24000015   Thumb Code    10  anon$$obj.o(Veneer$$Code)
    Long Thumb to Thumb Veneer to free       0x2400001f   Thumb Code    10  anon$$obj.o(Veneer$$Code)
    Long Thumb to Thumb Veneer to __2printf  0x24000029   Thumb Code    10  anon$$obj.o(Veneer$$Code)
    Long Thumb to Thumb Veneer to __aeabi_memcpy 0x24000033   Thumb Code    10  anon$$obj.o(Veneer$$Code)
    CompressInit                             0x2400003d   Thumb Code   140  logcompress.o(i.CompressInit)
    CompressRelease                          0x240000cd   Thumb Code    96  logcompress.o(i.CompressRelease)
    LogCompress                              0x24000165   Thumb Code    90  logcompress.o(i.LogCompress)
    qlz_compress                             0x2400032d   Thumb Code   154  quicklz.o(i.qlz_compress)
    SystemCoreClock                          0x24000690   Data           4  system_stm32h7xx.o(.data)
    SystemD2Clock                            0x24000694   Data           4  system_stm32h7xx.o(.data)
    __stdout                                 0x2400069c   Data           4  usart.o(.data)
    USART_RX_STA                             0x240006a0   Data           2  usart.o(.data)
    aRxBuffer                                0x240006a2   Data           1  usart.o(.data)
    state_compress                           0x240006b0   Data           4  logcompress.o(.data)
    my_time                                  0x240006c0   Data           4  timer.o(.data)
    seed                                     0x240006c4   Data           4  timer.o(.data)
    USART_RX_BUF                             0x240006c8   Data         200  usart.o(.bss)
    UART1_Handler                            0x24000790   Data         128  usart.o(.bss)
    TIM3_Handler                             0x24004810   Data          64  timer.o(.bss)
    TIM4_Handler                             0x24004850   Data          64  timer.o(.bss)
    _random_number_data                      0x24004890   Data         228  rand.o(.bss)
    __libspace_start                         0x24004974   Data          96  libspace.o(.bss)
    __temporary_stack_top$libspace           0x240049d4   Data           0  libspace.o(.bss)



==============================================================================

Memory Map of the image

  Image Entry point : 0x08000299

  Load Region LR_IROM1 (Base: 0x08000000, Size: 0x000051f8, Max: 0x00010000, ABSOLUTE)

    Execution Region ER_IROM1 (Exec base: 0x08000000, Load base: 0x08000000, Size: 0x00004b30, Max: 0x00010000, ABSOLUTE)

    Exec Addr    Load Addr    Size         Type   Attr      Idx    E Section Name        Object

    0x08000000   0x08000000   0x00000298   Data   RO          489    RESET               startup_stm32h743xx.o
    0x08000298   0x08000298   0x00000008   Code   RO         4160  * !!!main             c_w.l(__main.o)
    0x080002a0   0x080002a0   0x00000034   Code   RO         4434    !!!scatter          c_w.l(__scatter.o)
    0x080002d4   0x080002d4   0x0000001a   Code   RO         4436    !!handler_copy      c_w.l(__scatter_copy.o)
    0x080002ee   0x080002ee   0x00000002   PAD
    0x080002f0   0x080002f0   0x0000001c   Code   RO         4438    !!handler_zi        c_w.l(__scatter_zi.o)
    0x0800030c   0x0800030c   0x00000000   Code   RO         4146    .ARM.Collect$$_printf_percent$$00000000  c_w.l(_printf_percent.o)
    0x0800030c   0x0800030c   0x00000006   Code   RO         4145    .ARM.Collect$$_printf_percent$$00000003  c_w.l(_printf_f.o)
    0x08000312   0x08000312   0x00000006   Code   RO         4144    .ARM.Collect$$_printf_percent$$00000009  c_w.l(_printf_d.o)
    0x08000318   0x08000318   0x00000004   Code   RO         4202    .ARM.Collect$$_printf_percent$$00000017  c_w.l(_printf_percent_end.o)
    0x0800031c   0x0800031c   0x00000002   Code   RO         4373    .ARM.Collect$$libinit$$00000000  c_w.l(libinit.o)
    0x0800031e   0x0800031e   0x00000004   Code   RO         4207    .ARM.Collect$$libinit$$00000001  c_w.l(libinit2.o)
    0x08000322   0x08000322   0x00000000   Code   RO         4210    .ARM.Collect$$libinit$$00000004  c_w.l(libinit2.o)
    0x08000322   0x08000322   0x00000008   Code   RO         4211    .ARM.Collect$$libinit$$00000005  c_w.l(libinit2.o)
    0x0800032a   0x0800032a   0x00000000   Code   RO         4213    .ARM.Collect$$libinit$$0000000A  c_w.l(libinit2.o)
    0x0800032a   0x0800032a   0x00000000   Code   RO         4215    .ARM.Collect$$libinit$$0000000C  c_w.l(libinit2.o)
    0x0800032a   0x0800032a   0x00000004   Code   RO         4216    .ARM.Collect$$libinit$$0000000D  c_w.l(libinit2.o)
    0x0800032e   0x0800032e   0x00000000   Code   RO         4217    .ARM.Collect$$libinit$$0000000E  c_w.l(libinit2.o)
    0x0800032e   0x0800032e   0x00000006   Code   RO         4218    .ARM.Collect$$libinit$$0000000F  c_w.l(libinit2.o)
    0x08000334   0x08000334   0x00000000   Code   RO         4220    .ARM.Collect$$libinit$$00000011  c_w.l(libinit2.o)
    0x08000334   0x08000334   0x00000000   Code   RO         4222    .ARM.Collect$$libinit$$00000013  c_w.l(libinit2.o)
    0x08000334   0x08000334   0x00000000   Code   RO         4224    .ARM.Collect$$libinit$$00000015  c_w.l(libinit2.o)
    0x08000334   0x08000334   0x0000000a   Code   RO         4225    .ARM.Collect$$libinit$$00000016  c_w.l(libinit2.o)
    0x0800033e   0x0800033e   0x00000000   Code   RO         4226    .ARM.Collect$$libinit$$00000017  c_w.l(libinit2.o)
    0x0800033e   0x0800033e   0x00000000   Code   RO         4228    .ARM.Collect$$libinit$$00000019  c_w.l(libinit2.o)
    0x0800033e   0x0800033e   0x00000000   Code   RO         4230    .ARM.Collect$$libinit$$0000001B  c_w.l(libinit2.o)
    0x0800033e   0x0800033e   0x00000000   Code   RO         4232    .ARM.Collect$$libinit$$0000001D  c_w.l(libinit2.o)
    0x0800033e   0x0800033e   0x00000000   Code   RO         4234    .ARM.Collect$$libinit$$0000001F  c_w.l(libinit2.o)
    0x0800033e   0x0800033e   0x00000000   Code   RO         4236    .ARM.Collect$$libinit$$00000021  c_w.l(libinit2.o)
    0x0800033e   0x0800033e   0x00000000   Code   RO         4238    .ARM.Collect$$libinit$$00000023  c_w.l(libinit2.o)
    0x0800033e   0x0800033e   0x00000000   Code   RO         4240    .ARM.Collect$$libinit$$00000025  c_w.l(libinit2.o)
    0x0800033e   0x0800033e   0x00000000   Code   RO         4244    .ARM.Collect$$libinit$$0000002C  c_w.l(libinit2.o)
    0x0800033e   0x0800033e   0x00000000   Code   RO         4246    .ARM.Collect$$libinit$$0000002E  c_w.l(libinit2.o)
    0x0800033e   0x0800033e   0x00000000   Code   RO         4248    .ARM.Collect$$libinit$$00000030  c_w.l(libinit2.o)
    0x0800033e   0x0800033e   0x00000000   Code   RO         4250    .ARM.Collect$$libinit$$00000032  c_w.l(libinit2.o)
    0x0800033e   0x0800033e   0x00000002   Code   RO         4251    .ARM.Collect$$libinit$$00000033  c_w.l(libinit2.o)
    0x08000340   0x08000340   0x00000002   Code   RO         4431    .ARM.Collect$$libshutdown$$00000000  c_w.l(libshutdown.o)
    0x08000342   0x08000342   0x00000000   Code   RO         4387    .ARM.Collect$$libshutdown$$00000002  c_w.l(libshutdown2.o)
    0x08000342   0x08000342   0x00000000   Code   RO         4389    .ARM.Collect$$libshutdown$$00000004  c_w.l(libshutdown2.o)
    0x08000342   0x08000342   0x00000000   Code   RO         4391    .ARM.Collect$$libshutdown$$00000006  c_w.l(libshutdown2.o)
    0x08000342   0x08000342   0x00000000   Code   RO         4394    .ARM.Collect$$libshutdown$$00000009  c_w.l(libshutdown2.o)
    0x08000342   0x08000342   0x00000000   Code   RO         4397    .ARM.Collect$$libshutdown$$0000000C  c_w.l(libshutdown2.o)
    0x08000342   0x08000342   0x00000000   Code   RO         4399    .ARM.Collect$$libshutdown$$0000000E  c_w.l(libshutdown2.o)
    0x08000342   0x08000342   0x00000000   Code   RO         4402    .ARM.Collect$$libshutdown$$00000011  c_w.l(libshutdown2.o)
    0x08000342   0x08000342   0x00000002   Code   RO         4403    .ARM.Collect$$libshutdown$$00000012  c_w.l(libshutdown2.o)
    0x08000344   0x08000344   0x00000000   Code   RO         4166    .ARM.Collect$$rtentry$$00000000  c_w.l(__rtentry.o)
    0x08000344   0x08000344   0x00000000   Code   RO         4258    .ARM.Collect$$rtentry$$00000002  c_w.l(__rtentry2.o)
    0x08000344   0x08000344   0x00000006   Code   RO         4270    .ARM.Collect$$rtentry$$00000004  c_w.l(__rtentry4.o)
    0x0800034a   0x0800034a   0x00000000   Code   RO         4260    .ARM.Collect$$rtentry$$00000009  c_w.l(__rtentry2.o)
    0x0800034a   0x0800034a   0x00000004   Code   RO         4261    .ARM.Collect$$rtentry$$0000000A  c_w.l(__rtentry2.o)
    0x0800034e   0x0800034e   0x00000000   Code   RO         4263    .ARM.Collect$$rtentry$$0000000C  c_w.l(__rtentry2.o)
    0x0800034e   0x0800034e   0x00000008   Code   RO         4264    .ARM.Collect$$rtentry$$0000000D  c_w.l(__rtentry2.o)
    0x08000356   0x08000356   0x00000002   Code   RO         4374    .ARM.Collect$$rtexit$$00000000  c_w.l(rtexit.o)
    0x08000358   0x08000358   0x00000000   Code   RO         4407    .ARM.Collect$$rtexit$$00000002  c_w.l(rtexit2.o)
    0x08000358   0x08000358   0x00000004   Code   RO         4408    .ARM.Collect$$rtexit$$00000003  c_w.l(rtexit2.o)
    0x0800035c   0x0800035c   0x00000006   Code   RO         4409    .ARM.Collect$$rtexit$$00000004  c_w.l(rtexit2.o)
    0x08000362   0x08000362   0x00000002   PAD
    0x08000364   0x08000364   0x00000034   Code   RO         4147    .emb_text           c_w.l(rand.o)
    0x08000398   0x08000398   0x00000000   Code   RO         4281    .emb_text           c_w.l(maybetermalloc1.o)
    0x08000398   0x08000398   0x00000040   Code   RO          490    .text               startup_stm32h743xx.o
    0x080003d8   0x080003d8   0x0000005e   Code   RO         4056    .text               c_w.l(h1_alloc.o)
    0x08000436   0x08000436   0x0000004e   Code   RO         4058    .text               c_w.l(h1_free.o)
    0x08000484   0x08000484   0x000000ee   Code   RO         4114    .text               c_w.l(lludivv7m.o)
    0x08000572   0x08000572   0x00000002   PAD
    0x08000574   0x08000574   0x00000018   Code   RO         4118    .text               c_w.l(noretval__2printf.o)
    0x0800058c   0x0800058c   0x00000078   Code   RO         4122    .text               c_w.l(_printf_dec.o)
    0x08000604   0x08000604   0x000000b8   Code   RO         4127    .text               c_w.l(__printf_ss.o)
    0x080006bc   0x080006bc   0x0000003c   Code   RO         4148    .text               c_w.l(rand.o)
    0x080006f8   0x080006f8   0x0000008a   Code   RO         4152    .text               c_w.l(rt_memcpy_v6.o)
    0x08000782   0x08000782   0x00000044   Code   RO         4154    .text               c_w.l(rt_memclr.o)
    0x080007c6   0x080007c6   0x0000004e   Code   RO         4156    .text               c_w.l(rt_memclr_w.o)
    0x08000814   0x08000814   0x00000006   Code   RO         4158    .text               c_w.l(heapauxi.o)
    0x0800081a   0x0800081a   0x00000002   PAD
    0x0800081c   0x0800081c   0x00000008   Code   RO         4174    .text               c_w.l(rt_heap_descriptor_intlibspace.o)
    0x08000824   0x08000824   0x00000004   Code   RO         4176    .text               c_w.l(hguard.o)
    0x08000828   0x08000828   0x0000008a   Code   RO         4178    .text               c_w.l(init_alloc.o)
    0x080008b2   0x080008b2   0x0000000e   Code   RO         4182    .text               c_w.l(h1_init.o)
    0x080008c0   0x080008c0   0x000000b2   Code   RO         4196    .text               c_w.l(_printf_intcommon.o)
    0x08000972   0x08000972   0x0000041e   Code   RO         4198    .text               c_w.l(_printf_fp_dec.o)
    0x08000d90   0x08000d90   0x00000024   Code   RO         4200    .text               c_w.l(_printf_char_file.o)
    0x08000db4   0x08000db4   0x00000064   Code   RO         4203    .text               c_w.l(rt_memcpy_w.o)
    0x08000e18   0x08000e18   0x00000008   Code   RO         4254    .text               c_w.l(libspace.o)
    0x08000e20   0x08000e20   0x00000008   Code   RO         4277    .text               c_w.l(rt_locale_intlibspace.o)
    0x08000e28   0x08000e28   0x00000034   Code   RO         4283    .text               c_w.l(h1_extend.o)
    0x08000e5c   0x08000e5c   0x0000008a   Code   RO         4287    .text               c_w.l(lludiv10.o)
    0x08000ee6   0x08000ee6   0x00000002   PAD
    0x08000ee8   0x08000ee8   0x00000030   Code   RO         4289    .text               c_w.l(_printf_char_common.o)
    0x08000f18   0x08000f18   0x00000080   Code   RO         4291    .text               c_w.l(_printf_fp_infnan.o)
    0x08000f98   0x08000f98   0x000000e4   Code   RO         4293    .text               c_w.l(bigflt0.o)
    0x0800107c   0x0800107c   0x00000008   Code   RO         4318    .text               c_w.l(ferror.o)
    0x08001084   0x08001084   0x0000000e   Code   RO         4325    .text               c_w.l(defsig_rtmem_outer.o)
    0x08001092   0x08001092   0x00000002   Code   RO         4341    .text               c_w.l(use_no_semi.o)
    0x08001094   0x08001094   0x00000000   Code   RO         4343    .text               c_w.l(indicate_semi.o)
    0x08001094   0x08001094   0x0000004a   Code   RO         4344    .text               c_w.l(sys_stackheap_outer.o)
    0x080010de   0x080010de   0x00000012   Code   RO         4352    .text               c_w.l(exit.o)
    0x080010f0   0x080010f0   0x0000000a   Code   RO         4354    .text               c_w.l(defsig_exit.o)
    0x080010fa   0x080010fa   0x00000002   PAD
    0x080010fc   0x080010fc   0x00000050   Code   RO         4360    .text               c_w.l(defsig_rtmem_inner.o)
    0x0800114c   0x0800114c   0x00000068   Code   RO         4362    .text               c_w.l(strcmpv7m_pel.o)
    0x080011b4   0x080011b4   0x00000032   Code   RO         4382    .text               c_w.l(defsig_general.o)
    0x080011e6   0x080011e6   0x0000000e   Code   RO         4404    .text               c_w.l(sys_wrch.o)
    0x080011f4   0x080011f4   0x0000003e   Code   RO         4296    CL$$btod_d2e        c_w.l(btod.o)
    0x08001232   0x08001232   0x00000046   Code   RO         4298    CL$$btod_d2e_denorm_low  c_w.l(btod.o)
    0x08001278   0x08001278   0x00000060   Code   RO         4297    CL$$btod_d2e_norm_op1  c_w.l(btod.o)
    0x080012d8   0x080012d8   0x00000338   Code   RO         4306    CL$$btod_div_common  c_w.l(btod.o)
    0x08001610   0x08001610   0x000000dc   Code   RO         4303    CL$$btod_e2e        c_w.l(btod.o)
    0x080016ec   0x080016ec   0x0000002a   Code   RO         4300    CL$$btod_ediv       c_w.l(btod.o)
    0x08001716   0x08001716   0x0000002a   Code   RO         4299    CL$$btod_emul       c_w.l(btod.o)
    0x08001740   0x08001740   0x00000244   Code   RO         4305    CL$$btod_mult_common  c_w.l(btod.o)
    0x08001984   0x08001984   0x0000000a   Ven    RO         4440    Veneer$$Code        anon$$obj.o
    0x0800198e   0x0800198e   0x0000000a   Ven    RO         4441    Veneer$$Code        anon$$obj.o
    0x08001998   0x08001998   0x0000000a   Ven    RO         4442    Veneer$$Code        anon$$obj.o
    0x080019a2   0x080019a2   0x00000004   Code   RO          341    i.BusFault_Handler  stm32h7xx_it.o
    0x080019a6   0x080019a6   0x00000002   PAD
    0x080019a8   0x080019a8   0x0000001c   Code   RO          539    i.Cache_Enable      sys.o
    0x080019c4   0x080019c4   0x00000002   Code   RO          342    i.DebugMon_Handler  stm32h7xx_it.o
    0x080019c6   0x080019c6   0x00000002   PAD
    0x080019c8   0x080019c8   0x000000f8   Code   RO         1296    i.HAL_DMA_Abort_IT  stm32h7xx_hal_dma.o
    0x08001ac0   0x08001ac0   0x00000014   Code   RO          843    i.HAL_EnableCompensationCell  stm32h7xx_hal.o
    0x08001ad4   0x08001ad4   0x0000024c   Code   RO         1483    i.HAL_GPIO_Init     stm32h7xx_hal_gpio.o
    0x08001d20   0x08001d20   0x0000000a   Code   RO         1487    i.HAL_GPIO_WritePin  stm32h7xx_hal_gpio.o
    0x08001d2a   0x08001d2a   0x00000002   PAD
    0x08001d2c   0x08001d2c   0x0000000c   Code   RO          850    i.HAL_GetTick       stm32h7xx_hal.o
    0x08001d38   0x08001d38   0x00000018   Code   RO          853    i.HAL_IncTick       stm32h7xx_hal.o
    0x08001d50   0x08001d50   0x0000001c   Code   RO          854    i.HAL_Init          stm32h7xx_hal.o
    0x08001d6c   0x08001d6c   0x0000004c   Code   RO          855    i.HAL_InitTick      stm32h7xx_hal.o
    0x08001db8   0x08001db8   0x00000002   Code   RO          459    i.HAL_MspInit       stm32h7xx_hal_msp.o
    0x08001dba   0x08001dba   0x00000020   Code   RO         1148    i.HAL_NVIC_EnableIRQ  stm32h7xx_hal_cortex.o
    0x08001dda   0x08001dda   0x0000007a   Code   RO         1154    i.HAL_NVIC_SetPriority  stm32h7xx_hal_cortex.o
    0x08001e54   0x08001e54   0x00000028   Code   RO         1155    i.HAL_NVIC_SetPriorityGrouping  stm32h7xx_hal_cortex.o
    0x08001e7c   0x08001e7c   0x00000038   Code   RO         2178    i.HAL_RCCEx_GetD1SysClockFreq  stm32h7xx_hal_rcc_ex.o
    0x08001eb4   0x08001eb4   0x0000002c   Code   RO         2179    i.HAL_RCCEx_GetD3PCLK1Freq  stm32h7xx_hal_rcc_ex.o
    0x08001ee0   0x08001ee0   0x0000022c   Code   RO         2181    i.HAL_RCCEx_GetPLL2ClockFreq  stm32h7xx_hal_rcc_ex.o
    0x0800210c   0x0800210c   0x0000022c   Code   RO         2182    i.HAL_RCCEx_GetPLL3ClockFreq  stm32h7xx_hal_rcc_ex.o
    0x08002338   0x08002338   0x00000250   Code   RO         2069    i.HAL_RCC_ClockConfig  stm32h7xx_hal_rcc.o
    0x08002588   0x08002588   0x00000038   Code   RO         2073    i.HAL_RCC_GetHCLKFreq  stm32h7xx_hal_rcc.o
    0x080025c0   0x080025c0   0x0000002c   Code   RO         2075    i.HAL_RCC_GetPCLK1Freq  stm32h7xx_hal_rcc.o
    0x080025ec   0x080025ec   0x0000002c   Code   RO         2076    i.HAL_RCC_GetPCLK2Freq  stm32h7xx_hal_rcc.o
    0x08002618   0x08002618   0x00000244   Code   RO         2077    i.HAL_RCC_GetSysClockFreq  stm32h7xx_hal_rcc.o
    0x0800285c   0x0800285c   0x000006c4   Code   RO         2080    i.HAL_RCC_OscConfig  stm32h7xx_hal_rcc.o
    0x08002f20   0x08002f20   0x00000028   Code   RO         1157    i.HAL_SYSTICK_CLKSourceConfig  stm32h7xx_hal_cortex.o
    0x08002f48   0x08002f48   0x00000034   Code   RO         1159    i.HAL_SYSTICK_Config  stm32h7xx_hal_cortex.o
    0x08002f7c   0x08002f7c   0x00000002   Code   RO         3673    i.HAL_TIMEx_BreakCallback  stm32h7xx_hal_tim_ex.o
    0x08002f7e   0x08002f7e   0x00000002   Code   RO         3674    i.HAL_TIMEx_CommutationCallback  stm32h7xx_hal_tim_ex.o
    0x08002f80   0x08002f80   0x00000034   Code   RO         3018    i.HAL_TIM_Base_Init  stm32h7xx_hal_tim.o
    0x08002fb4   0x08002fb4   0x0000007c   Code   RO         3991    i.HAL_TIM_Base_MspInit  timer.o
    0x08003030   0x08003030   0x0000001e   Code   RO         3023    i.HAL_TIM_Base_Start_IT  stm32h7xx_hal_tim.o
    0x0800304e   0x0800304e   0x00000002   Code   RO         3047    i.HAL_TIM_IC_CaptureCallback  stm32h7xx_hal_tim.o
    0x08003050   0x08003050   0x000001b8   Code   RO         3060    i.HAL_TIM_IRQHandler  stm32h7xx_hal_tim.o
    0x08003208   0x08003208   0x00000002   Code   RO         3063    i.HAL_TIM_OC_DelayElapsedCallback  stm32h7xx_hal_tim.o
    0x0800320a   0x0800320a   0x00000002   Code   RO         3090    i.HAL_TIM_PWM_PulseFinishedCallback  stm32h7xx_hal_tim.o
    0x0800320c   0x0800320c   0x00000034   Code   RO         3992    i.HAL_TIM_PeriodElapsedCallback  timer.o
    0x08003240   0x08003240   0x00000002   Code   RO         3101    i.HAL_TIM_TriggerCallback  stm32h7xx_hal_tim.o
    0x08003242   0x08003242   0x00000002   Code   RO         2692    i.HAL_UARTEx_WakeupCallback  stm32h7xx_hal_uart_ex.o
    0x08003244   0x08003244   0x00000002   Code   RO         2356    i.HAL_UART_ErrorCallback  stm32h7xx_hal_uart.o
    0x08003246   0x08003246   0x00000014   Code   RO         2358    i.HAL_UART_GetState  stm32h7xx_hal_uart.o
    0x0800325a   0x0800325a   0x00000002   PAD
    0x0800325c   0x0800325c   0x000001bc   Code   RO         2359    i.HAL_UART_IRQHandler  stm32h7xx_hal_uart.o
    0x08003418   0x08003418   0x00000078   Code   RO         2360    i.HAL_UART_Init     stm32h7xx_hal_uart.o
    0x08003490   0x08003490   0x00000098   Code   RO          600    i.HAL_UART_MspInit  usart.o
    0x08003528   0x08003528   0x000000e0   Code   RO         2365    i.HAL_UART_Receive_IT  stm32h7xx_hal_uart.o
    0x08003608   0x08003608   0x00000088   Code   RO          601    i.HAL_UART_RxCpltCallback  usart.o
    0x08003690   0x08003690   0x00000002   Code   RO         2371    i.HAL_UART_TxCpltCallback  stm32h7xx_hal_uart.o
    0x08003692   0x08003692   0x00000004   Code   RO          343    i.HardFault_Handler  stm32h7xx_it.o
    0x08003696   0x08003696   0x00000002   PAD
    0x08003698   0x08003698   0x00000058   Code   RO         3932    i.LED_Init          led.o
    0x080036f0   0x080036f0   0x00000004   Code   RO          344    i.MemManage_Handler  stm32h7xx_it.o
    0x080036f4   0x080036f4   0x00000002   Code   RO          345    i.NMI_Handler       stm32h7xx_it.o
    0x080036f6   0x080036f6   0x00000002   Code   RO          346    i.PendSV_Handler    stm32h7xx_it.o
    0x080036f8   0x080036f8   0x0000009c   Code   RO          542    i.SCB_EnableDCache  sys.o
    0x08003794   0x08003794   0x0000007c   Code   RO          543    i.SCB_EnableICache  sys.o
    0x08003810   0x08003810   0x00000002   Code   RO          347    i.SVC_Handler       stm32h7xx_it.o
    0x08003812   0x08003812   0x00000002   PAD
    0x08003814   0x08003814   0x000000f8   Code   RO          544    i.Stm32_Clock_Init  sys.o
    0x0800390c   0x0800390c   0x00000008   Code   RO          348    i.SysTick_Handler   stm32h7xx_it.o
    0x08003914   0x08003914   0x00000094   Code   RO          422    i.SystemInit        system_stm32h7xx.o
    0x080039a8   0x080039a8   0x00000010   Code   RO         3993    i.TIM3_IRQHandler   timer.o
    0x080039b8   0x080039b8   0x0000002c   Code   RO         3994    i.TIM3_Init         timer.o
    0x080039e4   0x080039e4   0x00000010   Code   RO         3995    i.TIM4_IRQHandler   timer.o
    0x080039f4   0x080039f4   0x0000002c   Code   RO         3996    i.TIM4_Init         timer.o
    0x08003a20   0x08003a20   0x000000cc   Code   RO         3102    i.TIM_Base_SetConfig  stm32h7xx_hal_tim.o
    0x08003aec   0x08003aec   0x000000ea   Code   RO         2373    i.UART_AdvFeatureConfig  stm32h7xx_hal_uart.o
    0x08003bd6   0x08003bd6   0x00000074   Code   RO         2374    i.UART_CheckIdleState  stm32h7xx_hal_uart.o
    0x08003c4a   0x08003c4a   0x00000018   Code   RO         2375    i.UART_DMAAbortOnError  stm32h7xx_hal_uart.o
    0x08003c62   0x08003c62   0x00000020   Code   RO         2385    i.UART_EndRxTransfer  stm32h7xx_hal_uart.o
    0x08003c82   0x08003c82   0x00000020   Code   RO         2386    i.UART_EndTransmit_IT  stm32h7xx_hal_uart.o
    0x08003ca2   0x08003ca2   0x0000008a   Code   RO         2388    i.UART_Receive_IT   stm32h7xx_hal_uart.o
    0x08003d2c   0x08003d2c   0x000009a4   Code   RO         2389    i.UART_SetConfig    stm32h7xx_hal_uart.o
    0x080046d0   0x080046d0   0x00000082   Code   RO         2390    i.UART_Transmit_IT  stm32h7xx_hal_uart.o
    0x08004752   0x08004752   0x0000006c   Code   RO         2391    i.UART_WaitOnFlagUntilTimeout  stm32h7xx_hal_uart.o
    0x080047be   0x080047be   0x00000002   PAD
    0x080047c0   0x080047c0   0x00000050   Code   RO          602    i.USART1_IRQHandler  usart.o
    0x08004810   0x08004810   0x00000004   Code   RO          349    i.UsageFault_Handler  stm32h7xx_it.o
    0x08004814   0x08004814   0x00000030   Code   RO         4339    i.__ARM_fpclassify  m_wv.l(fpclassify.o)
    0x08004844   0x08004844   0x00000010   Code   RO         1161    i.__NVIC_GetPriorityGrouping  stm32h7xx_hal_cortex.o
    0x08004854   0x08004854   0x00000028   Code   RO         1162    i.__NVIC_SetPriority  stm32h7xx_hal_cortex.o
    0x0800487c   0x0800487c   0x00000004   Code   RO          603    i._sys_exit         usart.o
    0x08004880   0x08004880   0x00000014   Code   RO          499    i.delay_init        delay.o
    0x08004894   0x08004894   0x0000001c   Code   RO          604    i.fputc             usart.o
    0x080048b0   0x080048b0   0x000000bc   Code   RO            4    i.main              main.o
    0x0800496c   0x0800496c   0x00000038   Code   RO          605    i.uart_init         usart.o
    0x080049a4   0x080049a4   0x0000002c   Code   RO         4323    locale$$code        c_w.l(lc_numeric_c.o)
    0x080049d0   0x080049d0   0x0000000a   Code   RO         4334    x$fpl$fpinit        fz_wv.l(fpinit.o)
    0x080049da   0x080049da   0x00000004   Code   RO         4162    x$fpl$printf1       fz_wv.l(printf1.o)
    0x080049de   0x080049de   0x00000000   Code   RO         4338    x$fpl$usenofp       fz_wv.l(usenofp.o)
    0x080049de   0x080049de   0x00000040   Data   RO          423    .constdata          system_stm32h7xx.o
    0x08004a1e   0x08004a1e   0x00000030   Data   RO         2392    .constdata          stm32h7xx_hal_uart.o
    0x08004a4e   0x08004a4e   0x00000002   PAD
    0x08004a50   0x08004a50   0x00000094   Data   RO         4294    .constdata          c_w.l(bigflt0.o)
    0x08004ae4   0x08004ae4   0x00000030   Data   RO         4432    Region$$Table       anon$$obj.o
    0x08004b14   0x08004b14   0x0000001c   Data   RO         4322    locale$$data        c_w.l(lc_numeric_c.o)


    Execution Region RW_IRAM1 (Exec base: 0x24000000, Load base: 0x08004b30, Size: 0x000349d8, Max: 0x00080000, ABSOLUTE)

    Exec Addr    Load Addr    Size         Type   Attr      Idx    E Section Name        Object

    0x24000000   0x08004b30   0x0000000a   Ven    RO         4443    Veneer$$Code        anon$$obj.o
    0x2400000a   0x08004b3a   0x0000000a   Ven    RO         4444    Veneer$$Code        anon$$obj.o
    0x24000014   0x08004b44   0x0000000a   Ven    RO         4445    Veneer$$Code        anon$$obj.o
    0x2400001e   0x08004b4e   0x0000000a   Ven    RO         4446    Veneer$$Code        anon$$obj.o
    0x24000028   0x08004b58   0x0000000a   Ven    RO         4447    Veneer$$Code        anon$$obj.o
    0x24000032   0x08004b62   0x0000000a   Ven    RO         4448    Veneer$$Code        anon$$obj.o
    0x2400003c   0x08004b6c   0x00000090   Code   RO          666    i.CompressInit      logcompress.o
    0x240000cc   0x08004bfc   0x00000098   Code   RO          667    i.CompressRelease   logcompress.o
    0x24000164   0x08004c94   0x00000060   Code   RO          668    i.LogCompress       logcompress.o
    0x240001c4   0x08004cf4   0x000000ac   Code   RO          669    i.RealCompress      logcompress.o
    0x24000270   0x08004da0   0x00000050   Code   RO          725    i.fast_read         quicklz.o
    0x240002c0   0x08004df0   0x00000042   Code   RO          726    i.fast_write        quicklz.o
    0x24000302   0x08004e32   0x00000010   Code   RO          727    i.hash_func         quicklz.o
    0x24000312   0x08004e42   0x0000001a   Code   RO          728    i.hashat            quicklz.o
    0x2400032c   0x08004e5c   0x0000009a   Code   RO          730    i.qlz_compress      quicklz.o
    0x240003c6   0x08004ef6   0x000002ae   Code   RO          731    i.qlz_compress_core  quicklz.o
    0x24000674   0x080051a4   0x0000001a   Code   RO          738    i.reset_table_compress  quicklz.o
    0x2400068e   0x080051be   0x00000002   PAD
    0x24000690   0x080051c0   0x00000008   Data   RW          424    .data               system_stm32h7xx.o
    0x24000698   0x080051c8   0x00000004   Data   RW          503    .data               delay.o
    0x2400069c   0x080051cc   0x00000007   Data   RW          608    .data               usart.o
    0x240006a3   0x080051d3   0x00000001   PAD
    0x240006a4   0x080051d4   0x00000010   Data   RW          672    .data               logcompress.o
    0x240006b4   0x080051e4   0x00000009   Data   RW          877    .data               stm32h7xx_hal.o
    0x240006bd   0x080051ed   0x00000003   PAD
    0x240006c0   0x080051f0   0x00000008   Data   RW         3999    .data               timer.o
    0x240006c8        -       0x00000148   Zero   RW          606    .bss                usart.o
    0x24000810        -       0x00004000   Zero   RW          670    .bss                logcompress.o
    0x24004810        -       0x00000080   Zero   RW         3997    .bss                timer.o
    0x24004890        -       0x000000e4   Zero   RW         4149    .bss                c_w.l(rand.o)
    0x24004974        -       0x00000060   Zero   RW         4255    .bss                c_w.l(libspace.o)
    0x240049d4   0x080051f8   0x00000004   PAD
    0x240049d8        -       0x00020000   Zero   RW          488    HEAP                startup_stm32h743xx.o
    0x240249d8        -       0x00010000   Zero   RW          487    STACK               startup_stm32h743xx.o


==============================================================================

Image component sizes


      Code (inc. data)   RO Data    RW Data    ZI Data      Debug   Object Name

        20          4          0          4          0       1025   delay.o
        88         10          0          0          0       1107   led.o
       564         88          0         16      16384       7144   logcompress.o
       188         22          0          0          0    1215195   main.o
      1054          0          0          0          0       9035   quicklz.o
        64         26        664          0     196608        916   startup_stm32h743xx.o
       160         32          0          9          0       4803   stm32h7xx_hal.o
       342         22          0          0          0      40361   stm32h7xx_hal_cortex.o
       248         12          0          0          0       2319   stm32h7xx_hal_dma.o
       598         54          0          0          0       2848   stm32h7xx_hal_gpio.o
         2          0          0          0          0        570   stm32h7xx_hal_msp.o
      3048         86          0          0          0       6832   stm32h7xx_hal_rcc.o
      1212         70          0          0          0       4143   stm32h7xx_hal_rcc_ex.o
       734         32          0          0          0       6883   stm32h7xx_hal_tim.o
         4          0          0          0          0       2086   stm32h7xx_hal_tim_ex.o
      4094        140         48          0          0      14916   stm32h7xx_hal_uart.o
         2          0          0          0          0       1212   stm32h7xx_hal_uart_ex.o
        32          0          0          0          0       5154   stm32h7xx_it.o
       556         30          0          0          0      38033   sys.o
       148         18         64          8          0       1602   system_stm32h7xx.o
       296         60          0          8        128       5120   timer.o
       456         62          0          7        328       6437   usart.o

    ----------------------------------------------------------------------
     14016        768        826         56     213448    1377741   Object Totals
        90          0         48          0          0          0   (incl. Generated)
        16          0          2          4          0          0   (incl. Padding)

    ----------------------------------------------------------------------

      Code (inc. data)   RO Data    RW Data    ZI Data      Debug   Library Member Name

         8          0          0          0          0         68   __main.o
       184          0          0          0          0         84   __printf_ss.o
         0          0          0          0          0          0   __rtentry.o
        12          0          0          0          0          0   __rtentry2.o
         6          0          0          0          0          0   __rtentry4.o
        52          8          0          0          0          0   __scatter.o
        26          0          0          0          0          0   __scatter_copy.o
        28          0          0          0          0          0   __scatter_zi.o
        48          6          0          0          0         96   _printf_char_common.o
        36          4          0          0          0         80   _printf_char_file.o
         6          0          0          0          0          0   _printf_d.o
       120         16          0          0          0         92   _printf_dec.o
         6          0          0          0          0          0   _printf_f.o
      1054          0          0          0          0        216   _printf_fp_dec.o
       128         16          0          0          0         84   _printf_fp_infnan.o
       178          0          0          0          0         88   _printf_intcommon.o
         0          0          0          0          0          0   _printf_percent.o
         4          0          0          0          0          0   _printf_percent_end.o
       228          4        148          0          0         96   bigflt0.o
      1936        128          0          0          0        672   btod.o
        10          0          0          0          0         68   defsig_exit.o
        50          0          0          0          0         88   defsig_general.o
        80         58          0          0          0         76   defsig_rtmem_inner.o
        14          0          0          0          0         80   defsig_rtmem_outer.o
        18          0          0          0          0         80   exit.o
         8          0          0          0          0         68   ferror.o
        94          0          0          0          0         80   h1_alloc.o
        52          0          0          0          0         68   h1_extend.o
        78          0          0          0          0         80   h1_free.o
        14          0          0          0          0         84   h1_init.o
         6          0          0          0          0        152   heapauxi.o
         4          0          0          0          0        136   hguard.o
         0          0          0          0          0          0   indicate_semi.o
       138          0          0          0          0        168   init_alloc.o
        44         10         28          0          0         76   lc_numeric_c.o
         2          0          0          0          0          0   libinit.o
        34          0          0          0          0          0   libinit2.o
         2          0          0          0          0          0   libshutdown.o
         2          0          0          0          0          0   libshutdown2.o
         8          4          0          0         96         68   libspace.o
       138          0          0          0          0         80   lludiv10.o
       238          0          0          0          0        100   lludivv7m.o
         0          0          0          0          0          0   maybetermalloc1.o
        24          4          0          0          0         84   noretval__2printf.o
       112         18          0          0        228        160   rand.o
         8          4          0          0          0         68   rt_heap_descriptor_intlibspace.o
         8          4          0          0          0         68   rt_locale_intlibspace.o
        68          0          0          0          0         68   rt_memclr.o
        78          0          0          0          0         80   rt_memclr_w.o
       138          0          0          0          0         68   rt_memcpy_v6.o
       100          0          0          0          0         80   rt_memcpy_w.o
         2          0          0          0          0          0   rtexit.o
        10          0          0          0          0          0   rtexit2.o
       104          0          0          0          0         68   strcmpv7m_pel.o
        74          0          0          0          0         80   sys_stackheap_outer.o
        14          0          0          0          0         76   sys_wrch.o
         2          0          0          0          0         68   use_no_semi.o
        10          0          0          0          0        116   fpinit.o
         4          0          0          0          0        116   printf1.o
         0          0          0          0          0          0   usenofp.o
        48          0          0          0          0        124   fpclassify.o

    ----------------------------------------------------------------------
      5910        284        176          0        328       4452   Library Totals
        12          0          0          0          4          0   (incl. Padding)

    ----------------------------------------------------------------------

      Code (inc. data)   RO Data    RW Data    ZI Data      Debug   Library Name

      5836        284        176          0        324       4096   c_w.l
        14          0          0          0          0        232   fz_wv.l
        48          0          0          0          0        124   m_wv.l

    ----------------------------------------------------------------------
      5910        284        176          0        328       4452   Library Totals

    ----------------------------------------------------------------------

==============================================================================


      Code (inc. data)   RO Data    RW Data    ZI Data      Debug   

     19926       1052       1002         56     213776    1371153   Grand Totals
     19926       1052       1002         56     213776    1371153   ELF Image Totals
     19926       1052       1002         56          0          0   ROM Totals

==============================================================================

    Total RO  Size (Code + RO Data)                20928 (  20.44kB)
    Total RW  Size (RW Data + ZI Data)            213832 ( 208.82kB)
    Total ROM Size (Code + RO Data + RW Data)      20984 (  20.49kB)

==============================================================================

